Component: ARM Compiler 5.06 update 5 (build 528) Tool: armlink [4d35e2]

==============================================================================

Section Cross References

    startup_stm32f10x_hd.o(RESET) refers to startup_stm32f10x_hd.o(STACK) for __initial_sp
    startup_stm32f10x_hd.o(RESET) refers to startup_stm32f10x_hd.o(.text) for Reset_Handler
    startup_stm32f10x_hd.o(RESET) refers to stm32f10x_it.o(.text) for NMI_Handler
    startup_stm32f10x_hd.o(.text) refers to system_stm32f10x.o(.text) for SystemInit
    startup_stm32f10x_hd.o(.text) refers to entry.o(.ARM.Collect$$$$00000000) for __main
    stm32f10x_it.o(.text) refers to printf1.o(i.__0printf$1) for __2printf
    stm32f10x_it.o(.text) refers to ad7663.o(.text) for EXTI15_10_ISR
    stm32f10x_it.o(.text) refers to ad7663_app.o(.text) for TIM4_ISR
    stm32f10x_it.o(.text) refers to w5500.o(.text) for EXTI9_5_ISR
    main.o(.text) refers to user_io.o(.text) for IO_GpioConfig
    main.o(.text) refers to user_app.o(.text) for IWDG_Configuration
    main.o(.text) refers to user_usart.o(.text) for Usart_Init
    main.o(.text) refers to ad7663.o(.text) for ADC_7663_Init
    main.o(.text) refers to flash_spi.o(.text) for SPI_FLASH_Init
    main.o(.text) refers to w5500_app.o(.text) for W5500_Init_Config
    main.o(.text) refers to ad7663_app.o(.text) for InitADScreen
    main.o(.text) refers to systemerr.o(.text) for SystemErr_Init
    main.o(.text) refers to stm32f10x_iwdg.o(.text) for IWDG_ReloadCounter
    main.o(.text) refers to user_data.o(.data) for USER_SystemFlag
    user_app.o(.text) refers to stm32f10x_iwdg.o(.text) for IWDG_WriteAccessCmd
    user_app.o(.text) refers to w5500_app.o(.text) for W5500_Send_Data
    user_app.o(.text) refers to ffltui.o(.text) for __aeabi_ui2f
    user_app.o(.text) refers to memcpya.o(.text) for __aeabi_memcpy
    user_app.o(.text) refers to printf1.o(i.__0printf$1) for __2printf
    user_app.o(.text) refers to fmul.o(.text) for __aeabi_fmul
    user_app.o(.text) refers to fadd.o(.text) for __aeabi_fadd
    user_app.o(.text) refers to f2d.o(.text) for __aeabi_f2d
    user_app.o(.text) refers to dadd.o(.text) for __aeabi_dadd
    user_app.o(.text) refers to dfixui.o(.text) for __aeabi_d2uiz
    user_app.o(.text) refers to ad7663_app.o(.text) for ADShow_Adjust
    user_app.o(.text) refers to dmul.o(.text) for __aeabi_dmul
    user_app.o(.text) refers to fflti.o(.text) for __aeabi_i2f
    user_app.o(.text) refers to ffixui.o(.text) for __aeabi_f2uiz
    user_app.o(.text) refers to user_data.o(.bss) for Tx_Buffer
    user_app.o(.text) refers to user_data.o(.data) for USER_LEDFlag
    user_app.o(.text) refers to d2f.o(.text) for __aeabi_d2f
    user_app.o(.text) refers to cfcmple.o(.text) for __aeabi_cfcmple
    user_app.o(.text) refers to fdiv.o(.text) for __aeabi_fdiv
    user_app.o(.text) refers to memseta.o(.text) for __aeabi_memclr4
    user_app.o(.text) refers to ad7663.o(.text) for ADC_Convert
    user_app.o(.text) refers to flash_spi.o(.text) for SPI_FLASH_BufferRead
    cabrate_computer.o(.text) refers to f2d.o(.text) for __aeabi_f2d
    cabrate_computer.o(.text) refers to cdcmple.o(.text) for __aeabi_cdcmple
    cabrate_computer.o(.text) refers to d2f.o(.text) for __aeabi_d2f
    cabrate_computer.o(.text) refers to cfcmple.o(.text) for __aeabi_cfcmpeq
    cabrate_computer.o(.text) refers to fdiv.o(.text) for __aeabi_fdiv
    cabrate_computer.o(.text) refers to fmul.o(.text) for __aeabi_fmul
    cabrate_computer.o(.text) refers to fadd.o(.text) for __aeabi_frsub
    cabrate_computer.o(.text) refers to fflti.o(.text) for __aeabi_i2f
    cabrate_computer.o(.text) refers to cabrate_computer.o(.bss) for liy
    cabrate_computer.o(.text) refers to cdrcmple.o(.text) for __aeabi_cdrcmple
    cabrate_computer.o(.text) refers to ddiv.o(.text) for __aeabi_ddiv
    cabrate_computer.o(.text) refers to cfrcmple.o(.text) for __aeabi_cfrcmple
    cabrate_computer.o(.text) refers to cabrate_computer.o(.data) for CabItemIndex
    systemerr.o(.text) refers to flash_spi.o(.text) for SPI_FLASH_SectorErase_A
    systemerr.o(.text) refers to w5500_app.o(.text) for W5500_Send_Data
    systemerr.o(.text) refers to user_app.o(.text) for IO_GetInStatus
    systemerr.o(.text) refers to systemerr.o(.data) for un11_Err
    systemerr.o(.text) refers to user_data.o(.bss) for Tx_Buffer
    systemerr.o(.text) refers to user_data.o(.data) for USER_SystemFlag
    system_stm32f10x.o(.text) refers to system_stm32f10x.o(.data) for SystemCoreClock
    stm32f10x_adc.o(.text) refers to stm32f10x_rcc.o(.text) for RCC_APB2PeriphResetCmd
    stm32f10x_bkp.o(.text) refers to stm32f10x_rcc.o(.text) for RCC_BackupResetCmd
    stm32f10x_can.o(.text) refers to stm32f10x_rcc.o(.text) for RCC_APB1PeriphResetCmd
    stm32f10x_cec.o(.text) refers to stm32f10x_rcc.o(.text) for RCC_APB1PeriphResetCmd
    stm32f10x_dac.o(.text) refers to stm32f10x_rcc.o(.text) for RCC_APB1PeriphResetCmd
[...]
    .text                                    0x0801e7e8   Section       48  cdrcmple.o(.text)
    .text                                    0x0801e818   Section        0  d2f.o(.text)
    .text                                    0x0801e850   Section       20  cfcmple.o(.text)
    .text                                    0x0801e864   Section       20  cfrcmple.o(.text)
    .text                                    0x0801e878   Section        0  uidiv.o(.text)
    .text                                    0x0801e8a4   Section        0  llshl.o(.text)
    .text                                    0x0801e8c2   Section        0  llushr.o(.text)
    .text                                    0x0801e8e2   Section        0  llsshr.o(.text)
    .text                                    0x0801e906   Section        0  iusefp.o(.text)
    .text                                    0x0801e906   Section        0  fepilogue.o(.text)
    .text                                    0x0801e974   Section        0  depilogue.o(.text)
    .text                                    0x0801ea30   Section       36  init.o(.text)
    .text                                    0x0801ea54   Section        0  __dczerorl2.o(.text)
    i.__0printf$1                            0x0801eaac   Section        0  printf1.o(i.__0printf$1)
    i.__scatterload_copy                     0x0801eacc   Section       14  handlers.o(i.__scatterload_copy)
    i.__scatterload_null                     0x0801eada   Section        2  handlers.o(i.__scatterload_null)
    i.__scatterload_zeroinit                 0x0801eadc   Section       14  handlers.o(i.__scatterload_zeroinit)
    i._printf_core                           0x0801eaec   Section        0  printf1.o(i._printf_core)
    _printf_core                             0x0801eaed   Thumb Code   336  printf1.o(i._printf_core)
    i.free                                   0x0801ec40   Section        0  malloc.o(i.free)
    i.malloc                                 0x0801ec90   Section        0  malloc.o(i.malloc)
    .constdata                               0x0801ecfc   Section      110  hyaes_app.o(.constdata)
    .constdata                               0x0801ed6c   Section     8488  aes_core.o(.constdata)
    Te0                                      0x0801ed6c   Data        1024  aes_core.o(.constdata)
    Te1                                      0x0801f16c   Data        1024  aes_core.o(.constdata)
    Te2                                      0x0801f56c   Data        1024  aes_core.o(.constdata)
    Te3                                      0x0801f96c   Data        1024  aes_core.o(.constdata)
    Td0                                      0x0801fd6c   Data        1024  aes_core.o(.constdata)
    Td1                                      0x0802016c   Data        1024  aes_core.o(.constdata)
    Td2                                      0x0802056c   Data        1024  aes_core.o(.constdata)
    Td3                                      0x0802096c   Data        1024  aes_core.o(.constdata)
    Td4                                      0x08020d6c   Data         256  aes_core.o(.constdata)
    rcon                                     0x08020e6c   Data          40  aes_core.o(.constdata)
    .constdata                               0x08020e94   Section       65  base64.o(.constdata)
    .data                                    0x20000000   Section        1  cabrate_computer.o(.data)
    .data                                    0x20000001   Section       39  systemerr.o(.data)
    .data                                    0x20000028   Section       20  system_stm32f10x.o(.data)
    .data                                    0x2000003c   Section       20  stm32f10x_rcc.o(.data)
    APBAHBPrescTable                         0x2000003c   Data          16  stm32f10x_rcc.o(.data)
    ADCPrescTable                            0x2000004c   Data           4  stm32f10x_rcc.o(.data)
    .data                                    0x20000050   Section       11  ad7663.o(.data)
    TIM3_count1                              0x20000052   Data           2  ad7663.o(.data)
    TIM3_count2                              0x20000054   Data           2  ad7663.o(.data)
    TIM3_count3                              0x20000056   Data           2  ad7663.o(.data)
    TIM3_count4                              0x20000058   Data           2  ad7663.o(.data)
    u8Before_Status                          0x2000005a   Data           1  ad7663.o(.data)
    .data                                    0x2000005c   Section       28  ad7663_app.o(.data)
    .data                                    0x20000078   Section      289  user_data.o(.data)
    .data                                    0x20000199   Section       46  w5500.o(.data)
    .data                                    0x200001c7   Section        2  w5500_app.o(.data)
    .data                                    0x200001cc   Section       57  hyaes_app.o(.data)
    .data                                    0x20000205   Section        4  base64.o(.data)
    lpCode                                   0x20000205   Data           4  base64.o(.data)
    .data                                    0x2000020c   Section        4  stdout.o(.data)
    .data                                    0x20000210   Section        4  mvars.o(.data)
    .data                                    0x20000214   Section        4  mvars.o(.data)
    .bss                                     0x20000218   Section     1024  cabrate_computer.o(.bss)
    .bss                                     0x20000618   Section     4000  ad7663_app.o(.bss)
    .bss                                     0x200015b8   Section    20807  user_data.o(.bss)
    .bss                                     0x20006700   Section      104  w5500_app.o(.bss)
    _ADCabVariable                           0x20006700   Data         104  w5500_app.o(.bss)
    .bss                                     0x20006768   Section       64  hyaes_app.o(.bss)
    HEAP                                     0x200067a8   Section      512  startup_stm32f10x_hd.o(HEAP)
    STACK                                    0x200069a8   Section     1024  startup_stm32f10x_hd.o(STACK)

    Global Symbols

    Symbol Name                              Value     Ov Type        Size  Object(Section)

    BuildAttributes$$THM_ISAv4$P$D$K$B$S$PE$A:L22UL41UL21$X:L11$S22US41US21$IEEE1$IW$USESV6$~STKCKD$USESV7$~SHL$OTIME$ROPI$EBA8$MICROLIB$REQ8$PRES8$EABIv2 0x00000000   Number         0  anon$$obj.o ABSOLUTE
    __ARM_use_no_argv                        0x00000000   Number         0  main.o ABSOLUTE
    _printf_a                                0x00000000   Number         0  stubs.o ABSOLUTE
    _printf_c                                0x00000000   Number         0  stubs.o ABSOLUTE
    _printf_charcount                        0x00000000   Number         0  stubs.o ABSOLUTE
    _printf_d                                0x00000000   Number         0  stubs.o ABSOLUTE
    _printf_e                                0x00000000   Number         0  stubs.o ABSOLUTE
    _printf_f                                0x00000000   Number         0  stubs.o ABSOLUTE
    _printf_flags                            0x00000000   Number         0  stubs.o ABSOLUTE
    _printf_fp_dec                           0x00000000   Number         0  stubs.o ABSOLUTE
    _printf_fp_hex                           0x00000000   Number         0  stubs.o ABSOLUTE
    _printf_g                                0x00000000   Number         0  stubs.o ABSOLUTE
    _printf_i                                0x00000000   Number         0  stubs.o ABSOLUTE
    _printf_int_dec                          0x00000000   Number         0  stubs.o ABSOLUTE
    _printf_l                                0x00000000   Number         0  stubs.o ABSOLUTE
    _printf_lc                               0x00000000   Number         0  stubs.o ABSOLUTE
    _printf_ll                               0x00000000   Number         0  stubs.o ABSOLUTE
    _printf_lld                              0x00000000   Number         0  stubs.o ABSOLUTE
    _printf_lli                              0x00000000   Number         0  stubs.o ABSOLUTE
    _printf_llo                              0x00000000   Number         0  stubs.o ABSOLUTE
    _printf_llu                              0x00000000   Number         0  stubs.o ABSOLUTE
    _printf_llx                              0x00000000   Number         0  stubs.o ABSOLUTE
    _printf_longlong_dec                     0x00000000   Number         0  stubs.o ABSOLUTE
    _printf_longlong_hex                     0x00000000   Number         0  stubs.o ABSOLUTE
    _printf_longlong_oct                     0x00000000   Number         0  stubs.o ABSOLUTE
    _printf_ls                               0x00000000   Number         0  stubs.o ABSOLUTE
    _printf_mbtowc                           0x00000000   Number         0  stubs.o ABSOLUTE
    _printf_n                                0x00000000   Number         0  stubs.o ABSOLUTE
    _printf_o                                0x00000000   Number         0  stubs.o ABSOLUTE
    _printf_p                                0x00000000   Number         0  stubs.o ABSOLUTE
    _printf_percent                          0x00000000   Number         0  stubs.o ABSOLUTE
    _printf_pre_padding                      0x00000000   Number         0  stubs.o ABSOLUTE
    _printf_return_value                     0x00000000   Number         0  stubs.o ABSOLUTE
    _printf_s                                0x00000000   Number         0  stubs.o ABSOLUTE
    _printf_sizespec                         0x00000000   Number         0  stubs.o ABSOLUTE
    _printf_str                              0x00000000   Number         0  stubs.o ABSOLUTE
    _printf_truncate_signed                  0x00000000   Number         0  stubs.o ABSOLUTE
    _printf_truncate_unsigned                0x00000000   Number         0  stubs.o ABSOLUTE
    _printf_u                                0x00000000   Number         0  stubs.o ABSOLUTE
    _printf_wc                               0x00000000   Number         0  stubs.o ABSOLUTE
    _printf_wctomb                           0x00000000   Number         0  stubs.o ABSOLUTE
    _printf_widthprec                        0x00000000   Number         0  stubs.o ABSOLUTE
    _printf_x                                0x00000000   Number         0  stubs.o ABSOLUTE
    __cpp_initialize__aeabi_                  - Undefined Weak Reference
    __cxa_finalize                            - Undefined Weak Reference
    _clock_init                               - Undefined Weak Reference
    _microlib_exit                            - Undefined Weak Reference
    __Vectors_Size                           0x00000130   Number         0  startup_stm32f10x_hd.o ABSOLUTE
    __Vectors                                0x08010000   Data           4  startup_stm32f10x_hd.o(RESET)
    __Vectors_End                            0x08010130   Data           0  startup_stm32f10x_hd.o(RESET)
    __main                                   0x08010131   Thumb Code     0  entry.o(.ARM.Collect$$$$00000000)
    _main_stk                                0x08010131   Thumb Code     0  entry2.o(.ARM.Collect$$$$00000001)
    _main_scatterload                        0x08010135   Thumb Code     0  entry5.o(.ARM.Collect$$$$00000004)
    __main_after_scatterload                 0x08010139   Thumb Code     0  entry5.o(.ARM.Collect$$$$00000004)
    _main_clock                              0x08010139   Thumb Code     0  entry7b.o(.ARM.Collect$$$$00000008)
    _main_cpp_init                           0x08010139   Thumb Code     0  entry8b.o(.ARM.Collect$$$$0000000A)
    _main_init                               0x08010139   Thumb Code     0  entry9a.o(.ARM.Collect$$$$0000000B)
    __rt_final_cpp                           0x08010141   Thumb Code     0  entry10a.o(.ARM.Collect$$$$0000000D)
    __rt_final_exit                          0x08010141   Thumb Code     0  entry11a.o(.ARM.Collect$$$$0000000F)
    Reset_Handler                            0x08010145   Thumb Code     8  startup_stm32f10x_hd.o(.text)
    ADC1_2_IRQHandler                        0x0801015f   Thumb Code     0  startup_stm32f10x_hd.o(.text)
    ADC3_IRQHandler                          0x0801015f   Thumb Code     0  startup_stm32f10x_hd.o(.text)
    CAN1_RX1_IRQHandler                      0x0801015f   Thumb Code     0  startup_stm32f10x_hd.o(.text)
    CAN1_SCE_IRQHandler                      0x0801015f   Thumb Code     0  startup_stm32f10x_hd.o(.text)
    DMA1_Channel1_IRQHandler                 0x0801015f   Thumb Code     0  startup_stm32f10x_hd.o(.text)
    DMA1_Channel2_IRQHandler                 0x0801015f   Thumb Code     0  startup_stm32f10x_hd.o(.text)
    DMA1_Channel3_IRQHandler                 0x0801015f   Thumb Code     0  startup_stm32f10x_hd.o(.text)
    DMA1_Channel4_IRQHandler                 0x0801015f   Thumb Code     0  startup_stm32f10x_hd.o(.text)
    DMA1_Channel5_IRQHandler                 0x0801015f   Thumb Code     0  startup_stm32f10x_hd.o(.text)
    DMA1_Channel6_IRQHandler                 0x0801015f   Thumb Code     0  startup_stm32f10x_hd.o(.text)
    DMA1_Channel7_IRQHandler                 0x0801015f   Thumb Code     0  startup_stm32f10x_hd.o(.text)
    DMA2_Channel1_IRQHandler                 0x0801015f   Thumb Code     0  startup_stm32f10x_hd.o(.text)
    DMA2_Channel2_IRQHandler                 0x0801015f   Thumb Code     0  startup_stm32f10x_hd.o(.text)
    DMA2_Channel3_IRQHandler                 0x0801015f   Thumb Code     0  startup_stm32f10x_hd.o(.text)
    DMA2_Channel4_5_IRQHandler               0x0801015f   Thumb Code     0  startup_stm32f10x_hd.o(.text)
    EXTI0_IRQHandler                         0x0801015f   Thumb Code     0  startup_stm32f10x_hd.o(.text)
    EXTI1_IRQHandler                         0x0801015f   Thumb Code     0  startup_stm32f10x_hd.o(.text)
    EXTI2_IRQHandler                         0x0801015f   Thumb Code     0  startup_stm32f10x_hd.o(.text)
    EXTI3_IRQHandler                         0x0801015f   Thumb Code     0  startup_stm32f10x_hd.o(.text)
    EXTI4_IRQHandler                         0x0801015f   Thumb Code     0  startup_stm32f10x_hd.o(.text)
    FLASH_IRQHandler                         0x0801015f   Thumb Code     0  startup_stm32f10x_hd.o(.text)
    FSMC_IRQHandler                          0x0801015f   Thumb Code     0  startup_stm32f10x_hd.o(.text)
    I2C1_ER_IRQHandler                       0x0801015f   Thumb Code     0  startup_stm32f10x_hd.o(.text)
    I2C1_EV_IRQHandler                       0x0801015f   Thumb Code     0  startup_stm32f10x_hd.o(.text)
    I2C2_ER_IRQHandler                       0x0801015f   Thumb Code     0  startup_stm32f10x_hd.o(.text)
    I2C2_EV_IRQHandler                       0x0801015f   Thumb Code     0  startup_stm32f10x_hd.o(.text)
    PVD_IRQHandler                           0x0801015f   Thumb Code     0  startup_stm32f10x_hd.o(.text)
    RCC_IRQHandler                           0x0801015f   Thumb Code     0  startup_stm32f10x_hd.o(.text)
    RTCAlarm_IRQHandler                      0x0801015f   Thumb Code     0  startup_stm32f10x_hd.o(.text)
    RTC_IRQHandler                           0x0801015f   Thumb Code     0  startup_stm32f10x_hd.o(.text)
    SDIO_IRQHandler                          0x0801015f   Thumb Code     0  startup_stm32f10x_hd.o(.text)
    SPI1_IRQHandler                          0x0801015f   Thumb Code     0  startup_stm32f10x_hd.o(.text)
    SPI2_IRQHandler                          0x0801015f   Thumb Code     0  startup_stm32f10x_hd.o(.text)
    SPI3_IRQHandler                          0x0801015f   Thumb Code     0  startup_stm32f10x_hd.o(.text)
    TAMPER_IRQHandler                        0x0801015f   Thumb Code     0  startup_stm32f10x_hd.o(.text)
    TIM1_BRK_IRQHandler                      0x0801015f   Thumb Code     0  startup_stm32f10x_hd.o(.text)
    TIM1_CC_IRQHandler                       0x0801015f   Thumb Code     0  startup_stm32f10x_hd.o(.text)
    TIM1_TRG_COM_IRQHandler                  0x0801015f   Thumb Code     0  startup_stm32f10x_hd.o(.text)
    TIM1_UP_IRQHandler                       0x0801015f   Thumb Code     0  startup_stm32f10x_hd.o(.text)
    TIM5_IRQHandler                          0x0801015f   Thumb Code     0  startup_stm32f10x_hd.o(.text)
    TIM6_IRQHandler                          0x0801015f   Thumb Code     0  startup_stm32f10x_hd.o(.text)
    TIM7_IRQHandler                          0x0801015f   Thumb Code     0  startup_stm32f10x_hd.o(.text)
    TIM8_BRK_IRQHandler                      0x0801015f   Thumb Code     0  startup_stm32f10x_hd.o(.text)
    TIM8_CC_IRQHandler                       0x0801015f   Thumb Code     0  startup_stm32f10x_hd.o(.text)
    TIM8_TRG_COM_IRQHandler                  0x0801015f   Thumb Code     0  startup_stm32f10x_hd.o(.text)
    TIM8_UP_IRQHandler                       0x0801015f   Thumb Code     0  startup_stm32f10x_hd.o(.text)
    UART4_IRQHandler                         0x0801015f   Thumb Code     0  startup_stm32f10x_hd.o(.text)
    UART5_IRQHandler                         0x0801015f   Thumb Code     0  startup_stm32f10x_hd.o(.text)
    USART1_IRQHandler                        0x0801015f   Thumb Code     0  startup_stm32f10x_hd.o(.text)
    USART2_IRQHandler                        0x0801015f   Thumb Code     0  startup_stm32f10x_hd.o(.text)
    USART3_IRQHandler                        0x0801015f   Thumb Code     0  startup_stm32f10x_hd.o(.text)
    USBWakeUp_IRQHandler                     0x0801015f   Thumb Code     0  startup_stm32f10x_hd.o(.text)
    USB_HP_CAN1_TX_IRQHandler                0x0801015f   Thumb Code     0  startup_stm32f10x_hd.o(.text)
    USB_LP_CAN1_RX0_IRQHandler               0x0801015f   Thumb Code     0  startup_stm32f10x_hd.o(.text)
    WWDG_IRQHandler                          0x0801015f   Thumb Code     0  startup_stm32f10x_hd.o(.text)
    NMI_Handler                              0x08010169   Thumb Code     2  stm32f10x_it.o(.text)
    HardFault_Handler                        0x0801016b   Thumb Code    10  stm32f10x_it.o(.text)
    MemManage_Handler                        0x08010175   Thumb Code    10  stm32f10x_it.o(.text)
    BusFault_Handler                         0x0801017f   Thumb Code     4  stm32f10x_it.o(.text)
    UsageFault_Handler                       0x08010183   Thumb Code    10  stm32f10x_it.o(.text)
    SVC_Handler                              0x0801018d   Thumb Code     2  stm32f10x_it.o(.text)
    DebugMon_Handler                         0x0801018f   Thumb Code     2  stm32f10x_it.o(.text)
    PendSV_Handler                           0x08010191   Thumb Code     2  stm32f10x_it.o(.text)
    SysTick_Handler                          0x08010193   Thumb Code     2  stm32f10x_it.o(.text)
    EXTI15_10_IRQHandler                     0x08010195   Thumb Code     8  stm32f10x_it.o(.text)
    TIM2_IRQHandler                          0x0801019d   Thumb Code     8  stm32f10x_it.o(.text)
    TIM3_IRQHandler                          0x080101a5   Thumb Code     8  stm32f10x_it.o(.text)
    TIM4_IRQHandler                          0x080101ad   Thumb Code     8  stm32f10x_it.o(.text)
    EXTI9_5_IRQHandler                       0x080101b5   Thumb Code     8  stm32f10x_it.o(.text)
    main                                     0x0801021d   Thumb Code   278  main.o(.text)
    IWDG_Configuration                       0x08010359   Thumb Code    34  user_app.o(.text)
    FunW5500_SendLED                         0x0801037b   Thumb Code    80  user_app.o(.text)
    Fun_VoltageConvertValue                  0x080103cb   Thumb Code   492  user_app.o(.text)
    Fun_Adjust                               0x080105b7   Thumb Code   770  user_app.o(.text)
    Fun_Zero                                 0x080108b9   Thumb Code   356  user_app.o(.text)
    FunW5500_SendDW                          0x08010a1d   Thumb Code  1206  user_app.o(.text)
    Fun_DealWeight                           0x08010ed3   Thumb Code   110  user_app.o(.text)
    IO_GetInStatus                           0x08010f41   Thumb Code   142  user_app.o(.text)
    Fun_StaticWeightTest                     0x08010fcf   Thumb Code  1576  user_app.o(.text)
    DataRank                                 0x080115f7   Thumb Code    68  user_app.o(.text)
    Fun_DynamicWeightTest                    0x0801163b   Thumb Code  1586  user_app.o(.text)
    Fun_MotorWeightTest                      0x08011c6d   Thumb Code  1124  user_app.o(.text)
    Fun_GetParameter                         0x080120d1   Thumb Code  1846  user_app.o(.text)
    Get_Parameter                            0x08012807   Thumb Code   394  user_app.o(.text)
    Fun_SignalTest                           0x08012991   Thumb Code   628  user_app.o(.text)
    FunW5500_SendGW                          0x08012c05   Thumb Code   442  user_app.o(.text)
    Fun_Stable                               0x08012dbf   Thumb Code   482  user_app.o(.text)
    Deal_Data                                0x08012fa1   Thumb Code   126  user_app.o(.text)
    FunW5500_TestC                           0x0801301f   Thumb Code   308  user_app.o(.text)
    Fun_DealParameter                        0x08013153   Thumb Code   542  user_app.o(.text)
    W5500_ParameterReset                     0x08013371   Thumb Code   116  user_app.o(.text)
    Fun_ReadData                             0x080133e5   Thumb Code    74  user_app.o(.text)
    Cabrate_Computer                         0x08013ac1   Thumb Code   216  cabrate_computer.o(.text)
    SystemPass_Init                          0x08013bad   Thumb Code     2  systemerr.o(.text)
    SystemErr_Init                           0x08013baf   Thumb Code   146  systemerr.o(.text)
    SystemErr_W5500Send                      0x08013c41   Thumb Code   350  systemerr.o(.text)
    SystemErr_Test                           0x08013d9f   Thumb Code    62  systemerr.o(.text)
    SystemInit                               0x08013ee7   Thumb Code    78  system_stm32f10x.o(.text)
    SystemCoreClockUpdate                    0x08013f35   Thumb Code   142  system_stm32f10x.o(.text)
    NVIC_PriorityGroupConfig                 0x08013fe9   Thumb Code    10  misc.o(.text)
    NVIC_Init                                0x08013ff3   Thumb Code   100  misc.o(.text)
    NVIC_SetVectorTable                      0x08014057   Thumb Code    14  misc.o(.text)
    NVIC_SystemLPConfig                      0x08014065   Thumb Code    34  misc.o(.text)
    SysTick_CLKSourceConfig                  0x08014087   Thumb Code    40  misc.o(.text)
    EXTI_DeInit                              0x080140c5   Thumb Code    28  stm32f10x_exti.o(.text)
    EXTI_Init                                0x080140e1   Thumb Code   142  stm32f10x_exti.o(.text)
    EXTI_StructInit                          0x0801416f   Thumb Code    16  stm32f10x_exti.o(.text)
    EXTI_GenerateSWInterrupt                 0x0801417f   Thumb Code    16  stm32f10x_exti.o(.text)
    EXTI_GetFlagStatus                       0x0801418f   Thumb Code    22  stm32f10x_exti.o(.text)
    EXTI_ClearFlag                           0x080141a5   Thumb Code     8  stm32f10x_exti.o(.text)
    EXTI_GetITStatus                         0x080141ad   Thumb Code    34  stm32f10x_exti.o(.text)
    EXTI_ClearITPendingBit                   0x080141cf   Thumb Code     8  stm32f10x_exti.o(.text)
    FLASH_SetLatency                         0x080141e1   Thumb Code    18  stm32f10x_flash.o(.text)
    FLASH_HalfCycleAccessCmd                 0x080141f3   Thumb Code    22  stm32f10x_flash.o(.text)
    FLASH_PrefetchBufferCmd                  0x08014209   Thumb Code    22  stm32f10x_flash.o(.text)
    FLASH_Unlock                             0x0801421f   Thumb Code    12  stm32f10x_flash.o(.text)
    FLASH_UnlockBank1                        0x0801422b   Thumb Code    12  stm32f10x_flash.o(.text)
    FLASH_Lock                               0x08014237   Thumb Code    14  stm32f10x_flash.o(.text)
    FLASH_LockBank1                          0x08014245   Thumb Code    14  stm32f10x_flash.o(.text)
    FLASH_GetBank1Status                     0x08014253   Thumb Code    48  stm32f10x_flash.o(.text)
    FLASH_WaitForLastOperation               0x08014283   Thumb Code    38  stm32f10x_flash.o(.text)
    FLASH_ErasePage                          0x080142a9   Thumb Code    72  stm32f10x_flash.o(.text)
    FLASH_EraseAllPages                      0x080142f1   Thumb Code    68  stm32f10x_flash.o(.text)
    FLASH_WaitForLastBank1Operation          0x08014335   Thumb Code    38  stm32f10x_flash.o(.text)
    FLASH_EraseAllBank1Pages                 0x0801435b   Thumb Code    68  stm32f10x_flash.o(.text)
    FLASH_GetReadOutProtectionStatus         0x0801439f   Thumb Code    20  stm32f10x_flash.o(.text)
    FLASH_EraseOptionBytes                   0x080143b3   Thumb Code   150  stm32f10x_flash.o(.text)
    FLASH_ProgramWord                        0x08014449   Thumb Code   102  stm32f10x_flash.o(.text)
    FLASH_ProgramHalfWord                    0x080144af   Thumb Code    60  stm32f10x_flash.o(.text)
    FLASH_ProgramOptionByteData              0x080144eb   Thumb Code    72  stm32f10x_flash.o(.text)
    FLASH_EnableWriteProtection              0x08014533   Thumb Code   200  stm32f10x_flash.o(.text)
    FLASH_ReadOutProtection                  0x080145fb   Thumb Code   156  stm32f10x_flash.o(.text)
    FLASH_UserOptionByteConfig               0x08014697   Thumb Code    88  stm32f10x_flash.o(.text)
    FLASH_GetUserOptionByte                  0x080146ef   Thumb Code     8  stm32f10x_flash.o(.text)
    FLASH_GetWriteProtectionOptionByte       0x080146f7   Thumb Code     6  stm32f10x_flash.o(.text)
    FLASH_GetPrefetchBufferStatus            0x080146fd   Thumb Code    20  stm32f10x_flash.o(.text)
    FLASH_ITConfig                           0x08014711   Thumb Code    26  stm32f10x_flash.o(.text)
    FLASH_GetFlagStatus                      0x0801472b   Thumb Code    42  stm32f10x_flash.o(.text)
    FLASH_ClearFlag                          0x08014755   Thumb Code     6  stm32f10x_flash.o(.text)
    FLASH_GetStatus                          0x0801475b   Thumb Code    48  stm32f10x_flash.o(.text)
    GPIO_DeInit                              0x0801479d   Thumb Code   172  stm32f10x_gpio.o(.text)
    GPIO_AFIODeInit                          0x08014849   Thumb Code    20  stm32f10x_gpio.o(.text)
    GPIO_Init                                0x0801485d   Thumb Code   278  stm32f10x_gpio.o(.text)
    GPIO_StructInit                          0x08014973   Thumb Code    16  stm32f10x_gpio.o(.text)
    GPIO_ReadInputDataBit                    0x08014983   Thumb Code    18  stm32f10x_gpio.o(.text)
    GPIO_ReadInputData                       0x08014995   Thumb Code     8  stm32f10x_gpio.o(.text)
    GPIO_ReadOutputDataBit                   0x0801499d   Thumb Code    18  stm32f10x_gpio.o(.text)
    GPIO_ReadOutputData                      0x080149af   Thumb Code     8  stm32f10x_gpio.o(.text)
    GPIO_SetBits                             0x080149b7   Thumb Code     4  stm32f10x_gpio.o(.text)
    GPIO_ResetBits                           0x080149bb   Thumb Code     4  stm32f10x_gpio.o(.text)
    GPIO_WriteBit                            0x080149bf   Thumb Code    10  stm32f10x_gpio.o(.text)
    GPIO_Write                               0x080149c9   Thumb Code     4  stm32f10x_gpio.o(.text)
    GPIO_PinLockConfig                       0x080149cd   Thumb Code    18  stm32f10x_gpio.o(.text)
    GPIO_EventOutputConfig                   0x080149df   Thumb Code    26  stm32f10x_gpio.o(.text)
    GPIO_EventOutputCmd                      0x080149f9   Thumb Code     6  stm32f10x_gpio.o(.text)
    GPIO_PinRemapConfig                      0x080149ff   Thumb Code   138  stm32f10x_gpio.o(.text)
    GPIO_EXTILineConfig                      0x08014a89   Thumb Code    66  stm32f10x_gpio.o(.text)
    GPIO_ETH_MediaInterfaceConfig            0x08014acb   Thumb Code     8  stm32f10x_gpio.o(.text)
    IWDG_WriteAccessCmd                      0x08014af9   Thumb Code     6  stm32f10x_iwdg.o(.text)
    IWDG_SetPrescaler                        0x08014aff   Thumb Code     6  stm32f10x_iwdg.o(.text)
    IWDG_SetReload                           0x08014b05   Thumb Code     6  stm32f10x_iwdg.o(.text)
    IWDG_ReloadCounter                       0x08014b0b   Thumb Code    10  stm32f10x_iwdg.o(.text)
    IWDG_Enable                              0x08014b15   Thumb Code    10  stm32f10x_iwdg.o(.text)
    IWDG_GetFlagStatus                       0x08014b1f   Thumb Code    20  stm32f10x_iwdg.o(.text)
    RCC_DeInit                               0x08014b39   Thumb Code    64  stm32f10x_rcc.o(.text)
    RCC_HSEConfig                            0x08014b79   Thumb Code    70  stm32f10x_rcc.o(.text)
    RCC_GetFlagStatus                        0x08014bbf   Thumb Code    56  stm32f10x_rcc.o(.text)
    RCC_WaitForHSEStartUp                    0x08014bf7   Thumb Code    56  stm32f10x_rcc.o(.text)
    RCC_AdjustHSICalibrationValue            0x08014c2f   Thumb Code    20  stm32f10x_rcc.o(.text)
    RCC_HSICmd                               0x08014c43   Thumb Code     6  stm32f10x_rcc.o(.text)
    RCC_PLLConfig                            0x08014c49   Thumb Code    24  stm32f10x_rcc.o(.text)
    RCC_PLLCmd                               0x08014c61   Thumb Code     6  stm32f10x_rcc.o(.text)
    RCC_SYSCLKConfig                         0x08014c67   Thumb Code    18  stm32f10x_rcc.o(.text)
    RCC_GetSYSCLKSource                      0x08014c79   Thumb Code    10  stm32f10x_rcc.o(.text)
    RCC_HCLKConfig                           0x08014c83   Thumb Code    18  stm32f10x_rcc.o(.text)
    RCC_PCLK1Config                          0x08014c95   Thumb Code    18  stm32f10x_rcc.o(.text)
    RCC_PCLK2Config                          0x08014ca7   Thumb Code    20  stm32f10x_rcc.o(.text)
    RCC_ITConfig                             0x08014cbb   Thumb Code    26  stm32f10x_rcc.o(.text)
    RCC_USBCLKConfig                         0x08014cd5   Thumb Code     8  stm32f10x_rcc.o(.text)
    RCC_ADCCLKConfig                         0x08014cdd   Thumb Code    18  stm32f10x_rcc.o(.text)
    RCC_LSEConfig                            0x08014cef   Thumb Code    50  stm32f10x_rcc.o(.text)
    RCC_LSICmd                               0x08014d21   Thumb Code     6  stm32f10x_rcc.o(.text)
    RCC_RTCCLKConfig                         0x08014d27   Thumb Code    12  stm32f10x_rcc.o(.text)
    RCC_RTCCLKCmd                            0x08014d33   Thumb Code     8  stm32f10x_rcc.o(.text)
    RCC_GetClocksFreq                        0x08014d3b   Thumb Code   192  stm32f10x_rcc.o(.text)
    RCC_AHBPeriphClockCmd                    0x08014dfb   Thumb Code    26  stm32f10x_rcc.o(.text)
    RCC_APB2PeriphClockCmd                   0x08014e15   Thumb Code    26  stm32f10x_rcc.o(.text)
    RCC_APB1PeriphClockCmd                   0x08014e2f   Thumb Code    26  stm32f10x_rcc.o(.text)
    RCC_APB2PeriphResetCmd                   0x08014e49   Thumb Code    26  stm32f10x_rcc.o(.text)
    RCC_APB1PeriphResetCmd                   0x08014e63   Thumb Code    26  stm32f10x_rcc.o(.text)
    RCC_BackupResetCmd                       0x08014e7d   Thumb Code     8  stm32f10x_rcc.o(.text)
    RCC_ClockSecuritySystemCmd               0x08014e85   Thumb Code     6  stm32f10x_rcc.o(.text)
    RCC_MCOConfig                            0x08014e8b   Thumb Code     6  stm32f10x_rcc.o(.text)
    RCC_ClearFlag                            0x08014e91   Thumb Code    14  stm32f10x_rcc.o(.text)
    RCC_GetITStatus                          0x08014e9f   Thumb Code    20  stm32f10x_rcc.o(.text)
    RCC_ClearITPendingBit                    0x08014eb3   Thumb Code     6  stm32f10x_rcc.o(.text)
    SPI_I2S_DeInit                           0x08014edd   Thumb Code    76  stm32f10x_spi.o(.text)
    SPI_Init                                 0x08014f29   Thumb Code    60  stm32f10x_spi.o(.text)
    I2S_Init                                 0x08014f65   Thumb Code   226  stm32f10x_spi.o(.text)
    SPI_StructInit                           0x08015047   Thumb Code    24  stm32f10x_spi.o(.text)
    I2S_StructInit                           0x0801505f   Thumb Code    20  stm32f10x_spi.o(.text)
    SPI_Cmd                                  0x08015073   Thumb Code    24  stm32f10x_spi.o(.text)
    I2S_Cmd                                  0x0801508b   Thumb Code    24  stm32f10x_spi.o(.text)
    SPI_I2S_ITConfig                         0x080150a3   Thumb Code    32  stm32f10x_spi.o(.text)
    SPI_I2S_DMACmd                           0x080150c3   Thumb Code    18  stm32f10x_spi.o(.text)
    SPI_I2S_SendData                         0x080150d5   Thumb Code     4  stm32f10x_spi.o(.text)
    SPI_I2S_ReceiveData                      0x080150d9   Thumb Code     6  stm32f10x_spi.o(.text)
    SPI_NSSInternalSoftwareConfig            0x080150df   Thumb Code    30  stm32f10x_spi.o(.text)
    SPI_SSOutputCmd                          0x080150fd   Thumb Code    24  stm32f10x_spi.o(.text)
    SPI_DataSizeConfig                       0x08015115   Thumb Code    18  stm32f10x_spi.o(.text)
    SPI_TransmitCRC                          0x08015127   Thumb Code    10  stm32f10x_spi.o(.text)
    SPI_CalculateCRC                         0x08015131   Thumb Code    24  stm32f10x_spi.o(.text)
    SPI_GetCRC                               0x08015149   Thumb Code    16  stm32f10x_spi.o(.text)
    SPI_GetCRCPolynomial                     0x08015159   Thumb Code     6  stm32f10x_spi.o(.text)
    SPI_BiDirectionalLineConfig              0x0801515f   Thumb Code    28  stm32f10x_spi.o(.text)
    SPI_I2S_GetFlagStatus                    0x0801517b   Thumb Code    18  stm32f10x_spi.o(.text)
    SPI_I2S_ClearFlag                        0x0801518d   Thumb Code     6  stm32f10x_spi.o(.text)
    SPI_I2S_GetITStatus                      0x08015193   Thumb Code    52  stm32f10x_spi.o(.text)
    SPI_I2S_ClearITPendingBit                0x080151c7   Thumb Code    20  stm32f10x_spi.o(.text)
    TIM_DeInit                               0x080151e9   Thumb Code   424  stm32f10x_tim.o(.text)
    TIM_TimeBaseInit                         0x08015391   Thumb Code   122  stm32f10x_tim.o(.text)
    TIM_OC1Init                              0x0801540b   Thumb Code   132  stm32f10x_tim.o(.text)
    TIM_OC2Init                              0x0801548f   Thumb Code   154  stm32f10x_tim.o(.text)
    TIM_OC3Init                              0x08015529   Thumb Code   150  stm32f10x_tim.o(.text)
    TIM_OC4Init                              0x080155bf   Thumb Code   182  stm32f10x_tim.o(.text)
    TIM_SetIC4Prescaler                      0x08015675   Thumb Code    26  stm32f10x_tim.o(.text)
    TIM_SetIC3Prescaler                      0x08015711   Thumb Code    18  stm32f10x_tim.o(.text)
    TIM_SetIC2Prescaler                      0x0801579d   Thumb Code    26  stm32f10x_tim.o(.text)
    TIM_SetIC1Prescaler                      0x08015839   Thumb Code    18  stm32f10x_tim.o(.text)
    TIM_ICInit                               0x080158b7   Thumb Code   150  stm32f10x_tim.o(.text)
    TIM_PWMIConfig                           0x0801594d   Thumb Code   124  stm32f10x_tim.o(.text)
    TIM_BDTRConfig                           0x080159c9   Thumb Code    32  stm32f10x_tim.o(.text)
    TIM_TimeBaseStructInit                   0x080159e9   Thumb Code    18  stm32f10x_tim.o(.text)
    TIM_OCStructInit                         0x080159fb   Thumb Code    20  stm32f10x_tim.o(.text)
    TIM_ICStructInit                         0x08015a0f   Thumb Code    18  stm32f10x_tim.o(.text)
    TIM_BDTRStructInit                       0x08015a21   Thumb Code    40  stm32f10x_tim.o(.text)
    TIM_Cmd                                  0x08015a49   Thumb Code    24  stm32f10x_tim.o(.text)
    TIM_CtrlPWMOutputs                       0x08015a61   Thumb Code    30  stm32f10x_tim.o(.text)
    TIM_ITConfig                             0x08015a7f   Thumb Code    18  stm32f10x_tim.o(.text)
    TIM_GenerateEvent                        0x08015a91   Thumb Code     4  stm32f10x_tim.o(.text)
    TIM_DMAConfig                            0x08015a95   Thumb Code    10  stm32f10x_tim.o(.text)
    TIM_DMACmd                               0x08015a9f   Thumb Code    18  stm32f10x_tim.o(.text)
    TIM_InternalClockConfig                  0x08015ab1   Thumb Code    12  stm32f10x_tim.o(.text)
    TIM_SelectInputTrigger                   0x08015abd   Thumb Code    18  stm32f10x_tim.o(.text)
    TIM_ITRxExternalClockConfig              0x08015acf   Thumb Code    24  stm32f10x_tim.o(.text)
    TIM_TIxExternalClockConfig               0x08015ae7   Thumb Code    62  stm32f10x_tim.o(.text)
    TIM_ETRConfig                            0x08015b25   Thumb Code    28  stm32f10x_tim.o(.text)
    TIM_ETRClockMode1Config                  0x08015b41   Thumb Code    54  stm32f10x_tim.o(.text)
    TIM_ETRClockMode2Config                  0x08015b77   Thumb Code    32  stm32f10x_tim.o(.text)
    TIM_PrescalerConfig                      0x08015b97   Thumb Code     6  stm32f10x_tim.o(.text)
    TIM_CounterModeConfig                    0x08015b9d   Thumb Code    18  stm32f10x_tim.o(.text)
    TIM_EncoderInterfaceConfig               0x08015baf   Thumb Code    66  stm32f10x_tim.o(.text)
    TIM_ForcedOC1Config                      0x08015bf1   Thumb Code    18  stm32f10x_tim.o(.text)
    TIM_ForcedOC2Config                      0x08015c03   Thumb Code    26  stm32f10x_tim.o(.text)
    TIM_ForcedOC3Config                      0x08015c1d   Thumb Code    18  stm32f10x_tim.o(.text)
    TIM_ForcedOC4Config                      0x08015c2f   Thumb Code    26  stm32f10x_tim.o(.text)
    TIM_ARRPreloadConfig                     0x08015c49   Thumb Code    24  stm32f10x_tim.o(.text)
    TIM_SelectCOM                            0x08015c61   Thumb Code    24  stm32f10x_tim.o(.text)
    TIM_SelectCCDMA                          0x08015c79   Thumb Code    24  stm32f10x_tim.o(.text)
    TIM_CCPreloadControl                     0x08015c91   Thumb Code    24  stm32f10x_tim.o(.text)
    TIM_OC1PreloadConfig                     0x08015ca9   Thumb Code    18  stm32f10x_tim.o(.text)
    TIM_OC2PreloadConfig                     0x08015cbb   Thumb Code    26  stm32f10x_tim.o(.text)
    TIM_OC3PreloadConfig                     0x08015cd5   Thumb Code    18  stm32f10x_tim.o(.text)
    TIM_OC4PreloadConfig                     0x08015ce7   Thumb Code    26  stm32f10x_tim.o(.text)
    TIM_OC1FastConfig                        0x08015d01   Thumb Code    18  stm32f10x_tim.o(.text)
    TIM_OC2FastConfig                        0x08015d13   Thumb Code    26  stm32f10x_tim.o(.text)
    TIM_OC3FastConfig                        0x08015d2d   Thumb Code    18  stm32f10x_tim.o(.text)
    TIM_OC4FastConfig                        0x08015d3f   Thumb Code    26  stm32f10x_tim.o(.text)
    TIM_ClearOC1Ref                          0x08015d59   Thumb Code    18  stm32f10x_tim.o(.text)
    TIM_ClearOC2Ref                          0x08015d6b   Thumb Code    24  stm32f10x_tim.o(.text)
    TIM_ClearOC3Ref                          0x08015d83   Thumb Code    18  stm32f10x_tim.o(.text)
    TIM_ClearOC4Ref                          0x08015d95   Thumb Code    24  stm32f10x_tim.o(.text)
    TIM_OC1PolarityConfig                    0x08015dad   Thumb Code    18  stm32f10x_tim.o(.text)
    TIM_OC1NPolarityConfig                   0x08015dbf   Thumb Code    18  stm32f10x_tim.o(.text)
    TIM_OC2PolarityConfig                    0x08015dd1   Thumb Code    26  stm32f10x_tim.o(.text)
    TIM_OC2NPolarityConfig                   0x08015deb   Thumb Code    26  stm32f10x_tim.o(.text)
    TIM_OC3PolarityConfig                    0x08015e05   Thumb Code    26  stm32f10x_tim.o(.text)
    TIM_OC3NPolarityConfig                   0x08015e1f   Thumb Code    26  stm32f10x_tim.o(.text)
    TIM_OC4PolarityConfig                    0x08015e39   Thumb Code    26  stm32f10x_tim.o(.text)
    TIM_CCxCmd                               0x08015e53   Thumb Code    30  stm32f10x_tim.o(.text)
    TIM_CCxNCmd                              0x08015e71   Thumb Code    30  stm32f10x_tim.o(.text)
    TIM_SelectOCxM                           0x08015e8f   Thumb Code    82  stm32f10x_tim.o(.text)
    TIM_UpdateDisableConfig                  0x08015ee1   Thumb Code    24  stm32f10x_tim.o(.text)
    TIM_UpdateRequestConfig                  0x08015ef9   Thumb Code    24  stm32f10x_tim.o(.text)
    TIM_SelectHallSensor                     0x08015f11   Thumb Code    24  stm32f10x_tim.o(.text)
    TIM_SelectOnePulseMode                   0x08015f29   Thumb Code    18  stm32f10x_tim.o(.text)
    TIM_SelectOutputTrigger                  0x08015f3b   Thumb Code    18  stm32f10x_tim.o(.text)
    TIM_SelectSlaveMode                      0x08015f4d   Thumb Code    18  stm32f10x_tim.o(.text)
    TIM_SelectMasterSlaveMode                0x08015f5f   Thumb Code    18  stm32f10x_tim.o(.text)
    TIM_SetCounter                           0x08015f71   Thumb Code     4  stm32f10x_tim.o(.text)
    TIM_SetAutoreload                        0x08015f75   Thumb Code     4  stm32f10x_tim.o(.text)
    TIM_SetCompare1                          0x08015f79   Thumb Code     4  stm32f10x_tim.o(.text)
    TIM_SetCompare2                          0x08015f7d   Thumb Code     4  stm32f10x_tim.o(.text)
    TIM_SetCompare3                          0x08015f81   Thumb Code     4  stm32f10x_tim.o(.text)
    TIM_SetCompare4                          0x08015f85   Thumb Code     6  stm32f10x_tim.o(.text)
    TIM_SetClockDivision                     0x08015f8b   Thumb Code    18  stm32f10x_tim.o(.text)
    TIM_GetCapture1                          0x08015f9d   Thumb Code     6  stm32f10x_tim.o(.text)
    TIM_GetCapture2                          0x08015fa3   Thumb Code     6  stm32f10x_tim.o(.text)
    TIM_GetCapture3                          0x08015fa9   Thumb Code     6  stm32f10x_tim.o(.text)
    TIM_GetCapture4                          0x08015faf   Thumb Code     8  stm32f10x_tim.o(.text)
    TIM_GetCounter                           0x08015fb7   Thumb Code     6  stm32f10x_tim.o(.text)
    TIM_GetPrescaler                         0x08015fbd   Thumb Code     6  stm32f10x_tim.o(.text)
    TIM_GetFlagStatus                        0x08015fc3   Thumb Code    18  stm32f10x_tim.o(.text)
    TIM_ClearFlag                            0x08015fd5   Thumb Code     6  stm32f10x_tim.o(.text)
    TIM_GetITStatus                          0x08015fdb   Thumb Code    34  stm32f10x_tim.o(.text)
    TIM_ClearITPendingBit                    0x08015ffd   Thumb Code     6  stm32f10x_tim.o(.text)
    USART_DeInit                             0x08016005   Thumb Code   134  stm32f10x_usart.o(.text)
    USART_Init                               0x0801608b   Thumb Code   210  stm32f10x_usart.o(.text)
    USART_StructInit                         0x0801615d   Thumb Code    24  stm32f10x_usart.o(.text)
    USART_ClockInit                          0x08016175   Thumb Code    34  stm32f10x_usart.o(.text)
    USART_ClockStructInit                    0x08016197   Thumb Code    12  stm32f10x_usart.o(.text)
    USART_Cmd                                0x080161a3   Thumb Code    24  stm32f10x_usart.o(.text)
    USART_ITConfig                           0x080161bb   Thumb Code    74  stm32f10x_usart.o(.text)
    USART_DMACmd                             0x08016205   Thumb Code    18  stm32f10x_usart.o(.text)
    USART_SetAddress                         0x08016217   Thumb Code    18  stm32f10x_usart.o(.text)
    USART_WakeUpConfig                       0x08016229   Thumb Code    18  stm32f10x_usart.o(.text)
    USART_ReceiverWakeUpCmd                  0x0801623b   Thumb Code    24  stm32f10x_usart.o(.text)
    USART_LINBreakDetectLengthConfig         0x08016253   Thumb Code    18  stm32f10x_usart.o(.text)
    USART_LINCmd                             0x08016265   Thumb Code    24  stm32f10x_usart.o(.text)
    USART_SendData                           0x0801627d   Thumb Code     8  stm32f10x_usart.o(.text)
    USART_ReceiveData                        0x08016285   Thumb Code    10  stm32f10x_usart.o(.text)
    USART_SendBreak                          0x0801628f   Thumb Code    10  stm32f10x_usart.o(.text)
    USART_SetGuardTime                       0x08016299   Thumb Code    16  stm32f10x_usart.o(.text)
    USART_SetPrescaler                       0x080162a9   Thumb Code    16  stm32f10x_usart.o(.text)
    USART_SmartCardCmd                       0x080162b9   Thumb Code    24  stm32f10x_usart.o(.text)
    USART_SmartCardNACKCmd                   0x080162d1   Thumb Code    24  stm32f10x_usart.o(.text)
    USART_HalfDuplexCmd                      0x080162e9   Thumb Code    24  stm32f10x_usart.o(.text)
    USART_OverSampling8Cmd                   0x08016301   Thumb Code    22  stm32f10x_usart.o(.text)
    USART_OneBitMethodCmd                    0x08016317   Thumb Code    24  stm32f10x_usart.o(.text)
    USART_IrDAConfig                         0x0801632f   Thumb Code    18  stm32f10x_usart.o(.text)
    USART_IrDACmd                            0x08016341   Thumb Code    24  stm32f10x_usart.o(.text)
    USART_GetFlagStatus                      0x08016359   Thumb Code    26  stm32f10x_usart.o(.text)
    USART_ClearFlag                          0x08016373   Thumb Code    18  stm32f10x_usart.o(.text)
    USART_GetITStatus                        0x08016385   Thumb Code    84  stm32f10x_usart.o(.text)
    USART_ClearITPendingBit                  0x080163d9   Thumb Code    52  stm32f10x_usart.o(.text)
    ADC_7663_Gpioinit                        0x0801640d   Thumb Code   180  ad7663.o(.text)
    ADC_7663_NVIC_Config                     0x080164c1   Thumb Code   248  ad7663.o(.text)
    ADC_Convert                              0x080165b9   Thumb Code   214  ad7663.o(.text)
    EXTI15_10_ISR                            0x0801668f   Thumb Code    26  ad7663.o(.text)
    TIM2_ISR                                 0x080166a9   Thumb Code   508  ad7663.o(.text)
    TIM3_ISR                                 0x080168a5   Thumb Code   448  ad7663.o(.text)
    Delay_ms                                 0x08016a65   Thumb Code    26  ad7663.o(.text)
    ADC_7663_Init                            0x08016a7f   Thumb Code    12  ad7663.o(.text)
    TIM4_NVIC_Config                         0x08016acd   Thumb Code    98  ad7663_app.o(.text)
    InitADList                               0x08016b2f   Thumb Code    80  ad7663_app.o(.text)
    InitADScreen                             0x08016b7f   Thumb Code    24  ad7663_app.o(.text)
    ADGet_Cycle_Queue                        0x08016b97   Thumb Code    52  ad7663_app.o(.text)
    ADGet_Data                               0x08016bcb   Thumb Code   298  ad7663_app.o(.text)
    ADShow_Display                           0x08016cf5   Thumb Code   140  ad7663_app.o(.text)
    ADShow_Adjust                            0x08016d81   Thumb Code   140  ad7663_app.o(.text)
    ADShow_Samp                              0x08016e0d   Thumb Code   140  ad7663_app.o(.text)
    TIM4_ISR                                 0x08016e99   Thumb Code    36  ad7663_app.o(.text)
    fputc                                    0x08016f15   Thumb Code    32  user_usart.o(.text)
    Usart_Init                               0x08016f35   Thumb Code   232  user_usart.o(.text)
    SPI_FLASH_SendByte                       0x08017029   Thumb Code    50  flash_spi.o(.text)
    SPI_FLASH_ReadID                         0x0801705b   Thumb Code    78  flash_spi.o(.text)
    SPI_Flash_Check                          0x080170a9   Thumb Code    24  flash_spi.o(.text)
    SPI_FLASH_Init                           0x080170c1   Thumb Code   278  flash_spi.o(.text)
    SPI_FLASH_WaitForWriteEnd                0x080171d7   Thumb Code    50  flash_spi.o(.text)
    SPI_FLASH_WriteEnable                    0x08017209   Thumb Code    30  flash_spi.o(.text)
    SPI_FLASH_SectorErase                    0x08017227   Thumb Code    68  flash_spi.o(.text)
    SPI_FLASH_SectorErase_A                  0x0801726b   Thumb Code    72  flash_spi.o(.text)
    SPI_FLASH_BulkErase                      0x080172b3   Thumb Code    38  flash_spi.o(.text)
    SPI_FLASH_PageWrite                      0x080172d9   Thumb Code   102  flash_spi.o(.text)
    SPI_FLASH_BufferWrite                    0x0801733f   Thumb Code   536  flash_spi.o(.text)
    SPI_FLASH_SectorWrite                    0x08017557   Thumb Code    26  flash_spi.o(.text)
    SPI_FLASH_BufferRead                     0x08017571   Thumb Code    82  flash_spi.o(.text)
    SPI_FLASH_ReadDeviceID                   0x080175c3   Thumb Code    60  flash_spi.o(.text)
    SPI_FLASH_StartReadSequence              0x080175ff   Thumb Code    44  flash_spi.o(.text)
    SPI_FLASH_ReadByte                       0x0801762b   Thumb Code    10  flash_spi.o(.text)
    SPI_FLASH_SendHalfWord                   0x08017635   Thumb Code    48  flash_spi.o(.text)
    SPI_FLASH_WriteDisable                   0x08017665   Thumb Code    30  flash_spi.o(.text)
    SPI_Flash_ReadSR                         0x08017683   Thumb Code    42  flash_spi.o(.text)
    SPI_Flash_Wait_Busy                      0x080176ad   Thumb Code    18  flash_spi.o(.text)
    SPI_Flash_PowerDown                      0x080176bf   Thumb Code    30  flash_spi.o(.text)
    SPI_Flash_WAKEUP                         0x080176dd   Thumb Code    30  flash_spi.o(.text)
    IO_GpioConfig                            0x08017705   Thumb Code   416  user_io.o(.text)
    W5500_GPIO_Configuration                 0x080178d1   Thumb Code   160  w5500.o(.text)
    W5500_SPI_Configuration                  0x08017971   Thumb Code   154  w5500.o(.text)
    EXTI9_5_ISR                              0x08017a0b   Thumb Code    24  w5500.o(.text)
    SPI1_Send_Byte                           0x08017a23   Thumb Code    28  w5500.o(.text)
    SPI1_Send_Short                          0x08017a3f   Thumb Code    28  w5500.o(.text)
    Write_W5500_1Byte                        0x08017a5b   Thumb Code    42  w5500.o(.text)
    Write_W5500_2Byte                        0x08017a85   Thumb Code    42  w5500.o(.text)
    Write_W5500_nByte                        0x08017aaf   Thumb Code    62  w5500.o(.text)
    Write_W5500_SOCK_1Byte                   0x08017aed   Thumb Code    54  w5500.o(.text)
    Write_W5500_SOCK_2Byte                   0x08017b23   Thumb Code    54  w5500.o(.text)
    Write_W5500_SOCK_4Byte                   0x08017b59   Thumb Code    80  w5500.o(.text)
    Read_W5500_1Byte                         0x08017ba9   Thumb Code    58  w5500.o(.text)
    Read_W5500_SOCK_1Byte                    0x08017be3   Thumb Code    70  w5500.o(.text)
    Read_W5500_SOCK_2Byte                    0x08017c29   Thumb Code    94  w5500.o(.text)
    Read_SOCK_Data_Buffer                    0x08017c87   Thumb Code   310  w5500.o(.text)
    Write_SOCK_Data_Buffer                   0x08017dbd   Thumb Code   256  w5500.o(.text)
    Detect_Gateway                           0x08017ebd   Thumb Code   194  w5500.o(.text)
    Socket_Init                              0x08017f7f   Thumb Code   156  w5500.o(.text)
    Socket_Connect                           0x0801801b   Thumb Code    70  w5500.o(.text)
    Socket_Listen                            0x08018061   Thumb Code   102  w5500.o(.text)
    Socket_UDP                               0x080180c7   Thumb Code    94  w5500.o(.text)
    W5500_Interrupt_Process                  0x08018125   Thumb Code   742  w5500.o(.text)
    W5500_Init                               0x0801840b   Thumb Code   210  w5500.o(.text)
    W5500_Socket_Set                         0x080184dd   Thumb Code   348  w5500.o(.text)
    IDtoMAC                                  0x0801864d   Thumb Code    46  w5500_app.o(.text)
    Load_Net_Parameters                      0x0801867b   Thumb Code   212  w5500_app.o(.text)
    W5500_Initialization                     0x0801874f   Thumb Code    30  w5500_app.o(.text)
    W5500_Hardware_Reset                     0x0801876d   Thumb Code    80  w5500_app.o(.text)
    W5500_Send_Data                          0x080187bd   Thumb Code    94  w5500_app.o(.text)
    FLASH_Read_Word                          0x0801881b   Thumb Code     6  w5500_app.o(.text)
    W5500_Socket_Data                        0x08018821   Thumb Code 17318  w5500_app.o(.text)
    W5500_Receive_Deal                       0x0801cbc7   Thumb Code   130  w5500_app.o(.text)
    W5500_Init_Config                        0x0801cc49   Thumb Code    28  w5500_app.o(.text)
    W5500_Reset                              0x0801cc65   Thumb Code   184  w5500_app.o(.text)
    HY_CryptoEncode                          0x0801cd1d   Thumb Code   238  hyaes_app.o(.text)
    EN_AES                                   0x0801ce0b   Thumb Code    60  hyaes_app.o(.text)
    HY_CryptoDecode                          0x0801ce47   Thumb Code   198  hyaes_app.o(.text)
    Get_System_Ciphertext                    0x0801cf0d   Thumb Code   278  hyaes_app.o(.text)
    AES_Handler                              0x0801d023   Thumb Code   108  hyaes_app.o(.text)
    De_AES                                   0x0801d08f   Thumb Code    88  hyaes_app.o(.text)
    AES_cbc_encrypt                          0x0801d115   Thumb Code   362  aes_cbc.o(.text)
    AES_set_encrypt_key                      0x0801d281   Thumb Code   720  aes_core.o(.text)
    AES_set_decrypt_key                      0x0801d551   Thumb Code   496  aes_core.o(.text)
    AES_encrypt                              0x0801d741   Thumb Code  1186  aes_core.o(.text)
    AES_decrypt                              0x0801dbe3   Thumb Code  1142  aes_core.o(.text)
    HY_Base64Encode                          0x0801e07d   Thumb Code   180  base64.o(.text)
    GetCharIndex                             0x0801e131   Thumb Code    76  base64.o(.text)
    HY_Base64Decode                          0x0801e17d   Thumb Code   136  base64.o(.text)
    __aeabi_memcpy                           0x0801e20d   Thumb Code    36  memcpya.o(.text)
    __aeabi_memcpy4                          0x0801e20d   Thumb Code     0  memcpya.o(.text)
    __aeabi_memcpy8                          0x0801e20d   Thumb Code     0  memcpya.o(.text)
    __aeabi_memset                           0x0801e231   Thumb Code    14  memseta.o(.text)
    __aeabi_memset4                          0x0801e231   Thumb Code     0  memseta.o(.text)
    __aeabi_memset8                          0x0801e231   Thumb Code     0  memseta.o(.text)
    __aeabi_memclr                           0x0801e23f   Thumb Code     4  memseta.o(.text)
    __aeabi_memclr4                          0x0801e23f   Thumb Code     0  memseta.o(.text)
    __aeabi_memclr8                          0x0801e23f   Thumb Code     0  memseta.o(.text)
    _memset$wrapper                          0x0801e243   Thumb Code    18  memseta.o(.text)
    strlen                                   0x0801e255   Thumb Code    14  strlen.o(.text)
    memcmp                                   0x0801e263   Thumb Code    26  memcmp.o(.text)
    __aeabi_fadd                             0x0801e27d   Thumb Code   164  fadd.o(.text)
    __aeabi_fsub                             0x0801e321   Thumb Code     6  fadd.o(.text)
    __aeabi_frsub                            0x0801e327   Thumb Code     6  fadd.o(.text)
    __aeabi_fmul                             0x0801e32d   Thumb Code   100  fmul.o(.text)
    __aeabi_fdiv                             0x0801e391   Thumb Code   124  fdiv.o(.text)
    __aeabi_dadd                             0x0801e40d   Thumb Code   322  dadd.o(.text)
    __aeabi_dsub                             0x0801e54f   Thumb Code     6  dadd.o(.text)
    __aeabi_drsub                            0x0801e555   Thumb Code     6  dadd.o(.text)
    __aeabi_dmul                             0x0801e55b   Thumb Code   228  dmul.o(.text)
    __aeabi_ddiv                             0x0801e63f   Thumb Code   222  ddiv.o(.text)
    __aeabi_i2f                              0x0801e71d   Thumb Code    18  fflti.o(.text)
    __aeabi_ui2f                             0x0801e72f   Thumb Code    10  ffltui.o(.text)
    __aeabi_f2uiz                            0x0801e739   Thumb Code    40  ffixui.o(.text)
    __aeabi_d2uiz                            0x0801e761   Thumb Code    50  dfixui.o(.text)
    __aeabi_f2d                              0x0801e793   Thumb Code    38  f2d.o(.text)
    __aeabi_cdcmpeq                          0x0801e7b9   Thumb Code     0  cdcmple.o(.text)
    __aeabi_cdcmple                          0x0801e7b9   Thumb Code    48  cdcmple.o(.text)
    __aeabi_cdrcmple                         0x0801e7e9   Thumb Code    48  cdrcmple.o(.text)
    __aeabi_d2f                              0x0801e819   Thumb Code    56  d2f.o(.text)
    __aeabi_cfcmpeq                          0x0801e851   Thumb Code     0  cfcmple.o(.text)
    __aeabi_cfcmple                          0x0801e851   Thumb Code    20  cfcmple.o(.text)
    __aeabi_cfrcmple                         0x0801e865   Thumb Code    20  cfrcmple.o(.text)
    __aeabi_uidiv                            0x0801e879   Thumb Code     0  uidiv.o(.text)
    __aeabi_uidivmod                         0x0801e879   Thumb Code    44  uidiv.o(.text)
    __aeabi_llsl                             0x0801e8a5   Thumb Code    30  llshl.o(.text)
    _ll_shift_l                              0x0801e8a5   Thumb Code     0  llshl.o(.text)
    __aeabi_llsr                             0x0801e8c3   Thumb Code    32  llushr.o(.text)
    _ll_ushift_r                             0x0801e8c3   Thumb Code     0  llushr.o(.text)
    __aeabi_lasr                             0x0801e8e3   Thumb Code    36  llsshr.o(.text)
    _ll_sshift_r                             0x0801e8e3   Thumb Code     0  llsshr.o(.text)
    __I$use$fp                               0x0801e907   Thumb Code     0  iusefp.o(.text)
    _float_round                             0x0801e907   Thumb Code    18  fepilogue.o(.text)
    _float_epilogue                          0x0801e919   Thumb Code    92  fepilogue.o(.text)
    _double_round                            0x0801e975   Thumb Code    30  depilogue.o(.text)
    _double_epilogue                         0x0801e993   Thumb Code   156  depilogue.o(.text)
    __scatterload                            0x0801ea31   Thumb Code    28  init.o(.text)
    __scatterload_rt2                        0x0801ea31   Thumb Code     0  init.o(.text)
    __decompress                             0x0801ea55   Thumb Code     0  __dczerorl2.o(.text)
    __decompress1                            0x0801ea55   Thumb Code    86  __dczerorl2.o(.text)
    __0printf$1                              0x0801eaad   Thumb Code    22  printf1.o(i.__0printf$1)
    __1printf$1                              0x0801eaad   Thumb Code     0  printf1.o(i.__0printf$1)
    __2printf                                0x0801eaad   Thumb Code     0  printf1.o(i.__0printf$1)
    __scatterload_copy                       0x0801eacd   Thumb Code    14  handlers.o(i.__scatterload_copy)
    __scatterload_null                       0x0801eadb   Thumb Code     2  handlers.o(i.__scatterload_null)
    __scatterload_zeroinit                   0x0801eadd   Thumb Code    14  handlers.o(i.__scatterload_zeroinit)
    free                                     0x0801ec41   Thumb Code    76  malloc.o(i.free)
    malloc                                   0x0801ec91   Thumb Code    92  malloc.o(i.malloc)
    BASE_CODE                                0x08020e94   Data          65  base64.o(.constdata)
    Region$$Table$$Base                      0x08020ed8   Number         0  anon$$obj.o(Region$$Table)
    Region$$Table$$Limit                     0x08020ef8   Number         0  anon$$obj.o(Region$$Table)
    CabItemIndex                             0x20000000   Data           1  cabrate_computer.o(.data)
    un11_Err                                 0x20000001   Data           3  systemerr.o(.data)
    un12_Err                                 0x20000004   Data           3  systemerr.o(.data)
    un13_Err                                 0x20000007   Data           6  systemerr.o(.data)
    un14_Err                                 0x2000000d   Data           3  systemerr.o(.data)
    un15_Err                                 0x20000010   Data           3  systemerr.o(.data)
    un16_Err                                 0x20000013   Data           3  systemerr.o(.data)
    un17_Err                                 0x20000016   Data           3  systemerr.o(.data)
    un18_Err                                 0x20000019   Data           3  systemerr.o(.data)
    un19_Err                                 0x2000001c   Data           3  systemerr.o(.data)
    un20_Err                                 0x2000001f   Data           3  systemerr.o(.data)
    un21_Err                                 0x20000022   Data           3  systemerr.o(.data)
    st11_ErrFlag                             0x20000025   Data           1  systemerr.o(.data)
    st13_ErrFlag                             0x20000026   Data           1  systemerr.o(.data)
    st17_ErrFlag                             0x20000027   Data           1  systemerr.o(.data)
    SystemCoreClock                          0x20000028   Data           4  system_stm32f10x.o(.data)
    AHBPrescTable                            0x2000002c   Data          16  system_stm32f10x.o(.data)
    ADC_FinishFlg                            0x20000050   Data           1  ad7663.o(.data)
    AD_Ind                                   0x2000005c   Data           4  ad7663_app.o(.data)
    AD_SumDisplay                            0x20000060   Data           8  ad7663_app.o(.data)
    AD_SumAdjust                             0x20000068   Data           8  ad7663_app.o(.data)
    AD_SumSamp                               0x20000070   Data           8  ad7663_app.o(.data)
    System_State                             0x20000078   Data           1  user_data.o(.data)
    USER_SystemFlag                          0x2000007c   Data           4  user_data.o(.data)
    USER_LEDFlag                             0x20000080   Data           2  user_data.o(.data)
    WorkState_Flg                            0x20000082   Data           1  user_data.o(.data)
    Reset_Flag                               0x20000083   Data           1  user_data.o(.data)
    Network0_StopFlg                         0x20000084   Data           1  user_data.o(.data)
    Network1_StopFlg                         0x20000085   Data           1  user_data.o(.data)
    Encryption_Cnt                           0x20000086   Data           1  user_data.o(.data)
    AD_Channel_ID                            0x20000087   Data           1  user_data.o(.data)
    Zero_LeftWeight                          0x20000088   Data           2  user_data.o(.data)
    Zero_RightWight                          0x2000008a   Data           2  user_data.o(.data)
    Zero_LeftBrake                           0x2000008c   Data           2  user_data.o(.data)
    Zero_RightBrake                          0x2000008e   Data           2  user_data.o(.data)
    Zero_AllWeight                           0x20000090   Data           2  user_data.o(.data)
    Zero_FootPlat                            0x20000092   Data           2  user_data.o(.data)
    Zero_LeftMove                            0x20000094   Data           2  user_data.o(.data)
    Zero_RightMove                           0x20000096   Data           2  user_data.o(.data)
    Signal_TransferTime                      0x20000098   Data           1  user_data.o(.data)
    TIM2_1ms                                 0x2000009a   Data           2  user_data.o(.data)
    TIM2_count                               0x2000009c   Data           4  user_data.o(.data)
    TIM2_count_Delay                         0x200000a0   Data           4  user_data.o(.data)
    TIM2_count1                              0x200000a4   Data           2  user_data.o(.data)
    TIM2_count2                              0x200000a6   Data           2  user_data.o(.data)
    TIM2_count3                              0x200000a8   Data           2  user_data.o(.data)
    TIM2_count4                              0x200000aa   Data           2  user_data.o(.data)
    Left_DynamicWeight                       0x200000ac   Data           2  user_data.o(.data)
    Right_DynamicWeight                      0x200000ae   Data           2  user_data.o(.data)
    All_DynamicWeight                        0x200000b0   Data           2  user_data.o(.data)
    DynamicFootPlat                          0x200000b2   Data           2  user_data.o(.data)
    Left_DynamicBrake                        0x200000b4   Data           2  user_data.o(.data)
    Right_DynamicBrake                       0x200000b6   Data           2  user_data.o(.data)
    DynamicWeight_Number                     0x200000b8   Data           1  user_data.o(.data)
    Left_StaticWeight                        0x200000ba   Data           2  user_data.o(.data)
    Right_StaticWeight                       0x200000bc   Data           2  user_data.o(.data)
    Motor_StaticWeight                       0x200000be   Data           2  user_data.o(.data)
    AllNone_StaticWeight                     0x200000c0   Data           2  user_data.o(.data)
    AllFull_StaticWeight                     0x200000c2   Data           2  user_data.o(.data)
    u16Protect_Limit                         0x200000c4   Data           2  user_data.o(.data)
    con_TranB                                0x200000c6   Data          19  user_data.o(.data)
    con_TranAACK                             0x200000d9   Data           3  user_data.o(.data)
    con_TranZACK                             0x200000dc   Data           3  user_data.o(.data)
    con_TranXACK                             0x200000df   Data           3  user_data.o(.data)
    con_TranU                                0x200000e2   Data           3  user_data.o(.data)
    con_TranI                                0x200000e5   Data           3  user_data.o(.data)
    con_TranR                                0x200000e8   Data           3  user_data.o(.data)
    con_TranMI                               0x200000eb   Data           8  user_data.o(.data)
    con_TranMW                               0x200000f3   Data           5  user_data.o(.data)
    con_TranMA                               0x200000f8   Data           5  user_data.o(.data)
    con_TranMF1                              0x200000fd   Data           5  user_data.o(.data)
    con_TranMF2                              0x20000102   Data           5  user_data.o(.data)
    con_TranML                               0x20000107   Data           4  user_data.o(.data)
    con_TranMM                               0x2000010b   Data           4  user_data.o(.data)
    con_TranMD                               0x2000010f   Data           4  user_data.o(.data)
    con_TranMZ                               0x20000113   Data           4  user_data.o(.data)
    con_TranMB                               0x20000117   Data           4  user_data.o(.data)
    con_TranMJ                               0x2000011b   Data           4  user_data.o(.data)
    con_TranT0                               0x2000011f   Data           4  user_data.o(.data)
    con_TranT1                               0x20000123   Data           4  user_data.o(.data)
    con_TranT2                               0x20000127   Data           4  user_data.o(.data)
    con_TranT3                               0x2000012b   Data           4  user_data.o(.data)
    con_TranT4                               0x2000012f   Data           4  user_data.o(.data)
    con_TranT7                               0x20000133   Data           4  user_data.o(.data)
    con_TranT8                               0x20000137   Data           4  user_data.o(.data)
    con_TranT9                               0x2000013b   Data           4  user_data.o(.data)
    con_TranTD                               0x2000013f   Data           4  user_data.o(.data)
    con_TranTF                               0x20000143   Data           4  user_data.o(.data)
    con_TranS                                0x20000147   Data           5  user_data.o(.data)
    con_TranWG                               0x2000014c   Data           4  user_data.o(.data)
    con_TranWE                               0x20000150   Data           6  user_data.o(.data)
    con_TranE1W                              0x20000156   Data           5  user_data.o(.data)
    con_TranE2W                              0x2000015b   Data           5  user_data.o(.data)
    con_TranEIW                              0x20000160   Data           5  user_data.o(.data)
    con_TranHX0                              0x20000165   Data           5  user_data.o(.data)
    con_TranHX1                              0x2000016a   Data           5  user_data.o(.data)
    con_TranHEF                              0x2000016f   Data           5  user_data.o(.data)
    con_TranHET                              0x20000174   Data           5  user_data.o(.data)
    con_TranF                                0x20000179   Data          29  user_data.o(.data)
    con_TranO                                0x20000196   Data           3  user_data.o(.data)
    Gateway_IP                               0x20000199   Data           4  w5500.o(.data)
    Sub_Mask                                 0x2000019d   Data           4  w5500.o(.data)
    Phy_Addr                                 0x200001a1   Data           6  w5500.o(.data)
    IP_Addr                                  0x200001a7   Data           4  w5500.o(.data)
    S0_Port                                  0x200001ab   Data           2  w5500.o(.data)
    S0_DIP                                   0x200001ad   Data           4  w5500.o(.data)
    S0_DPort                                 0x200001b1   Data           2  w5500.o(.data)
    S1_Port                                  0x200001b3   Data           2  w5500.o(.data)
    UDP_DIPR                                 0x200001b5   Data           4  w5500.o(.data)
    UDP_DPORT                                0x200001b9   Data           2  w5500.o(.data)
    S2_Port                                  0x200001bb   Data           2  w5500.o(.data)
    S0_Mode                                  0x200001bd   Data           1  w5500.o(.data)
    S0_State                                 0x200001be   Data           1  w5500.o(.data)
    S0_Data                                  0x200001bf   Data           1  w5500.o(.data)
    S1_Mode                                  0x200001c0   Data           1  w5500.o(.data)
    S1_State                                 0x200001c1   Data           1  w5500.o(.data)
    S1_Data                                  0x200001c2   Data           1  w5500.o(.data)
    S2_Mode                                  0x200001c3   Data           1  w5500.o(.data)
    S2_State                                 0x200001c4   Data           1  w5500.o(.data)
    S2_Data                                  0x200001c5   Data           1  w5500.o(.data)
    W5500_Interrupt                          0x200001c6   Data           1  w5500.o(.data)
    ucW5500_InitCTR                          0x200001c7   Data           1  w5500_app.o(.data)
    WFLASHStatus                             0x200001c8   Data           1  w5500_app.o(.data)
    cLocal_Set_Data                          0x200001cc   Data          15  hyaes_app.o(.data)
    cUserkey                                 0x200001db   Data          33  hyaes_app.o(.data)
    iTimingDelay_1                           0x200001fc   Data           4  hyaes_app.o(.data)
    iTimingDelay_2                           0x20000200   Data           4  hyaes_app.o(.data)
    cResult                                  0x20000204   Data           1  hyaes_app.o(.data)
    __stdout                                 0x2000020c   Data           4  stdout.o(.data)
    __microlib_freelist                      0x20000210   Data           4  mvars.o(.data)
    __microlib_freelist_initialised          0x20000214   Data           4  mvars.o(.data)
    lij                                      0x20000218   Data         800  cabrate_computer.o(.bss)
    liy                                      0x20000538   Data          80  cabrate_computer.o(.bss)
    GauAA                                    0x20000588   Data          80  cabrate_computer.o(.bss)
    CabBuf                                   0x200005d8   Data          64  cabrate_computer.o(.bss)
    AD_SampBuff                              0x20000618   Data        4000  ad7663_app.o(.bss)
    cID_Key                                  0x200015b8   Data          32  user_data.o(.bss)
    Left_Weight_par                          0x200015d8   Data          17  user_data.o(.bss)
    Right_Wight_par                          0x200015e9   Data          17  user_data.o(.bss)
    Left_Brake_par                           0x200015fa   Data          17  user_data.o(.bss)
    Right_Brake_par                          0x2000160b   Data          17  user_data.o(.bss)
    All_Weight_par                           0x2000161c   Data          17  user_data.o(.bss)
    FootPlat_par                             0x2000162d   Data          17  user_data.o(.bss)
    Left_Move_par                            0x2000163e   Data          17  user_data.o(.bss)
    Right_Move_par                           0x2000164f   Data          17  user_data.o(.bss)
    SysParameter                             0x20001660   Data          19  user_data.o(.bss)
    u16Left1_TemporaryWeight                 0x20001674   Data         600  user_data.o(.bss)
    u16Right1_TemporaryWeight                0x200018cc   Data         600  user_data.o(.bss)
    Left_DynamicWeight1                      0x20001b24   Data          12  user_data.o(.bss)
    Right_DynamicWeight1                     0x20001b30   Data          12  user_data.o(.bss)
    u16Left_Data                             0x20001b3c   Data        1604  user_data.o(.bss)
    u16Right_Data                            0x20002180   Data        1604  user_data.o(.bss)
    u8Tran_CurrentZ                          0x200027c4   Data        2010  user_data.o(.bss)
    u8Tran_CurrentC                          0x20002f9e   Data        3250  user_data.o(.bss)
    u8Tran_CurrentJ                          0x20003c50   Data        3250  user_data.o(.bss)
    u8Tran_CurrentN                          0x20004902   Data        3250  user_data.o(.bss)
    Rx_Buffer                                0x200055b4   Data         500  user_data.o(.bss)
    Tx_Buffer                                0x200057a8   Data         500  user_data.o(.bss)
    Parameter_Buffer                         0x2000599c   Data         100  user_data.o(.bss)
    u8Send_Buffer                            0x20005a00   Data        3300  user_data.o(.bss)
    W5500_Parameter                          0x200066e4   Data          27  user_data.o(.bss)
    cData_AfterUnAES                         0x20006768   Data          64  hyaes_app.o(.bss)
    __heap_base                              0x200067a8   Data           0  startup_stm32f10x_hd.o(HEAP)
    __heap_limit                             0x200069a8   Data           0  startup_stm32f10x_hd.o(HEAP)
    __initial_sp                             0x20006da8   Data           0  startup_stm32f10x_hd.o(STACK)



==============================================================================

Memory Map of the image

  Image Entry point : 0x08010131

  Load Region LR_IROM1 (Base: 0x08010000, Size: 0x00011110, Max: 0x00070000, ABSOLUTE, COMPRESSED[0x00010fe4])

    Execution Region ER_IROM1 (Exec base: 0x08010000, Load base: 0x08010000, Size: 0x00010ef8, Max: 0x00070000, ABSOLUTE)

    Exec Addr    Load Addr    Size         Type   Attr      Idx    E Section Name        Object

    0x08010000   0x08010000   0x00000130   Data   RO            3    RESET               startup_stm32f10x_hd.o
    0x08010130   0x08010130   0x00000000   Code   RO          792  * .ARM.Collect$$$$00000000  mc_w.l(entry.o)
    0x08010130   0x08010130   0x00000004   Code   RO         1126    .ARM.Collect$$$$00000001  mc_w.l(entry2.o)
    0x08010134   0x08010134   0x00000004   Code   RO         1129    .ARM.Collect$$$$00000004  mc_w.l(entry5.o)
    0x08010138   0x08010138   0x00000000   Code   RO         1131    .ARM.Collect$$$$00000008  mc_w.l(entry7b.o)
    0x08010138   0x08010138   0x00000000   Code   RO         1133    .ARM.Collect$$$$0000000A  mc_w.l(entry8b.o)
    0x08010138   0x08010138   0x00000008   Code   RO         1134    .ARM.Collect$$$$0000000B  mc_w.l(entry9a.o)
    0x08010140   0x08010140   0x00000000   Code   RO         1136    .ARM.Collect$$$$0000000D  mc_w.l(entry10a.o)
    0x08010140   0x08010140   0x00000000   Code   RO         1138    .ARM.Collect$$$$0000000F  mc_w.l(entry11a.o)
    0x08010140   0x08010140   0x00000004   Code   RO         1127    .ARM.Collect$$$$00002712  mc_w.l(entry2.o)
    0x08010144   0x08010144   0x00000024   Code   RO            4    .text               startup_stm32f10x_hd.o
    0x08010168   0x08010168   0x000000b4   Code   RO           10    .text               stm32f10x_it.o
    0x0801021c   0x0801021c   0x0000013c   Code   RO          123    .text               main.o
    0x08010358   0x08010358   0x000030ec   Code   RO          135    .text               user_app.o
    0x08013444   0x08013444   0x00000768   Code   RO          150    .text               cabrate_computer.o
    0x08013bac   0x08013bac   0x0000025c   Code   RO          173    .text               systemerr.o
    0x08013e08   0x08013e08   0x000001e0   Code   RO          191    .text               system_stm32f10x.o
    0x08013fe8   0x08013fe8   0x000000dc   Code   RO          219    .text               misc.o
    0x080140c4   0x080140c4   0x0000011c   Code   RO          351    .text               stm32f10x_exti.o
    0x080141e0   0x080141e0   0x000005bc   Code   RO          363    .text               stm32f10x_flash.o
    0x0801479c   0x0801479c   0x0000035c   Code   RO          390    .text               stm32f10x_gpio.o
    0x08014af8   0x08014af8   0x00000040   Code   RO          417    .text               stm32f10x_iwdg.o
    0x08014b38   0x08014b38   0x000003a4   Code   RO          444    .text               stm32f10x_rcc.o
    0x08014edc   0x08014edc   0x0000030c   Code   RO          488    .text               stm32f10x_spi.o
    0x080151e8   0x080151e8   0x00000e1a   Code   RO          500    .text               stm32f10x_tim.o
    0x08016002   0x08016002   0x00000002   PAD
    0x08016004   0x08016004   0x00000408   Code   RO          512    .text               stm32f10x_usart.o
    0x0801640c   0x0801640c   0x000006c0   Code   RO          539    .text               ad7663.o
    0x08016acc   0x08016acc   0x00000448   Code   RO          557    .text               ad7663_app.o
    0x08016f14   0x08016f14   0x00000114   Code   RO          576    .text               user_usart.o
    0x08017028   0x08017028   0x000006dc   Code   RO          591    .text               flash_spi.o
    0x08017704   0x08017704   0x000001cc   Code   RO          606    .text               user_io.o
    0x080178d0   0x080178d0   0x00000d7c   Code   RO          634    .text               w5500.o
    0x0801864c   0x0801864c   0x000046d0   Code   RO          652    .text               w5500_app.o
    0x0801cd1c   0x0801cd1c   0x000003f8   Code   RO          676    .text               AES.lib(hyaes_app.o)
    0x0801d114   0x0801d114   0x0000016a   Code   RO          715    .text               AES.lib(aes_cbc.o)
    0x0801d27e   0x0801d27e   0x00000002   PAD
    0x0801d280   0x0801d280   0x00000dfc   Code   RO          746    .text               AES.lib(aes_core.o)
    0x0801e07c   0x0801e07c   0x00000190   Code   RO          773    .text               AES.lib(base64.o)
    0x0801e20c   0x0801e20c   0x00000024   Code   RO          795    .text               mc_w.l(memcpya.o)
    0x0801e230   0x0801e230   0x00000024   Code   RO          797    .text               mc_w.l(memseta.o)
    0x0801e254   0x0801e254   0x0000000e   Code   RO          799    .text               mc_w.l(strlen.o)
    0x0801e262   0x0801e262   0x0000001a   Code   RO          801    .text               mc_w.l(memcmp.o)
    0x0801e27c   0x0801e27c   0x000000b0   Code   RO         1094    .text               mf_w.l(fadd.o)
    0x0801e32c   0x0801e32c   0x00000064   Code   RO         1096    .text               mf_w.l(fmul.o)
    0x0801e390   0x0801e390   0x0000007c   Code   RO         1098    .text               mf_w.l(fdiv.o)
    0x0801e40c   0x0801e40c   0x0000014e   Code   RO         1100    .text               mf_w.l(dadd.o)
    0x0801e55a   0x0801e55a   0x000000e4   Code   RO         1102    .text               mf_w.l(dmul.o)
    0x0801e63e   0x0801e63e   0x000000de   Code   RO         1104    .text               mf_w.l(ddiv.o)
    0x0801e71c   0x0801e71c   0x00000012   Code   RO         1106    .text               mf_w.l(fflti.o)
    0x0801e72e   0x0801e72e   0x0000000a   Code   RO         1108    .text               mf_w.l(ffltui.o)
    0x0801e738   0x0801e738   0x00000028   Code   RO         1110    .text               mf_w.l(ffixui.o)
    0x0801e760   0x0801e760   0x00000032   Code   RO         1112    .text               mf_w.l(dfixui.o)
    0x0801e792   0x0801e792   0x00000026   Code   RO         1114    .text               mf_w.l(f2d.o)
    0x0801e7b8   0x0801e7b8   0x00000030   Code   RO         1116    .text               mf_w.l(cdcmple.o)
    0x0801e7e8   0x0801e7e8   0x00000030   Code   RO         1118    .text               mf_w.l(cdrcmple.o)
    0x0801e818   0x0801e818   0x00000038   Code   RO         1120    .text               mf_w.l(d2f.o)
    0x0801e850   0x0801e850   0x00000014   Code   RO         1122    .text               mf_w.l(cfcmple.o)
    0x0801e864   0x0801e864   0x00000014   Code   RO         1124    .text               mf_w.l(cfrcmple.o)
    0x0801e878   0x0801e878   0x0000002c   Code   RO         1141    .text               mc_w.l(uidiv.o)
    0x0801e8a4   0x0801e8a4   0x0000001e   Code   RO         1145    .text               mc_w.l(llshl.o)
    0x0801e8c2   0x0801e8c2   0x00000020   Code   RO         1147    .text               mc_w.l(llushr.o)
    0x0801e8e2   0x0801e8e2   0x00000024   Code   RO         1149    .text               mc_w.l(llsshr.o)
    0x0801e906   0x0801e906   0x00000000   Code   RO         1153    .text               mc_w.l(iusefp.o)
    0x0801e906   0x0801e906   0x0000006e   Code   RO         1154    .text               mf_w.l(fepilogue.o)
    0x0801e974   0x0801e974   0x000000ba   Code   RO         1156    .text               mf_w.l(depilogue.o)
    0x0801ea2e   0x0801ea2e   0x00000002   PAD
    0x0801ea30   0x0801ea30   0x00000024   Code   RO         1160    .text               mc_w.l(init.o)
    0x0801ea54   0x0801ea54   0x00000056   Code   RO         1170    .text               mc_w.l(__dczerorl2.o)
    0x0801eaaa   0x0801eaaa   0x00000002   PAD
    0x0801eaac   0x0801eaac   0x00000020   Code   RO          850    i.__0printf$1       mc_w.l(printf1.o)
    0x0801eacc   0x0801eacc   0x0000000e   Code   RO         1164    i.__scatterload_copy  mc_w.l(handlers.o)
    0x0801eada   0x0801eada   0x00000002   Code   RO         1165    i.__scatterload_null  mc_w.l(handlers.o)
    0x0801eadc   0x0801eadc   0x0000000e   Code   RO         1166    i.__scatterload_zeroinit  mc_w.l(handlers.o)
    0x0801eaea   0x0801eaea   0x00000002   PAD
    0x0801eaec   0x0801eaec   0x00000154   Code   RO          857    i._printf_core      mc_w.l(printf1.o)
    0x0801ec40   0x0801ec40   0x00000050   Code   RO         1066    i.free              mc_w.l(malloc.o)
    0x0801ec90   0x0801ec90   0x0000006c   Code   RO         1067    i.malloc            mc_w.l(malloc.o)
    0x0801ecfc   0x0801ecfc   0x0000006e   Data   RO          678    .constdata          AES.lib(hyaes_app.o)
    0x0801ed6a   0x0801ed6a   0x00000002   PAD
    0x0801ed6c   0x0801ed6c   0x00002128   Data   RO          747    .constdata          AES.lib(aes_core.o)
    0x08020e94   0x08020e94   0x00000041   Data   RO          774    .constdata          AES.lib(base64.o)
    0x08020ed5   0x08020ed5   0x00000003   PAD
    0x08020ed8   0x08020ed8   0x00000020   Data   RO         1162    Region$$Table       anon$$obj.o


    Execution Region RW_IRAM1 (Exec base: 0x20000000, Load base: 0x08020ef8, Size: 0x00006da8, Max: 0x00010000, ABSOLUTE, COMPRESSED[0x000000ec])

    Exec Addr    Load Addr    Size         Type   Attr      Idx    E Section Name        Object

    0x20000000   COMPRESSED   0x00000001   Data   RW          152    .data               cabrate_computer.o
    0x20000001   COMPRESSED   0x00000027   Data   RW          174    .data               systemerr.o
    0x20000028   COMPRESSED   0x00000014   Data   RW          192    .data               system_stm32f10x.o
    0x2000003c   COMPRESSED   0x00000014   Data   RW          445    .data               stm32f10x_rcc.o
    0x20000050   COMPRESSED   0x0000000b   Data   RW          540    .data               ad7663.o
    0x2000005b   COMPRESSED   0x00000001   PAD
    0x2000005c   COMPRESSED   0x0000001c   Data   RW          559    .data               ad7663_app.o
    0x20000078   COMPRESSED   0x00000121   Data   RW          622    .data               user_data.o
    0x20000199   COMPRESSED   0x0000002e   Data   RW          635    .data               w5500.o
    0x200001c7   COMPRESSED   0x00000002   Data   RW          654    .data               w5500_app.o
    0x200001c9   COMPRESSED   0x00000003   PAD
    0x200001cc   COMPRESSED   0x00000039   Data   RW          679    .data               AES.lib(hyaes_app.o)
    0x20000205   COMPRESSED   0x00000004   Data   RW          775    .data               AES.lib(base64.o)
    0x20000209   COMPRESSED   0x00000003   PAD
    0x2000020c   COMPRESSED   0x00000004   Data   RW         1140    .data               mc_w.l(stdout.o)
    0x20000210   COMPRESSED   0x00000004   Data   RW         1151    .data               mc_w.l(mvars.o)
    0x20000214   COMPRESSED   0x00000004   Data   RW         1152    .data               mc_w.l(mvars.o)
    0x20000218        -       0x00000400   Zero   RW          151    .bss                cabrate_computer.o
    0x20000618        -       0x00000fa0   Zero   RW          558    .bss                ad7663_app.o
    0x200015b8        -       0x00005147   Zero   RW          621    .bss                user_data.o
    0x200066ff   COMPRESSED   0x00000001   PAD
    0x20006700        -       0x00000068   Zero   RW          653    .bss                w5500_app.o
    0x20006768        -       0x00000040   Zero   RW          677    .bss                AES.lib(hyaes_app.o)
    0x200067a8        -       0x00000200   Zero   RW            2    HEAP                startup_stm32f10x_hd.o
    0x200069a8        -       0x00000400   Zero   RW            1    STACK               startup_stm32f10x_hd.o


==============================================================================

Image component sizes


      Code (inc. data)   RO Data    RW Data    ZI Data      Debug   Object Name

      1728        196          0         11          0       3024   ad7663.o
      1096         88          0         28       4000       3285   ad7663_app.o
      1896         34          0          1       1024       5379   cabrate_computer.o
      1756        256          0          0          0       5950   flash_spi.o
       316         52          0          0          0        663   main.o
       220         22          0          0          0       1837   misc.o
        36          8        304          0       1536        844   startup_stm32f10x_hd.o
       284         10          0          0          0       2291   stm32f10x_exti.o
      1468         34          0          0          0       8246   stm32f10x_flash.o
       860         38          0          0          0       5769   stm32f10x_gpio.o
       180         96          0          0          0     281751   stm32f10x_it.o
        64          6          0          0          0       1301   stm32f10x_iwdg.o
       932         36          0         20          0       8984   stm32f10x_rcc.o
       780         14          0          0          0       6650   stm32f10x_spi.o
      3610         88          0          0          0      22876   stm32f10x_tim.o
      1032         22          0          0          0       8496   stm32f10x_usart.o
       480         38          0         20          0       1975   system_stm32f10x.o
       604         44          0         39          0       4252   systemerr.o
     12524       1042          0          0          0      13230   user_app.o
         0          0          0        289      20807      10127   user_data.o
       460         44          0          0          0        776   user_io.o
       276         12          0          0          0        955   user_usart.o
      3452        138          0         46          0      12367   w5500.o
     18128       2054          0          2        104      31942   w5500_app.o

    ----------------------------------------------------------------------
     52184       4372        336        460      27472     442970   Object Totals
         0          0         32          0          0          0   (incl. Generated)
         2          0          0          4          1          0   (incl. Padding)

    ----------------------------------------------------------------------

      Code (inc. data)   RO Data    RW Data    ZI Data      Debug   Library Member Name

       362          0          0          0          0       2702   aes_cbc.o
      3580         72       8488          0          0       3594   aes_core.o
       400          8         65          4          0       1991   base64.o
      1016         46        110         57         64       4584   hyaes_app.o
        86          0          0          0          0          0   __dczerorl2.o
         0          0          0          0          0          0   entry.o
         0          0          0          0          0          0   entry10a.o
         0          0          0          0          0          0   entry11a.o
         8          4          0          0          0          0   entry2.o
         4          0          0          0          0          0   entry5.o
         0          0          0          0          0          0   entry7b.o
         0          0          0          0          0          0   entry8b.o
         8          4          0          0          0          0   entry9a.o
        30          0          0          0          0          0   handlers.o
        36          8          0          0          0         68   init.o
         0          0          0          0          0          0   iusefp.o
        30          0          0          0          0         68   llshl.o
        36          0          0          0          0         68   llsshr.o
        32          0          0          0          0         68   llushr.o
       188         20          0          0          0        160   malloc.o
        26          0          0          0          0         80   memcmp.o
        36          0          0          0          0         68   memcpya.o
        36          0          0          0          0        108   memseta.o
         0          0          0          8          0          0   mvars.o
       372         14          0          0          0        184   printf1.o
         0          0          0          4          0          0   stdout.o
        14          0          0          0          0         68   strlen.o
        44          0          0          0          0         80   uidiv.o
        48          0          0          0          0         68   cdcmple.o
        48          0          0          0          0         68   cdrcmple.o
        20          0          0          0          0         68   cfcmple.o
        20          0          0          0          0         68   cfrcmple.o
        56          0          0          0          0         88   d2f.o
       334          0          0          0          0        148   dadd.o
       222          0          0          0          0        100   ddiv.o
       186          0          0          0          0        176   depilogue.o
        50          0          0          0          0         76   dfixui.o
       228          0          0          0          0         96   dmul.o
        38          0          0          0          0         68   f2d.o
       176          0          0          0          0        140   fadd.o
       124          0          0          0          0         88   fdiv.o
       110          0          0          0          0        168   fepilogue.o
        40          0          0          0          0         68   ffixui.o
        18          0          0          0          0         68   fflti.o
        10          0          0          0          0         68   ffltui.o
       100          0          0          0          0         76   fmul.o

    ----------------------------------------------------------------------
      8180        176       8668         76         64      15591   Library Totals
         8          0          5          3          0          0   (incl. Padding)

    ----------------------------------------------------------------------

      Code (inc. data)   RO Data    RW Data    ZI Data      Debug   Library Name

      5358        126       8663         61         64      12871   AES.lib
       986         50          0         12          0       1020   mc_w.l
      1828          0          0          0          0       1700   mf_w.l

    ----------------------------------------------------------------------
      8180        176       8668         76         64      15591   Library Totals

    ----------------------------------------------------------------------

==============================================================================


      Code (inc. data)   RO Data    RW Data    ZI Data      Debug   

     60364       4548       9004        536      27536     454997   Grand Totals
     60364       4548       9004        236      27536     454997   ELF Image Totals (compressed)
     60364       4548       9004        236          0          0   ROM Totals

==============================================================================

    Total RO  Size (Code + RO Data)                69368 (  67.74kB)
    Total RW  Size (RW Data + ZI Data)             28072 (  27.41kB)
    Total ROM Size (Code + RO Data + RW Data)      69604 (  67.97kB)

==============================================================================

