Component: ARM Compiler 5.06 update 5 (build 528) Tool: armlink [4d35e2]

==============================================================================

Section Cross References

    startup_stm32f10x_hd.o(RESET) refers to startup_stm32f10x_hd.o(STACK) for __initial_sp
    startup_stm32f10x_hd.o(RESET) refers to startup_stm32f10x_hd.o(.text) for Reset_Handler
    startup_stm32f10x_hd.o(RESET) refers to stm32f10x_it.o(.text) for NMI_Handler
    startup_stm32f10x_hd.o(.text) refers to system_stm32f10x.o(.text) for SystemInit
    startup_stm32f10x_hd.o(.text) refers to entry.o(.ARM.Collect$$$$00000000) for __main
    stm32f10x_it.o(.text) refers to ad7663.o(.text) for EXTI15_10_ISR
    stm32f10x_it.o(.text) refers to ad7663_app.o(.text) for TIM4_ISR
    stm32f10x_it.o(.text) refers to w5500.o(.text) for EXTI9_5_ISR
    main.o(.text) refers to user_io.o(.text) for IO_GpioConfig
    main.o(.text) refers to user_usart.o(.text) for Usart_Init
    main.o(.text) refers to ad7663.o(.text) for ADC_7663_Init
    main.o(.text) refers to flash_spi.o(.text) for SPI_FLASH_Init
    main.o(.text) refers to user_app.o(.text) for Get_Parameter
    main.o(.text) refers to w5500_app.o(.text) for W5500_Init_Config
    main.o(.text) refers to ad7663_app.o(.text) for InitADScreen
    main.o(.text) refers to stm32f10x_iwdg.o(.text) for IWDG_ReloadCounter
    main.o(.text) refers to user_data.o(.data) for WorkState_Flg
    user_app.o(.text) refers to stm32f10x_iwdg.o(.text) for IWDG_WriteAccessCmd
    user_app.o(.text) refers to w5500_app.o(.text) for W5500_Send_Data
    user_app.o(.text) refers to ffltui.o(.text) for __aeabi_ui2f
    user_app.o(.text) refers to memcpya.o(.text) for __aeabi_memcpy
    user_app.o(.text) refers to printf1.o(i.__0printf$1) for __2printf
    user_app.o(.text) refers to fmul.o(.text) for __aeabi_fmul
    user_app.o(.text) refers to fadd.o(.text) for __aeabi_fadd
    user_app.o(.text) refers to f2d.o(.text) for __aeabi_f2d
    user_app.o(.text) refers to dadd.o(.text) for __aeabi_dadd
    user_app.o(.text) refers to dfixui.o(.text) for __aeabi_d2uiz
    user_app.o(.text) refers to ad7663_app.o(.text) for ADShow_Adjust
    user_app.o(.text) refers to dmul.o(.text) for __aeabi_dmul
    user_app.o(.text) refers to fflti.o(.text) for __aeabi_i2f
    user_app.o(.text) refers to ffixui.o(.text) for __aeabi_f2uiz
    user_app.o(.text) refers to user_data.o(.bss) for Tx_Buffer
    user_app.o(.text) refers to user_data.o(.data) for USER_LEDFlag
    user_app.o(.text) refers to ad7663.o(.text) for Delay_ms
    user_app.o(.text) refers to d2f.o(.text) for __aeabi_d2f
    user_app.o(.text) refers to cfcmple.o(.text) for __aeabi_cfcmple
    user_app.o(.text) refers to fdiv.o(.text) for __aeabi_fdiv
    user_app.o(.text) refers to flash_spi.o(.text) for SPI_FLASH_BufferRead
    cabrate_computer.o(.text) refers to f2d.o(.text) for __aeabi_f2d
    cabrate_computer.o(.text) refers to cdcmple.o(.text) for __aeabi_cdcmple
    cabrate_computer.o(.text) refers to d2f.o(.text) for __aeabi_d2f
    cabrate_computer.o(.text) refers to cfcmple.o(.text) for __aeabi_cfcmpeq
    cabrate_computer.o(.text) refers to fdiv.o(.text) for __aeabi_fdiv
    cabrate_computer.o(.text) refers to fmul.o(.text) for __aeabi_fmul
    cabrate_computer.o(.text) refers to fadd.o(.text) for __aeabi_frsub
    cabrate_computer.o(.text) refers to fflti.o(.text) for __aeabi_i2f
    cabrate_computer.o(.text) refers to cabrate_computer.o(.bss) for liy
    cabrate_computer.o(.text) refers to cdrcmple.o(.text) for __aeabi_cdrcmple
    cabrate_computer.o(.text) refers to ddiv.o(.text) for __aeabi_ddiv
    cabrate_computer.o(.text) refers to cfrcmple.o(.text) for __aeabi_cfrcmple
    cabrate_computer.o(.text) refers to cabrate_computer.o(.data) for CabItemIndex
    systemerr.o(.text) refers to flash_spi.o(.text) for SPI_FLASH_SectorErase_A
    systemerr.o(.text) refers to w5500_app.o(.text) for W5500_Send_Data
    systemerr.o(.text) refers to user_app.o(.text) for IO_GetInStatus
    systemerr.o(.text) refers to systemerr.o(.bss) for un11_Err
    systemerr.o(.text) refers to systemerr.o(.data) for st11_ErrFlag
    systemerr.o(.text) refers to user_data.o(.bss) for Tx_Buffer
    systemerr.o(.text) refers to user_data.o(.data) for USER_SystemFlag
    system_stm32f10x.o(.text) refers to system_stm32f10x.o(.data) for SystemCoreClock
    stm32f10x_adc.o(.text) refers to stm32f10x_rcc.o(.text) for RCC_APB2PeriphResetCmd
    stm32f10x_bkp.o(.text) refers to stm32f10x_rcc.o(.text) for RCC_BackupResetCmd
    stm32f10x_can.o(.text) refers to stm32f10x_rcc.o(.text) for RCC_APB1PeriphResetCmd
    stm32f10x_cec.o(.text) refers to stm32f10x_rcc.o(.text) for RCC_APB1PeriphResetCmd
    stm32f10x_dac.o(.text) refers to stm32f10x_rcc.o(.text) for RCC_APB1PeriphResetCmd
    stm32f10x_gpio.o(.text) refers to stm32f10x_rcc.o(.text) for RCC_APB2PeriphResetCmd
    stm32f10x_i2c.o(.text) refers to stm32f10x_rcc.o(.text) for RCC_APB1PeriphResetCmd
[...]
    .data                                    0x20000034   Section       20  stm32f10x_rcc.o(.data)
    APBAHBPrescTable                         0x20000034   Data          16  stm32f10x_rcc.o(.data)
    ADCPrescTable                            0x20000044   Data           4  stm32f10x_rcc.o(.data)
    .data                                    0x20000048   Section       11  ad7663.o(.data)
    TIM3_count1                              0x2000004a   Data           2  ad7663.o(.data)
    TIM3_count2                              0x2000004c   Data           2  ad7663.o(.data)
    TIM3_count3                              0x2000004e   Data           2  ad7663.o(.data)
    TIM3_count4                              0x20000050   Data           2  ad7663.o(.data)
    u8Before_Status                          0x20000052   Data           1  ad7663.o(.data)
    .data                                    0x20000054   Section      329  user_data.o(.data)
    .data                                    0x2000019d   Section       51  w5500.o(.data)
    .data                                    0x200001d0   Section        2  w5500_app.o(.data)
    .data                                    0x200001d4   Section       57  hyaes_app.o(.data)
    .data                                    0x2000020d   Section        4  base64.o(.data)
    lpCode                                   0x2000020d   Data           4  base64.o(.data)
    .data                                    0x20000214   Section        4  stdout.o(.data)
    .data                                    0x20000218   Section        4  mvars.o(.data)
    .data                                    0x2000021c   Section        4  mvars.o(.data)
    .bss                                     0x20000220   Section     1024  cabrate_computer.o(.bss)
    .bss                                     0x20000620   Section       21  systemerr.o(.bss)
    .bss                                     0x20000638   Section    16112  ad7663_app.o(.bss)
    .bss                                     0x20004528   Section    22049  user_data.o(.bss)
    .bss                                     0x20009b4c   Section      104  w5500_app.o(.bss)
    _ADCabVariable                           0x20009b4c   Data         104  w5500_app.o(.bss)
    .bss                                     0x20009bb4   Section       64  hyaes_app.o(.bss)
    HEAP                                     0x20009bf8   Section     1024  startup_stm32f10x_hd.o(HEAP)
    STACK                                    0x20009ff8   Section     2048  startup_stm32f10x_hd.o(STACK)

    Global Symbols

    Symbol Name                              Value     Ov Type        Size  Object(Section)

    BuildAttributes$$THM_ISAv4$P$D$K$B$S$PE$A:L22UL41UL21$X:L11$S22US41US21$IEEE1$IW$USESV6$~STKCKD$USESV7$~SHL$OTIME$ROPI$EBA8$MICROLIB$REQ8$PRES8$EABIv2 0x00000000   Number         0  anon$$obj.o ABSOLUTE
    __ARM_use_no_argv                        0x00000000   Number         0  main.o ABSOLUTE
    _printf_a                                0x00000000   Number         0  stubs.o ABSOLUTE
    _printf_c                                0x00000000   Number         0  stubs.o ABSOLUTE
    _printf_charcount                        0x00000000   Number         0  stubs.o ABSOLUTE
    _printf_d                                0x00000000   Number         0  stubs.o ABSOLUTE
    _printf_e                                0x00000000   Number         0  stubs.o ABSOLUTE
    _printf_f                                0x00000000   Number         0  stubs.o ABSOLUTE
    _printf_flags                            0x00000000   Number         0  stubs.o ABSOLUTE
    _printf_fp_dec                           0x00000000   Number         0  stubs.o ABSOLUTE
    _printf_fp_hex                           0x00000000   Number         0  stubs.o ABSOLUTE
    _printf_g                                0x00000000   Number         0  stubs.o ABSOLUTE
    _printf_i                                0x00000000   Number         0  stubs.o ABSOLUTE
    _printf_int_dec                          0x00000000   Number         0  stubs.o ABSOLUTE
    _printf_l                                0x00000000   Number         0  stubs.o ABSOLUTE
    _printf_lc                               0x00000000   Number         0  stubs.o ABSOLUTE
    _printf_ll                               0x00000000   Number         0  stubs.o ABSOLUTE
    _printf_lld                              0x00000000   Number         0  stubs.o ABSOLUTE
    _printf_lli                              0x00000000   Number         0  stubs.o ABSOLUTE
    _printf_llo                              0x00000000   Number         0  stubs.o ABSOLUTE
    _printf_llu                              0x00000000   Number         0  stubs.o ABSOLUTE
    _printf_llx                              0x00000000   Number         0  stubs.o ABSOLUTE
    _printf_longlong_dec                     0x00000000   Number         0  stubs.o ABSOLUTE
    _printf_longlong_hex                     0x00000000   Number         0  stubs.o ABSOLUTE
    _printf_longlong_oct                     0x00000000   Number         0  stubs.o ABSOLUTE
    _printf_ls                               0x00000000   Number         0  stubs.o ABSOLUTE
    _printf_mbtowc                           0x00000000   Number         0  stubs.o ABSOLUTE
    _printf_n                                0x00000000   Number         0  stubs.o ABSOLUTE
    _printf_o                                0x00000000   Number         0  stubs.o ABSOLUTE
    _printf_p                                0x00000000   Number         0  stubs.o ABSOLUTE
    _printf_percent                          0x00000000   Number         0  stubs.o ABSOLUTE
    _printf_pre_padding                      0x00000000   Number         0  stubs.o ABSOLUTE
    _printf_return_value                     0x00000000   Number         0  stubs.o ABSOLUTE
    _printf_s                                0x00000000   Number         0  stubs.o ABSOLUTE
    _printf_sizespec                         0x00000000   Number         0  stubs.o ABSOLUTE
    _printf_str                              0x00000000   Number         0  stubs.o ABSOLUTE
    _printf_truncate_signed                  0x00000000   Number         0  stubs.o ABSOLUTE
    _printf_truncate_unsigned                0x00000000   Number         0  stubs.o ABSOLUTE
    _printf_u                                0x00000000   Number         0  stubs.o ABSOLUTE
    _printf_wc                               0x00000000   Number         0  stubs.o ABSOLUTE
    _printf_wctomb                           0x00000000   Number         0  stubs.o ABSOLUTE
    _printf_widthprec                        0x00000000   Number         0  stubs.o ABSOLUTE
    _printf_x                                0x00000000   Number         0  stubs.o ABSOLUTE
    __cpp_initialize__aeabi_                  - Undefined Weak Reference
    __cxa_finalize                            - Undefined Weak Reference
    _clock_init                               - Undefined Weak Reference
    _microlib_exit                            - Undefined Weak Reference
    __Vectors_Size                           0x00000130   Number         0  startup_stm32f10x_hd.o ABSOLUTE
    __Vectors                                0x08010000   Data           4  startup_stm32f10x_hd.o(RESET)
    __Vectors_End                            0x08010130   Data           0  startup_stm32f10x_hd.o(RESET)
    __main                                   0x08010131   Thumb Code     0  entry.o(.ARM.Collect$$$$00000000)
    _main_stk                                0x08010131   Thumb Code     0  entry2.o(.ARM.Collect$$$$00000001)
    _main_scatterload                        0x08010135   Thumb Code     0  entry5.o(.ARM.Collect$$$$00000004)
    __main_after_scatterload                 0x08010139   Thumb Code     0  entry5.o(.ARM.Collect$$$$00000004)
    _main_clock                              0x08010139   Thumb Code     0  entry7b.o(.ARM.Collect$$$$00000008)
    _main_cpp_init                           0x08010139   Thumb Code     0  entry8b.o(.ARM.Collect$$$$0000000A)
    _main_init                               0x08010139   Thumb Code     0  entry9a.o(.ARM.Collect$$$$0000000B)
    __rt_final_cpp                           0x08010141   Thumb Code     0  entry10a.o(.ARM.Collect$$$$0000000D)
    __rt_final_exit                          0x08010141   Thumb Code     0  entry11a.o(.ARM.Collect$$$$0000000F)
    Reset_Handler                            0x08010145   Thumb Code     8  startup_stm32f10x_hd.o(.text)
    ADC1_2_IRQHandler                        0x0801015f   Thumb Code     0  startup_stm32f10x_hd.o(.text)
    ADC3_IRQHandler                          0x0801015f   Thumb Code     0  startup_stm32f10x_hd.o(.text)
    CAN1_RX1_IRQHandler                      0x0801015f   Thumb Code     0  startup_stm32f10x_hd.o(.text)
    CAN1_SCE_IRQHandler                      0x0801015f   Thumb Code     0  startup_stm32f10x_hd.o(.text)
    DMA1_Channel1_IRQHandler                 0x0801015f   Thumb Code     0  startup_stm32f10x_hd.o(.text)
    DMA1_Channel2_IRQHandler                 0x0801015f   Thumb Code     0  startup_stm32f10x_hd.o(.text)
    DMA1_Channel3_IRQHandler                 0x0801015f   Thumb Code     0  startup_stm32f10x_hd.o(.text)
    DMA1_Channel4_IRQHandler                 0x0801015f   Thumb Code     0  startup_stm32f10x_hd.o(.text)
    DMA1_Channel5_IRQHandler                 0x0801015f   Thumb Code     0  startup_stm32f10x_hd.o(.text)
    DMA1_Channel6_IRQHandler                 0x0801015f   Thumb Code     0  startup_stm32f10x_hd.o(.text)
    DMA1_Channel7_IRQHandler                 0x0801015f   Thumb Code     0  startup_stm32f10x_hd.o(.text)
    DMA2_Channel1_IRQHandler                 0x0801015f   Thumb Code     0  startup_stm32f10x_hd.o(.text)
    DMA2_Channel2_IRQHandler                 0x0801015f   Thumb Code     0  startup_stm32f10x_hd.o(.text)
    DMA2_Channel3_IRQHandler                 0x0801015f   Thumb Code     0  startup_stm32f10x_hd.o(.text)
    DMA2_Channel4_5_IRQHandler               0x0801015f   Thumb Code     0  startup_stm32f10x_hd.o(.text)
    EXTI0_IRQHandler                         0x0801015f   Thumb Code     0  startup_stm32f10x_hd.o(.text)
    EXTI1_IRQHandler                         0x0801015f   Thumb Code     0  startup_stm32f10x_hd.o(.text)
    EXTI2_IRQHandler                         0x0801015f   Thumb Code     0  startup_stm32f10x_hd.o(.text)
    EXTI3_IRQHandler                         0x0801015f   Thumb Code     0  startup_stm32f10x_hd.o(.text)
    EXTI4_IRQHandler                         0x0801015f   Thumb Code     0  startup_stm32f10x_hd.o(.text)
    FLASH_IRQHandler                         0x0801015f   Thumb Code     0  startup_stm32f10x_hd.o(.text)
    FSMC_IRQHandler                          0x0801015f   Thumb Code     0  startup_stm32f10x_hd.o(.text)
    I2C1_ER_IRQHandler                       0x0801015f   Thumb Code     0  startup_stm32f10x_hd.o(.text)
    I2C1_EV_IRQHandler                       0x0801015f   Thumb Code     0  startup_stm32f10x_hd.o(.text)
    I2C2_ER_IRQHandler                       0x0801015f   Thumb Code     0  startup_stm32f10x_hd.o(.text)
    I2C2_EV_IRQHandler                       0x0801015f   Thumb Code     0  startup_stm32f10x_hd.o(.text)
    PVD_IRQHandler                           0x0801015f   Thumb Code     0  startup_stm32f10x_hd.o(.text)
    RCC_IRQHandler                           0x0801015f   Thumb Code     0  startup_stm32f10x_hd.o(.text)
    RTCAlarm_IRQHandler                      0x0801015f   Thumb Code     0  startup_stm32f10x_hd.o(.text)
    RTC_IRQHandler                           0x0801015f   Thumb Code     0  startup_stm32f10x_hd.o(.text)
    SDIO_IRQHandler                          0x0801015f   Thumb Code     0  startup_stm32f10x_hd.o(.text)
    SPI1_IRQHandler                          0x0801015f   Thumb Code     0  startup_stm32f10x_hd.o(.text)
    SPI2_IRQHandler                          0x0801015f   Thumb Code     0  startup_stm32f10x_hd.o(.text)
    SPI3_IRQHandler                          0x0801015f   Thumb Code     0  startup_stm32f10x_hd.o(.text)
    TAMPER_IRQHandler                        0x0801015f   Thumb Code     0  startup_stm32f10x_hd.o(.text)
    TIM1_BRK_IRQHandler                      0x0801015f   Thumb Code     0  startup_stm32f10x_hd.o(.text)
    TIM1_CC_IRQHandler                       0x0801015f   Thumb Code     0  startup_stm32f10x_hd.o(.text)
    TIM1_TRG_COM_IRQHandler                  0x0801015f   Thumb Code     0  startup_stm32f10x_hd.o(.text)
    TIM1_UP_IRQHandler                       0x0801015f   Thumb Code     0  startup_stm32f10x_hd.o(.text)
    TIM5_IRQHandler                          0x0801015f   Thumb Code     0  startup_stm32f10x_hd.o(.text)
    TIM6_IRQHandler                          0x0801015f   Thumb Code     0  startup_stm32f10x_hd.o(.text)
    TIM7_IRQHandler                          0x0801015f   Thumb Code     0  startup_stm32f10x_hd.o(.text)
    TIM8_BRK_IRQHandler                      0x0801015f   Thumb Code     0  startup_stm32f10x_hd.o(.text)
    TIM8_CC_IRQHandler                       0x0801015f   Thumb Code     0  startup_stm32f10x_hd.o(.text)
    TIM8_TRG_COM_IRQHandler                  0x0801015f   Thumb Code     0  startup_stm32f10x_hd.o(.text)
    TIM8_UP_IRQHandler                       0x0801015f   Thumb Code     0  startup_stm32f10x_hd.o(.text)
    UART4_IRQHandler                         0x0801015f   Thumb Code     0  startup_stm32f10x_hd.o(.text)
    UART5_IRQHandler                         0x0801015f   Thumb Code     0  startup_stm32f10x_hd.o(.text)
    USART1_IRQHandler                        0x0801015f   Thumb Code     0  startup_stm32f10x_hd.o(.text)
    USART2_IRQHandler                        0x0801015f   Thumb Code     0  startup_stm32f10x_hd.o(.text)
    USART3_IRQHandler                        0x0801015f   Thumb Code     0  startup_stm32f10x_hd.o(.text)
    USBWakeUp_IRQHandler                     0x0801015f   Thumb Code     0  startup_stm32f10x_hd.o(.text)
    USB_HP_CAN1_TX_IRQHandler                0x0801015f   Thumb Code     0  startup_stm32f10x_hd.o(.text)
    USB_LP_CAN1_RX0_IRQHandler               0x0801015f   Thumb Code     0  startup_stm32f10x_hd.o(.text)
    WWDG_IRQHandler                          0x0801015f   Thumb Code     0  startup_stm32f10x_hd.o(.text)
    NMI_Handler                              0x08010169   Thumb Code     2  stm32f10x_it.o(.text)
    HardFault_Handler                        0x0801016b   Thumb Code     4  stm32f10x_it.o(.text)
    MemManage_Handler                        0x0801016f   Thumb Code     4  stm32f10x_it.o(.text)
    BusFault_Handler                         0x08010173   Thumb Code     4  stm32f10x_it.o(.text)
    UsageFault_Handler                       0x08010177   Thumb Code     4  stm32f10x_it.o(.text)
    SVC_Handler                              0x0801017b   Thumb Code     2  stm32f10x_it.o(.text)
    DebugMon_Handler                         0x0801017d   Thumb Code     2  stm32f10x_it.o(.text)
    PendSV_Handler                           0x0801017f   Thumb Code     2  stm32f10x_it.o(.text)
    SysTick_Handler                          0x08010181   Thumb Code     2  stm32f10x_it.o(.text)
    EXTI15_10_IRQHandler                     0x08010183   Thumb Code     8  stm32f10x_it.o(.text)
    TIM2_IRQHandler                          0x0801018b   Thumb Code     8  stm32f10x_it.o(.text)
    TIM3_IRQHandler                          0x08010193   Thumb Code     8  stm32f10x_it.o(.text)
    TIM4_IRQHandler                          0x0801019b   Thumb Code     8  stm32f10x_it.o(.text)
    EXTI9_5_IRQHandler                       0x080101a3   Thumb Code     8  stm32f10x_it.o(.text)
    main                                     0x080101ad   Thumb Code   366  main.o(.text)
    IWDG_Configuration                       0x08010341   Thumb Code    34  user_app.o(.text)
    FunW5500_SendLED                         0x08010363   Thumb Code    80  user_app.o(.text)
    Fun_VoltageConvertValue                  0x080103b3   Thumb Code   566  user_app.o(.text)
    Fun_Adjust                               0x080105e9   Thumb Code   750  user_app.o(.text)
    Fun_Zero                                 0x080108d7   Thumb Code   346  user_app.o(.text)
    FunW5500_SendGF                          0x08010a31   Thumb Code   236  user_app.o(.text)
    FunW5500_SendDF                          0x08010b1d   Thumb Code   244  user_app.o(.text)
    Fun_DealWeight                           0x08010c11   Thumb Code   220  user_app.o(.text)
    DataRank                                 0x08010ced   Thumb Code    68  user_app.o(.text)
    IO_GetInStatus                           0x08010d31   Thumb Code   142  user_app.o(.text)
    Fun_AllWeightTest                        0x08010dbf   Thumb Code  1374  user_app.o(.text)
    Fun_GetParameter                         0x0801131d   Thumb Code  1910  user_app.o(.text)
    Get_Parameter                            0x08011a93   Thumb Code   394  user_app.o(.text)
    Fun_SignalTest                           0x08011c1d   Thumb Code  2796  user_app.o(.text)
    FunW5500_SendT2                          0x08012709   Thumb Code   236  user_app.o(.text)
    FunW5500_SendT1                          0x080127f5   Thumb Code   236  user_app.o(.text)
    Fun_DynamoStart                          0x080128e1   Thumb Code  2840  user_app.o(.text)
    FunW5500_SendGB                          0x080133f9   Thumb Code   442  user_app.o(.text)
    Fun_Stable                               0x080135b3   Thumb Code   688  user_app.o(.text)
    Fun_DealCC                               0x08013863   Thumb Code   988  user_app.o(.text)
    Deal_Data                                0x08013c3f   Thumb Code   126  user_app.o(.text)
    Fun_TestZC                               0x08013cbd   Thumb Code  2376  user_app.o(.text)
    Fun_DealZZ                               0x08014605   Thumb Code   190  user_app.o(.text)
    Fun_TestZZ                               0x080146c3   Thumb Code  2142  user_app.o(.text)
    Fun_TestCC                               0x08014f21   Thumb Code  3654  user_app.o(.text)
    Fun_AllWeightTestJJ                      0x08015d67   Thumb Code  1858  user_app.o(.text)
    Fun_DealJJ                               0x080164a9   Thumb Code  1018  user_app.o(.text)
    Fun_TestJJ                               0x080168a3   Thumb Code  3702  user_app.o(.text)
    FunW5500_SendGW                          0x08017719   Thumb Code   516  user_app.o(.text)
    FunW5500_SendDW                          0x0801791d   Thumb Code  1076  user_app.o(.text)
    Fun_ReadData                             0x08017d51   Thumb Code    74  user_app.o(.text)
    Fun_DealDCData                           0x08017d9b   Thumb Code   192  user_app.o(.text)
    FunW5500_SendDC                          0x08017e5b   Thumb Code   884  user_app.o(.text)
    FunW5500_TestC                           0x080181cf   Thumb Code   568  user_app.o(.text)
    Fun_DealParameter                        0x08018407   Thumb Code   586  user_app.o(.text)
    W5500_ParameterReset                     0x08018651   Thumb Code   116  user_app.o(.text)
    Cabrate_Computer                         0x08018d55   Thumb Code   216  cabrate_computer.o(.text)
    SystemPass_Init                          0x08018e41   Thumb Code     2  systemerr.o(.text)
    SystemErr_Init                           0x08018e43   Thumb Code   210  systemerr.o(.text)
    SystemErr_W5500Send                      0x08018f15   Thumb Code   436  systemerr.o(.text)
    SystemErr_Test                           0x080190c9   Thumb Code   102  systemerr.o(.text)
    SystemInit                               0x08019243   Thumb Code    78  system_stm32f10x.o(.text)
    SystemCoreClockUpdate                    0x08019291   Thumb Code   142  system_stm32f10x.o(.text)
    NVIC_PriorityGroupConfig                 0x08019345   Thumb Code    10  misc.o(.text)
    NVIC_Init                                0x0801934f   Thumb Code   100  misc.o(.text)
    NVIC_SetVectorTable                      0x080193b3   Thumb Code    14  misc.o(.text)
    NVIC_SystemLPConfig                      0x080193c1   Thumb Code    34  misc.o(.text)
    SysTick_CLKSourceConfig                  0x080193e3   Thumb Code    40  misc.o(.text)
    EXTI_DeInit                              0x08019421   Thumb Code    28  stm32f10x_exti.o(.text)
    EXTI_Init                                0x0801943d   Thumb Code   142  stm32f10x_exti.o(.text)
    EXTI_StructInit                          0x080194cb   Thumb Code    16  stm32f10x_exti.o(.text)
    EXTI_GenerateSWInterrupt                 0x080194db   Thumb Code    16  stm32f10x_exti.o(.text)
    EXTI_GetFlagStatus                       0x080194eb   Thumb Code    22  stm32f10x_exti.o(.text)
    EXTI_ClearFlag                           0x08019501   Thumb Code     8  stm32f10x_exti.o(.text)
    EXTI_GetITStatus                         0x08019509   Thumb Code    34  stm32f10x_exti.o(.text)
    EXTI_ClearITPendingBit                   0x0801952b   Thumb Code     8  stm32f10x_exti.o(.text)
    FLASH_SetLatency                         0x0801953d   Thumb Code    18  stm32f10x_flash.o(.text)
    FLASH_HalfCycleAccessCmd                 0x0801954f   Thumb Code    22  stm32f10x_flash.o(.text)
    FLASH_PrefetchBufferCmd                  0x08019565   Thumb Code    22  stm32f10x_flash.o(.text)
    FLASH_Unlock                             0x0801957b   Thumb Code    12  stm32f10x_flash.o(.text)
    FLASH_UnlockBank1                        0x08019587   Thumb Code    12  stm32f10x_flash.o(.text)
    FLASH_Lock                               0x08019593   Thumb Code    14  stm32f10x_flash.o(.text)
    FLASH_LockBank1                          0x080195a1   Thumb Code    14  stm32f10x_flash.o(.text)
    FLASH_GetBank1Status                     0x080195af   Thumb Code    48  stm32f10x_flash.o(.text)
    FLASH_WaitForLastOperation               0x080195df   Thumb Code    38  stm32f10x_flash.o(.text)
    FLASH_ErasePage                          0x08019605   Thumb Code    72  stm32f10x_flash.o(.text)
    FLASH_EraseAllPages                      0x0801964d   Thumb Code    68  stm32f10x_flash.o(.text)
    FLASH_WaitForLastBank1Operation          0x08019691   Thumb Code    38  stm32f10x_flash.o(.text)
    FLASH_EraseAllBank1Pages                 0x080196b7   Thumb Code    68  stm32f10x_flash.o(.text)
    FLASH_GetReadOutProtectionStatus         0x080196fb   Thumb Code    20  stm32f10x_flash.o(.text)
    FLASH_EraseOptionBytes                   0x0801970f   Thumb Code   150  stm32f10x_flash.o(.text)
    FLASH_ProgramWord                        0x080197a5   Thumb Code   102  stm32f10x_flash.o(.text)
    FLASH_ProgramHalfWord                    0x0801980b   Thumb Code    60  stm32f10x_flash.o(.text)
    FLASH_ProgramOptionByteData              0x08019847   Thumb Code    72  stm32f10x_flash.o(.text)
    FLASH_EnableWriteProtection              0x0801988f   Thumb Code   200  stm32f10x_flash.o(.text)
    FLASH_ReadOutProtection                  0x08019957   Thumb Code   156  stm32f10x_flash.o(.text)
    FLASH_UserOptionByteConfig               0x080199f3   Thumb Code    88  stm32f10x_flash.o(.text)
    FLASH_GetUserOptionByte                  0x08019a4b   Thumb Code     8  stm32f10x_flash.o(.text)
    FLASH_GetWriteProtectionOptionByte       0x08019a53   Thumb Code     6  stm32f10x_flash.o(.text)
    FLASH_GetPrefetchBufferStatus            0x08019a59   Thumb Code    20  stm32f10x_flash.o(.text)
    FLASH_ITConfig                           0x08019a6d   Thumb Code    26  stm32f10x_flash.o(.text)
    FLASH_GetFlagStatus                      0x08019a87   Thumb Code    42  stm32f10x_flash.o(.text)
    FLASH_ClearFlag                          0x08019ab1   Thumb Code     6  stm32f10x_flash.o(.text)
    FLASH_GetStatus                          0x08019ab7   Thumb Code    48  stm32f10x_flash.o(.text)
    GPIO_DeInit                              0x08019af9   Thumb Code   172  stm32f10x_gpio.o(.text)
    GPIO_AFIODeInit                          0x08019ba5   Thumb Code    20  stm32f10x_gpio.o(.text)
    GPIO_Init                                0x08019bb9   Thumb Code   278  stm32f10x_gpio.o(.text)
    GPIO_StructInit                          0x08019ccf   Thumb Code    16  stm32f10x_gpio.o(.text)
    GPIO_ReadInputDataBit                    0x08019cdf   Thumb Code    18  stm32f10x_gpio.o(.text)
    GPIO_ReadInputData                       0x08019cf1   Thumb Code     8  stm32f10x_gpio.o(.text)
    GPIO_ReadOutputDataBit                   0x08019cf9   Thumb Code    18  stm32f10x_gpio.o(.text)
    GPIO_ReadOutputData                      0x08019d0b   Thumb Code     8  stm32f10x_gpio.o(.text)
    GPIO_SetBits                             0x08019d13   Thumb Code     4  stm32f10x_gpio.o(.text)
    GPIO_ResetBits                           0x08019d17   Thumb Code     4  stm32f10x_gpio.o(.text)
    GPIO_WriteBit                            0x08019d1b   Thumb Code    10  stm32f10x_gpio.o(.text)
    GPIO_Write                               0x08019d25   Thumb Code     4  stm32f10x_gpio.o(.text)
    GPIO_PinLockConfig                       0x08019d29   Thumb Code    18  stm32f10x_gpio.o(.text)
    GPIO_EventOutputConfig                   0x08019d3b   Thumb Code    26  stm32f10x_gpio.o(.text)
    GPIO_EventOutputCmd                      0x08019d55   Thumb Code     6  stm32f10x_gpio.o(.text)
    GPIO_PinRemapConfig                      0x08019d5b   Thumb Code   138  stm32f10x_gpio.o(.text)
    GPIO_EXTILineConfig                      0x08019de5   Thumb Code    66  stm32f10x_gpio.o(.text)
    GPIO_ETH_MediaInterfaceConfig            0x08019e27   Thumb Code     8  stm32f10x_gpio.o(.text)
    IWDG_WriteAccessCmd                      0x08019e55   Thumb Code     6  stm32f10x_iwdg.o(.text)
    IWDG_SetPrescaler                        0x08019e5b   Thumb Code     6  stm32f10x_iwdg.o(.text)
    IWDG_SetReload                           0x08019e61   Thumb Code     6  stm32f10x_iwdg.o(.text)
    IWDG_ReloadCounter                       0x08019e67   Thumb Code    10  stm32f10x_iwdg.o(.text)
    IWDG_Enable                              0x08019e71   Thumb Code    10  stm32f10x_iwdg.o(.text)
    IWDG_GetFlagStatus                       0x08019e7b   Thumb Code    20  stm32f10x_iwdg.o(.text)
    RCC_DeInit                               0x08019e95   Thumb Code    64  stm32f10x_rcc.o(.text)
    RCC_HSEConfig                            0x08019ed5   Thumb Code    70  stm32f10x_rcc.o(.text)
    RCC_GetFlagStatus                        0x08019f1b   Thumb Code    56  stm32f10x_rcc.o(.text)
    RCC_WaitForHSEStartUp                    0x08019f53   Thumb Code    56  stm32f10x_rcc.o(.text)
    RCC_AdjustHSICalibrationValue            0x08019f8b   Thumb Code    20  stm32f10x_rcc.o(.text)
    RCC_HSICmd                               0x08019f9f   Thumb Code     6  stm32f10x_rcc.o(.text)
    RCC_PLLConfig                            0x08019fa5   Thumb Code    24  stm32f10x_rcc.o(.text)
    RCC_PLLCmd                               0x08019fbd   Thumb Code     6  stm32f10x_rcc.o(.text)
    RCC_SYSCLKConfig                         0x08019fc3   Thumb Code    18  stm32f10x_rcc.o(.text)
    RCC_GetSYSCLKSource                      0x08019fd5   Thumb Code    10  stm32f10x_rcc.o(.text)
    RCC_HCLKConfig                           0x08019fdf   Thumb Code    18  stm32f10x_rcc.o(.text)
    RCC_PCLK1Config                          0x08019ff1   Thumb Code    18  stm32f10x_rcc.o(.text)
    RCC_PCLK2Config                          0x0801a003   Thumb Code    20  stm32f10x_rcc.o(.text)
    RCC_ITConfig                             0x0801a017   Thumb Code    26  stm32f10x_rcc.o(.text)
    RCC_USBCLKConfig                         0x0801a031   Thumb Code     8  stm32f10x_rcc.o(.text)
    RCC_ADCCLKConfig                         0x0801a039   Thumb Code    18  stm32f10x_rcc.o(.text)
    RCC_LSEConfig                            0x0801a04b   Thumb Code    50  stm32f10x_rcc.o(.text)
    RCC_LSICmd                               0x0801a07d   Thumb Code     6  stm32f10x_rcc.o(.text)
    RCC_RTCCLKConfig                         0x0801a083   Thumb Code    12  stm32f10x_rcc.o(.text)
    RCC_RTCCLKCmd                            0x0801a08f   Thumb Code     8  stm32f10x_rcc.o(.text)
    RCC_GetClocksFreq                        0x0801a097   Thumb Code   192  stm32f10x_rcc.o(.text)
    RCC_AHBPeriphClockCmd                    0x0801a157   Thumb Code    26  stm32f10x_rcc.o(.text)
    RCC_APB2PeriphClockCmd                   0x0801a171   Thumb Code    26  stm32f10x_rcc.o(.text)
    RCC_APB1PeriphClockCmd                   0x0801a18b   Thumb Code    26  stm32f10x_rcc.o(.text)
    RCC_APB2PeriphResetCmd                   0x0801a1a5   Thumb Code    26  stm32f10x_rcc.o(.text)
    RCC_APB1PeriphResetCmd                   0x0801a1bf   Thumb Code    26  stm32f10x_rcc.o(.text)
    RCC_BackupResetCmd                       0x0801a1d9   Thumb Code     8  stm32f10x_rcc.o(.text)
    RCC_ClockSecuritySystemCmd               0x0801a1e1   Thumb Code     6  stm32f10x_rcc.o(.text)
    RCC_MCOConfig                            0x0801a1e7   Thumb Code     6  stm32f10x_rcc.o(.text)
    RCC_ClearFlag                            0x0801a1ed   Thumb Code    14  stm32f10x_rcc.o(.text)
    RCC_GetITStatus                          0x0801a1fb   Thumb Code    20  stm32f10x_rcc.o(.text)
    RCC_ClearITPendingBit                    0x0801a20f   Thumb Code     6  stm32f10x_rcc.o(.text)
    SPI_I2S_DeInit                           0x0801a239   Thumb Code    76  stm32f10x_spi.o(.text)
    SPI_Init                                 0x0801a285   Thumb Code    60  stm32f10x_spi.o(.text)
    I2S_Init                                 0x0801a2c1   Thumb Code   226  stm32f10x_spi.o(.text)
    SPI_StructInit                           0x0801a3a3   Thumb Code    24  stm32f10x_spi.o(.text)
    I2S_StructInit                           0x0801a3bb   Thumb Code    20  stm32f10x_spi.o(.text)
    SPI_Cmd                                  0x0801a3cf   Thumb Code    24  stm32f10x_spi.o(.text)
    I2S_Cmd                                  0x0801a3e7   Thumb Code    24  stm32f10x_spi.o(.text)
    SPI_I2S_ITConfig                         0x0801a3ff   Thumb Code    32  stm32f10x_spi.o(.text)
    SPI_I2S_DMACmd                           0x0801a41f   Thumb Code    18  stm32f10x_spi.o(.text)
    SPI_I2S_SendData                         0x0801a431   Thumb Code     4  stm32f10x_spi.o(.text)
    SPI_I2S_ReceiveData                      0x0801a435   Thumb Code     6  stm32f10x_spi.o(.text)
    SPI_NSSInternalSoftwareConfig            0x0801a43b   Thumb Code    30  stm32f10x_spi.o(.text)
    SPI_SSOutputCmd                          0x0801a459   Thumb Code    24  stm32f10x_spi.o(.text)
    SPI_DataSizeConfig                       0x0801a471   Thumb Code    18  stm32f10x_spi.o(.text)
    SPI_TransmitCRC                          0x0801a483   Thumb Code    10  stm32f10x_spi.o(.text)
    SPI_CalculateCRC                         0x0801a48d   Thumb Code    24  stm32f10x_spi.o(.text)
    SPI_GetCRC                               0x0801a4a5   Thumb Code    16  stm32f10x_spi.o(.text)
    SPI_GetCRCPolynomial                     0x0801a4b5   Thumb Code     6  stm32f10x_spi.o(.text)
    SPI_BiDirectionalLineConfig              0x0801a4bb   Thumb Code    28  stm32f10x_spi.o(.text)
    SPI_I2S_GetFlagStatus                    0x0801a4d7   Thumb Code    18  stm32f10x_spi.o(.text)
    SPI_I2S_ClearFlag                        0x0801a4e9   Thumb Code     6  stm32f10x_spi.o(.text)
    SPI_I2S_GetITStatus                      0x0801a4ef   Thumb Code    52  stm32f10x_spi.o(.text)
    SPI_I2S_ClearITPendingBit                0x0801a523   Thumb Code    20  stm32f10x_spi.o(.text)
    TIM_DeInit                               0x0801a545   Thumb Code   424  stm32f10x_tim.o(.text)
    TIM_TimeBaseInit                         0x0801a6ed   Thumb Code   122  stm32f10x_tim.o(.text)
    TIM_OC1Init                              0x0801a767   Thumb Code   132  stm32f10x_tim.o(.text)
    TIM_OC2Init                              0x0801a7eb   Thumb Code   154  stm32f10x_tim.o(.text)
    TIM_OC3Init                              0x0801a885   Thumb Code   150  stm32f10x_tim.o(.text)
    TIM_OC4Init                              0x0801a91b   Thumb Code   182  stm32f10x_tim.o(.text)
    TIM_SetIC4Prescaler                      0x0801a9d1   Thumb Code    26  stm32f10x_tim.o(.text)
    TIM_SetIC3Prescaler                      0x0801aa6d   Thumb Code    18  stm32f10x_tim.o(.text)
    TIM_SetIC2Prescaler                      0x0801aaf9   Thumb Code    26  stm32f10x_tim.o(.text)
    TIM_SetIC1Prescaler                      0x0801ab95   Thumb Code    18  stm32f10x_tim.o(.text)
    TIM_ICInit                               0x0801ac13   Thumb Code   150  stm32f10x_tim.o(.text)
    TIM_PWMIConfig                           0x0801aca9   Thumb Code   124  stm32f10x_tim.o(.text)
    TIM_BDTRConfig                           0x0801ad25   Thumb Code    32  stm32f10x_tim.o(.text)
    TIM_TimeBaseStructInit                   0x0801ad45   Thumb Code    18  stm32f10x_tim.o(.text)
    TIM_OCStructInit                         0x0801ad57   Thumb Code    20  stm32f10x_tim.o(.text)
    TIM_ICStructInit                         0x0801ad6b   Thumb Code    18  stm32f10x_tim.o(.text)
    TIM_BDTRStructInit                       0x0801ad7d   Thumb Code    40  stm32f10x_tim.o(.text)
    TIM_Cmd                                  0x0801ada5   Thumb Code    24  stm32f10x_tim.o(.text)
    TIM_CtrlPWMOutputs                       0x0801adbd   Thumb Code    30  stm32f10x_tim.o(.text)
    TIM_ITConfig                             0x0801addb   Thumb Code    18  stm32f10x_tim.o(.text)
    TIM_GenerateEvent                        0x0801aded   Thumb Code     4  stm32f10x_tim.o(.text)
    TIM_DMAConfig                            0x0801adf1   Thumb Code    10  stm32f10x_tim.o(.text)
    TIM_DMACmd                               0x0801adfb   Thumb Code    18  stm32f10x_tim.o(.text)
    TIM_InternalClockConfig                  0x0801ae0d   Thumb Code    12  stm32f10x_tim.o(.text)
    TIM_SelectInputTrigger                   0x0801ae19   Thumb Code    18  stm32f10x_tim.o(.text)
    TIM_ITRxExternalClockConfig              0x0801ae2b   Thumb Code    24  stm32f10x_tim.o(.text)
    TIM_TIxExternalClockConfig               0x0801ae43   Thumb Code    62  stm32f10x_tim.o(.text)
    TIM_ETRConfig                            0x0801ae81   Thumb Code    28  stm32f10x_tim.o(.text)
    TIM_ETRClockMode1Config                  0x0801ae9d   Thumb Code    54  stm32f10x_tim.o(.text)
    TIM_ETRClockMode2Config                  0x0801aed3   Thumb Code    32  stm32f10x_tim.o(.text)
    TIM_PrescalerConfig                      0x0801aef3   Thumb Code     6  stm32f10x_tim.o(.text)
    TIM_CounterModeConfig                    0x0801aef9   Thumb Code    18  stm32f10x_tim.o(.text)
    TIM_EncoderInterfaceConfig               0x0801af0b   Thumb Code    66  stm32f10x_tim.o(.text)
    TIM_ForcedOC1Config                      0x0801af4d   Thumb Code    18  stm32f10x_tim.o(.text)
    TIM_ForcedOC2Config                      0x0801af5f   Thumb Code    26  stm32f10x_tim.o(.text)
    TIM_ForcedOC3Config                      0x0801af79   Thumb Code    18  stm32f10x_tim.o(.text)
    TIM_ForcedOC4Config                      0x0801af8b   Thumb Code    26  stm32f10x_tim.o(.text)
    TIM_ARRPreloadConfig                     0x0801afa5   Thumb Code    24  stm32f10x_tim.o(.text)
    TIM_SelectCOM                            0x0801afbd   Thumb Code    24  stm32f10x_tim.o(.text)
    TIM_SelectCCDMA                          0x0801afd5   Thumb Code    24  stm32f10x_tim.o(.text)
    TIM_CCPreloadControl                     0x0801afed   Thumb Code    24  stm32f10x_tim.o(.text)
    TIM_OC1PreloadConfig                     0x0801b005   Thumb Code    18  stm32f10x_tim.o(.text)
    TIM_OC2PreloadConfig                     0x0801b017   Thumb Code    26  stm32f10x_tim.o(.text)
    TIM_OC3PreloadConfig                     0x0801b031   Thumb Code    18  stm32f10x_tim.o(.text)
    TIM_OC4PreloadConfig                     0x0801b043   Thumb Code    26  stm32f10x_tim.o(.text)
    TIM_OC1FastConfig                        0x0801b05d   Thumb Code    18  stm32f10x_tim.o(.text)
    TIM_OC2FastConfig                        0x0801b06f   Thumb Code    26  stm32f10x_tim.o(.text)
    TIM_OC3FastConfig                        0x0801b089   Thumb Code    18  stm32f10x_tim.o(.text)
    TIM_OC4FastConfig                        0x0801b09b   Thumb Code    26  stm32f10x_tim.o(.text)
    TIM_ClearOC1Ref                          0x0801b0b5   Thumb Code    18  stm32f10x_tim.o(.text)
    TIM_ClearOC2Ref                          0x0801b0c7   Thumb Code    24  stm32f10x_tim.o(.text)
    TIM_ClearOC3Ref                          0x0801b0df   Thumb Code    18  stm32f10x_tim.o(.text)
    TIM_ClearOC4Ref                          0x0801b0f1   Thumb Code    24  stm32f10x_tim.o(.text)
    TIM_OC1PolarityConfig                    0x0801b109   Thumb Code    18  stm32f10x_tim.o(.text)
    TIM_OC1NPolarityConfig                   0x0801b11b   Thumb Code    18  stm32f10x_tim.o(.text)
    TIM_OC2PolarityConfig                    0x0801b12d   Thumb Code    26  stm32f10x_tim.o(.text)
    TIM_OC2NPolarityConfig                   0x0801b147   Thumb Code    26  stm32f10x_tim.o(.text)
    TIM_OC3PolarityConfig                    0x0801b161   Thumb Code    26  stm32f10x_tim.o(.text)
    TIM_OC3NPolarityConfig                   0x0801b17b   Thumb Code    26  stm32f10x_tim.o(.text)
    TIM_OC4PolarityConfig                    0x0801b195   Thumb Code    26  stm32f10x_tim.o(.text)
    TIM_CCxCmd                               0x0801b1af   Thumb Code    30  stm32f10x_tim.o(.text)
    TIM_CCxNCmd                              0x0801b1cd   Thumb Code    30  stm32f10x_tim.o(.text)
    TIM_SelectOCxM                           0x0801b1eb   Thumb Code    82  stm32f10x_tim.o(.text)
    TIM_UpdateDisableConfig                  0x0801b23d   Thumb Code    24  stm32f10x_tim.o(.text)
    TIM_UpdateRequestConfig                  0x0801b255   Thumb Code    24  stm32f10x_tim.o(.text)
    TIM_SelectHallSensor                     0x0801b26d   Thumb Code    24  stm32f10x_tim.o(.text)
    TIM_SelectOnePulseMode                   0x0801b285   Thumb Code    18  stm32f10x_tim.o(.text)
    TIM_SelectOutputTrigger                  0x0801b297   Thumb Code    18  stm32f10x_tim.o(.text)
    TIM_SelectSlaveMode                      0x0801b2a9   Thumb Code    18  stm32f10x_tim.o(.text)
    TIM_SelectMasterSlaveMode                0x0801b2bb   Thumb Code    18  stm32f10x_tim.o(.text)
    TIM_SetCounter                           0x0801b2cd   Thumb Code     4  stm32f10x_tim.o(.text)
    TIM_SetAutoreload                        0x0801b2d1   Thumb Code     4  stm32f10x_tim.o(.text)
    TIM_SetCompare1                          0x0801b2d5   Thumb Code     4  stm32f10x_tim.o(.text)
    TIM_SetCompare2                          0x0801b2d9   Thumb Code     4  stm32f10x_tim.o(.text)
    TIM_SetCompare3                          0x0801b2dd   Thumb Code     4  stm32f10x_tim.o(.text)
    TIM_SetCompare4                          0x0801b2e1   Thumb Code     6  stm32f10x_tim.o(.text)
    TIM_SetClockDivision                     0x0801b2e7   Thumb Code    18  stm32f10x_tim.o(.text)
    TIM_GetCapture1                          0x0801b2f9   Thumb Code     6  stm32f10x_tim.o(.text)
    TIM_GetCapture2                          0x0801b2ff   Thumb Code     6  stm32f10x_tim.o(.text)
    TIM_GetCapture3                          0x0801b305   Thumb Code     6  stm32f10x_tim.o(.text)
    TIM_GetCapture4                          0x0801b30b   Thumb Code     8  stm32f10x_tim.o(.text)
    TIM_GetCounter                           0x0801b313   Thumb Code     6  stm32f10x_tim.o(.text)
    TIM_GetPrescaler                         0x0801b319   Thumb Code     6  stm32f10x_tim.o(.text)
    TIM_GetFlagStatus                        0x0801b31f   Thumb Code    18  stm32f10x_tim.o(.text)
    TIM_ClearFlag                            0x0801b331   Thumb Code     6  stm32f10x_tim.o(.text)
    TIM_GetITStatus                          0x0801b337   Thumb Code    34  stm32f10x_tim.o(.text)
    TIM_ClearITPendingBit                    0x0801b359   Thumb Code     6  stm32f10x_tim.o(.text)
    USART_DeInit                             0x0801b361   Thumb Code   134  stm32f10x_usart.o(.text)
    USART_Init                               0x0801b3e7   Thumb Code   210  stm32f10x_usart.o(.text)
    USART_StructInit                         0x0801b4b9   Thumb Code    24  stm32f10x_usart.o(.text)
    USART_ClockInit                          0x0801b4d1   Thumb Code    34  stm32f10x_usart.o(.text)
    USART_ClockStructInit                    0x0801b4f3   Thumb Code    12  stm32f10x_usart.o(.text)
    USART_Cmd                                0x0801b4ff   Thumb Code    24  stm32f10x_usart.o(.text)
    USART_ITConfig                           0x0801b517   Thumb Code    74  stm32f10x_usart.o(.text)
    USART_DMACmd                             0x0801b561   Thumb Code    18  stm32f10x_usart.o(.text)
    USART_SetAddress                         0x0801b573   Thumb Code    18  stm32f10x_usart.o(.text)
    USART_WakeUpConfig                       0x0801b585   Thumb Code    18  stm32f10x_usart.o(.text)
    USART_ReceiverWakeUpCmd                  0x0801b597   Thumb Code    24  stm32f10x_usart.o(.text)
    USART_LINBreakDetectLengthConfig         0x0801b5af   Thumb Code    18  stm32f10x_usart.o(.text)
    USART_LINCmd                             0x0801b5c1   Thumb Code    24  stm32f10x_usart.o(.text)
    USART_SendData                           0x0801b5d9   Thumb Code     8  stm32f10x_usart.o(.text)
    USART_ReceiveData                        0x0801b5e1   Thumb Code    10  stm32f10x_usart.o(.text)
    USART_SendBreak                          0x0801b5eb   Thumb Code    10  stm32f10x_usart.o(.text)
    USART_SetGuardTime                       0x0801b5f5   Thumb Code    16  stm32f10x_usart.o(.text)
    USART_SetPrescaler                       0x0801b605   Thumb Code    16  stm32f10x_usart.o(.text)
    USART_SmartCardCmd                       0x0801b615   Thumb Code    24  stm32f10x_usart.o(.text)
    USART_SmartCardNACKCmd                   0x0801b62d   Thumb Code    24  stm32f10x_usart.o(.text)
    USART_HalfDuplexCmd                      0x0801b645   Thumb Code    24  stm32f10x_usart.o(.text)
    USART_OverSampling8Cmd                   0x0801b65d   Thumb Code    22  stm32f10x_usart.o(.text)
    USART_OneBitMethodCmd                    0x0801b673   Thumb Code    24  stm32f10x_usart.o(.text)
    USART_IrDAConfig                         0x0801b68b   Thumb Code    18  stm32f10x_usart.o(.text)
    USART_IrDACmd                            0x0801b69d   Thumb Code    24  stm32f10x_usart.o(.text)
    USART_GetFlagStatus                      0x0801b6b5   Thumb Code    26  stm32f10x_usart.o(.text)
    USART_ClearFlag                          0x0801b6cf   Thumb Code    18  stm32f10x_usart.o(.text)
    USART_GetITStatus                        0x0801b6e1   Thumb Code    84  stm32f10x_usart.o(.text)
    USART_ClearITPendingBit                  0x0801b735   Thumb Code    52  stm32f10x_usart.o(.text)
    ADC_7663_Gpioinit                        0x0801b769   Thumb Code   180  ad7663.o(.text)
    ADC_7663_NVIC_Config                     0x0801b81d   Thumb Code   248  ad7663.o(.text)
    ADC_Convert                              0x0801b915   Thumb Code   214  ad7663.o(.text)
    EXTI15_10_ISR                            0x0801b9eb   Thumb Code    26  ad7663.o(.text)
    TIM2_ISR                                 0x0801ba05   Thumb Code   504  ad7663.o(.text)
    TIM3_ISR                                 0x0801bbfd   Thumb Code   448  ad7663.o(.text)
    Delay_ms                                 0x0801bdbd   Thumb Code    26  ad7663.o(.text)
    ADC_7663_Init                            0x0801bdd7   Thumb Code    12  ad7663.o(.text)
    TIM4_NVIC_Config                         0x0801be25   Thumb Code    98  ad7663_app.o(.text)
    InitADList                               0x0801be87   Thumb Code    80  ad7663_app.o(.text)
    InitADScreen                             0x0801bed7   Thumb Code    24  ad7663_app.o(.text)
    ADGet_Cycle_Queue                        0x0801beef   Thumb Code    52  ad7663_app.o(.text)
    ADGet_Data                               0x0801bf23   Thumb Code   298  ad7663_app.o(.text)
    ADShow_Display                           0x0801c04d   Thumb Code   140  ad7663_app.o(.text)
    ADShow_Adjust                            0x0801c0d9   Thumb Code   140  ad7663_app.o(.text)
    ADShow_Samp                              0x0801c165   Thumb Code   140  ad7663_app.o(.text)
    TIM4_ISR                                 0x0801c1f1   Thumb Code    42  ad7663_app.o(.text)
    fputc                                    0x0801c275   Thumb Code    32  user_usart.o(.text)
    Usart_Init                               0x0801c295   Thumb Code   232  user_usart.o(.text)
    SPI_FLASH_SendByte                       0x0801c389   Thumb Code    50  flash_spi.o(.text)
    SPI_FLASH_ReadID                         0x0801c3bb   Thumb Code    78  flash_spi.o(.text)
    SPI_Flash_Check                          0x0801c409   Thumb Code    24  flash_spi.o(.text)
    SPI_FLASH_Init                           0x0801c421   Thumb Code   278  flash_spi.o(.text)
    SPI_FLASH_WaitForWriteEnd                0x0801c537   Thumb Code    50  flash_spi.o(.text)
    SPI_FLASH_WriteEnable                    0x0801c569   Thumb Code    30  flash_spi.o(.text)
    SPI_FLASH_SectorErase                    0x0801c587   Thumb Code    68  flash_spi.o(.text)
    SPI_FLASH_SectorErase_A                  0x0801c5cb   Thumb Code    72  flash_spi.o(.text)
    SPI_FLASH_BulkErase                      0x0801c613   Thumb Code    38  flash_spi.o(.text)
    SPI_FLASH_PageWrite                      0x0801c639   Thumb Code   102  flash_spi.o(.text)
    SPI_FLASH_BufferWrite                    0x0801c69f   Thumb Code   536  flash_spi.o(.text)
    SPI_FLASH_SectorWrite                    0x0801c8b7   Thumb Code    26  flash_spi.o(.text)
    SPI_FLASH_BufferRead                     0x0801c8d1   Thumb Code    82  flash_spi.o(.text)
    SPI_FLASH_ReadDeviceID                   0x0801c923   Thumb Code    60  flash_spi.o(.text)
    SPI_FLASH_StartReadSequence              0x0801c95f   Thumb Code    44  flash_spi.o(.text)
    SPI_FLASH_ReadByte                       0x0801c98b   Thumb Code    10  flash_spi.o(.text)
    SPI_FLASH_SendHalfWord                   0x0801c995   Thumb Code    48  flash_spi.o(.text)
    SPI_FLASH_WriteDisable                   0x0801c9c5   Thumb Code    30  flash_spi.o(.text)
    SPI_Flash_ReadSR                         0x0801c9e3   Thumb Code    42  flash_spi.o(.text)
    SPI_Flash_Wait_Busy                      0x0801ca0d   Thumb Code    18  flash_spi.o(.text)
    SPI_Flash_PowerDown                      0x0801ca1f   Thumb Code    30  flash_spi.o(.text)
    SPI_Flash_WAKEUP                         0x0801ca3d   Thumb Code    30  flash_spi.o(.text)
    IO_GpioConfig                            0x0801ca65   Thumb Code   416  user_io.o(.text)
    W5500_GPIO_Configuration                 0x0801cc31   Thumb Code   160  w5500.o(.text)
    W5500_SPI_Configuration                  0x0801ccd1   Thumb Code   154  w5500.o(.text)
    EXTI9_5_ISR                              0x0801cd6b   Thumb Code    24  w5500.o(.text)
    SPI1_Send_Byte                           0x0801cd83   Thumb Code    28  w5500.o(.text)
    SPI1_Send_Short                          0x0801cd9f   Thumb Code    28  w5500.o(.text)
    Write_W5500_1Byte                        0x0801cdbb   Thumb Code    42  w5500.o(.text)
    Write_W5500_2Byte                        0x0801cde5   Thumb Code    42  w5500.o(.text)
    Write_W5500_nByte                        0x0801ce0f   Thumb Code    62  w5500.o(.text)
    Write_W5500_SOCK_1Byte                   0x0801ce4d   Thumb Code    54  w5500.o(.text)
    Write_W5500_SOCK_2Byte                   0x0801ce83   Thumb Code    54  w5500.o(.text)
    Write_W5500_SOCK_4Byte                   0x0801ceb9   Thumb Code    80  w5500.o(.text)
    Read_W5500_1Byte                         0x0801cf09   Thumb Code    58  w5500.o(.text)
    Read_W5500_SOCK_1Byte                    0x0801cf43   Thumb Code    70  w5500.o(.text)
    Read_W5500_SOCK_2Byte                    0x0801cf89   Thumb Code    94  w5500.o(.text)
    Read_SOCK_Data_Buffer                    0x0801cfe7   Thumb Code   310  w5500.o(.text)
    Write_SOCK_Data_Buffer                   0x0801d11d   Thumb Code   256  w5500.o(.text)
    Detect_Gateway                           0x0801d21d   Thumb Code   194  w5500.o(.text)
    Socket_Init                              0x0801d2df   Thumb Code   280  w5500.o(.text)
    Socket_Connect                           0x0801d3f7   Thumb Code    70  w5500.o(.text)
    Socket_Listen                            0x0801d43d   Thumb Code   148  w5500.o(.text)
    Socket_UDP                               0x0801d4d1   Thumb Code    60  w5500.o(.text)
    W5500_Interrupt_Process                  0x0801d50d   Thumb Code   884  w5500.o(.text)
    W5500_Init                               0x0801d881   Thumb Code   292  w5500.o(.text)
    W5500_Socket_Set                         0x0801d9a5   Thumb Code   386  w5500.o(.text)
    IDtoMAC                                  0x0801db49   Thumb Code    46  w5500_app.o(.text)
    Load_Net_Parameters                      0x0801db77   Thumb Code   228  w5500_app.o(.text)
    W5500_Initialization                     0x0801dc5b   Thumb Code    36  w5500_app.o(.text)
    W5500_Hardware_Reset                     0x0801dc7f   Thumb Code    80  w5500_app.o(.text)
    W5500_Send_Data                          0x0801dccf   Thumb Code   112  w5500_app.o(.text)
    FLASH_Read_Word                          0x0801dd3f   Thumb Code     6  w5500_app.o(.text)
    W5500_Socket_Data                        0x0801dd45   Thumb Code 49250  w5500_app.o(.text)
    W5500_Receive_Deal                       0x08029da7   Thumb Code   130  w5500_app.o(.text)
    W5500_Init_Config                        0x08029e29   Thumb Code    28  w5500_app.o(.text)
    W5500_Reset                              0x08029e45   Thumb Code   112  w5500_app.o(.text)
    HY_CryptoEncode                          0x08029f21   Thumb Code   238  hyaes_app.o(.text)
    EN_AES                                   0x0802a00f   Thumb Code    60  hyaes_app.o(.text)
    HY_CryptoDecode                          0x0802a04b   Thumb Code   198  hyaes_app.o(.text)
    Get_System_Ciphertext                    0x0802a111   Thumb Code   278  hyaes_app.o(.text)
    AES_Handler                              0x0802a227   Thumb Code   108  hyaes_app.o(.text)
    De_AES                                   0x0802a293   Thumb Code    88  hyaes_app.o(.text)
    AES_cbc_encrypt                          0x0802a319   Thumb Code   362  aes_cbc.o(.text)
    AES_set_encrypt_key                      0x0802a485   Thumb Code   720  aes_core.o(.text)
    AES_set_decrypt_key                      0x0802a755   Thumb Code   496  aes_core.o(.text)
    AES_encrypt                              0x0802a945   Thumb Code  1186  aes_core.o(.text)
    AES_decrypt                              0x0802ade7   Thumb Code  1142  aes_core.o(.text)
    HY_Base64Encode                          0x0802b281   Thumb Code   180  base64.o(.text)
    GetCharIndex                             0x0802b335   Thumb Code    76  base64.o(.text)
    HY_Base64Decode                          0x0802b381   Thumb Code   136  base64.o(.text)
    __aeabi_memcpy                           0x0802b411   Thumb Code    36  memcpya.o(.text)
    __aeabi_memcpy4                          0x0802b411   Thumb Code     0  memcpya.o(.text)
    __aeabi_memcpy8                          0x0802b411   Thumb Code     0  memcpya.o(.text)
    __aeabi_memset                           0x0802b435   Thumb Code    14  memseta.o(.text)
    __aeabi_memset4                          0x0802b435   Thumb Code     0  memseta.o(.text)
    __aeabi_memset8                          0x0802b435   Thumb Code     0  memseta.o(.text)
    __aeabi_memclr                           0x0802b443   Thumb Code     4  memseta.o(.text)
    __aeabi_memclr4                          0x0802b443   Thumb Code     0  memseta.o(.text)
    __aeabi_memclr8                          0x0802b443   Thumb Code     0  memseta.o(.text)
    _memset$wrapper                          0x0802b447   Thumb Code    18  memseta.o(.text)
    strlen                                   0x0802b459   Thumb Code    14  strlen.o(.text)
    memcmp                                   0x0802b467   Thumb Code    26  memcmp.o(.text)
    __aeabi_fadd                             0x0802b481   Thumb Code   164  fadd.o(.text)
    __aeabi_fsub                             0x0802b525   Thumb Code     6  fadd.o(.text)
    __aeabi_frsub                            0x0802b52b   Thumb Code     6  fadd.o(.text)
    __aeabi_fmul                             0x0802b531   Thumb Code   100  fmul.o(.text)
    __aeabi_fdiv                             0x0802b595   Thumb Code   124  fdiv.o(.text)
    __aeabi_dadd                             0x0802b611   Thumb Code   322  dadd.o(.text)
    __aeabi_dsub                             0x0802b753   Thumb Code     6  dadd.o(.text)
    __aeabi_drsub                            0x0802b759   Thumb Code     6  dadd.o(.text)
    __aeabi_dmul                             0x0802b75f   Thumb Code   228  dmul.o(.text)
    __aeabi_ddiv                             0x0802b843   Thumb Code   222  ddiv.o(.text)
    __aeabi_i2f                              0x0802b921   Thumb Code    18  fflti.o(.text)
    __aeabi_ui2f                             0x0802b933   Thumb Code    10  ffltui.o(.text)
    __aeabi_f2uiz                            0x0802b93d   Thumb Code    40  ffixui.o(.text)
    __aeabi_d2uiz                            0x0802b965   Thumb Code    50  dfixui.o(.text)
    __aeabi_f2d                              0x0802b997   Thumb Code    38  f2d.o(.text)
    __aeabi_cdcmpeq                          0x0802b9bd   Thumb Code     0  cdcmple.o(.text)
    __aeabi_cdcmple                          0x0802b9bd   Thumb Code    48  cdcmple.o(.text)
    __aeabi_cdrcmple                         0x0802b9ed   Thumb Code    48  cdrcmple.o(.text)
    __aeabi_d2f                              0x0802ba1d   Thumb Code    56  d2f.o(.text)
    __aeabi_cfcmpeq                          0x0802ba55   Thumb Code     0  cfcmple.o(.text)
    __aeabi_cfcmple                          0x0802ba55   Thumb Code    20  cfcmple.o(.text)
    __aeabi_cfrcmple                         0x0802ba69   Thumb Code    20  cfrcmple.o(.text)
    __aeabi_uidiv                            0x0802ba7d   Thumb Code     0  uidiv.o(.text)
    __aeabi_uidivmod                         0x0802ba7d   Thumb Code    44  uidiv.o(.text)
    __aeabi_llsl                             0x0802baa9   Thumb Code    30  llshl.o(.text)
    _ll_shift_l                              0x0802baa9   Thumb Code     0  llshl.o(.text)
    __aeabi_llsr                             0x0802bac7   Thumb Code    32  llushr.o(.text)
    _ll_ushift_r                             0x0802bac7   Thumb Code     0  llushr.o(.text)
    __aeabi_lasr                             0x0802bae7   Thumb Code    36  llsshr.o(.text)
    _ll_sshift_r                             0x0802bae7   Thumb Code     0  llsshr.o(.text)
    __I$use$fp                               0x0802bb0b   Thumb Code     0  iusefp.o(.text)
    _float_round                             0x0802bb0b   Thumb Code    18  fepilogue.o(.text)
    _float_epilogue                          0x0802bb1d   Thumb Code    92  fepilogue.o(.text)
    _double_round                            0x0802bb79   Thumb Code    30  depilogue.o(.text)
    _double_epilogue                         0x0802bb97   Thumb Code   156  depilogue.o(.text)
    __scatterload                            0x0802bc35   Thumb Code    28  init.o(.text)
    __scatterload_rt2                        0x0802bc35   Thumb Code     0  init.o(.text)
    __decompress                             0x0802bc59   Thumb Code     0  __dczerorl2.o(.text)
    __decompress1                            0x0802bc59   Thumb Code    86  __dczerorl2.o(.text)
    __0printf$1                              0x0802bcb1   Thumb Code    22  printf1.o(i.__0printf$1)
    __1printf$1                              0x0802bcb1   Thumb Code     0  printf1.o(i.__0printf$1)
    __2printf                                0x0802bcb1   Thumb Code     0  printf1.o(i.__0printf$1)
    __scatterload_copy                       0x0802bcd1   Thumb Code    14  handlers.o(i.__scatterload_copy)
    __scatterload_null                       0x0802bcdf   Thumb Code     2  handlers.o(i.__scatterload_null)
    __scatterload_zeroinit                   0x0802bce1   Thumb Code    14  handlers.o(i.__scatterload_zeroinit)
    free                                     0x0802be45   Thumb Code    76  malloc.o(i.free)
    malloc                                   0x0802be95   Thumb Code    92  malloc.o(i.malloc)
    BASE_CODE                                0x0802e098   Data          65  base64.o(.constdata)
    Region$$Table$$Base                      0x0802e0dc   Number         0  anon$$obj.o(Region$$Table)
    Region$$Table$$Limit                     0x0802e0fc   Number         0  anon$$obj.o(Region$$Table)
    CabItemIndex                             0x20000000   Data           1  cabrate_computer.o(.data)
    un12_Err                                 0x20000001   Data           3  systemerr.o(.data)
    un14_Err                                 0x20000004   Data           3  systemerr.o(.data)
    un15_Err                                 0x20000007   Data           3  systemerr.o(.data)
    un16_Err                                 0x2000000a   Data           3  systemerr.o(.data)
    un17_Err                                 0x2000000d   Data           3  systemerr.o(.data)
    un18_Err                                 0x20000010   Data           3  systemerr.o(.data)
    un19_Err                                 0x20000013   Data           3  systemerr.o(.data)
    un20_Err                                 0x20000016   Data           3  systemerr.o(.data)
    un21_Err                                 0x20000019   Data           3  systemerr.o(.data)
    st11_ErrFlag                             0x2000001c   Data           1  systemerr.o(.data)
    st13_ErrFlag                             0x2000001d   Data           1  systemerr.o(.data)
    st17_ErrFlag                             0x2000001e   Data           1  systemerr.o(.data)
    st18_ErrFlag                             0x2000001f   Data           1  systemerr.o(.data)
    SystemCoreClock                          0x20000020   Data           4  system_stm32f10x.o(.data)
    AHBPrescTable                            0x20000024   Data          16  system_stm32f10x.o(.data)
    ADC_FinishFlg                            0x20000048   Data           1  ad7663.o(.data)
    System_State                             0x20000054   Data           1  user_data.o(.data)
    USER_SystemFlag                          0x20000058   Data           4  user_data.o(.data)
    USER_LEDFlag                             0x2000005c   Data           2  user_data.o(.data)
    WorkState_Flg                            0x2000005e   Data           1  user_data.o(.data)
    Reset_Flag                               0x2000005f   Data           1  user_data.o(.data)
    Network0_StopFlg                         0x20000060   Data           1  user_data.o(.data)
    Network1_StopFlg                         0x20000061   Data           1  user_data.o(.data)
    Encryption_Cnt                           0x20000062   Data           1  user_data.o(.data)
    AD_Channel_ID                            0x20000063   Data           1  user_data.o(.data)
    Zero_LeftWeight                          0x20000064   Data           2  user_data.o(.data)
    Zero_RightWight                          0x20000066   Data           2  user_data.o(.data)
    Zero_LeftBrake                           0x20000068   Data           2  user_data.o(.data)
    Zero_RightBrake                          0x2000006a   Data           2  user_data.o(.data)
    Zero_AllWeight                           0x2000006c   Data           2  user_data.o(.data)
    Zero_FootPlat                            0x2000006e   Data           2  user_data.o(.data)
    Zero_LeftMove                            0x20000070   Data           2  user_data.o(.data)
    Zero_RightMove                           0x20000072   Data           2  user_data.o(.data)
    Signal_TransferTime                      0x20000074   Data           1  user_data.o(.data)
    TIM2_1ms                                 0x20000076   Data           2  user_data.o(.data)
    TIM2_count                               0x20000078   Data           4  user_data.o(.data)
    TIM2_count_Delay                         0x2000007c   Data           4  user_data.o(.data)
    TIM2_count1                              0x20000080   Data           2  user_data.o(.data)
    TIM2_count2                              0x20000082   Data           2  user_data.o(.data)
    TIM2_count3                              0x20000084   Data           2  user_data.o(.data)
    TIM2_count4                              0x20000086   Data           2  user_data.o(.data)
    Left_DynamicWeight                       0x20000088   Data           2  user_data.o(.data)
    Right_DynamicWeight                      0x2000008a   Data           2  user_data.o(.data)
    All_DynamicWeight                        0x2000008c   Data           2  user_data.o(.data)
    DynamicFootPlat                          0x2000008e   Data           2  user_data.o(.data)
    Left_DynamicBrake                        0x20000090   Data           2  user_data.o(.data)
    Right_DynamicBrake                       0x20000092   Data           2  user_data.o(.data)
    DynamicWeight_Number                     0x20000094   Data           1  user_data.o(.data)
    Left_StaticWeight                        0x20000096   Data           2  user_data.o(.data)
    Right_StaticWeight                       0x20000098   Data           2  user_data.o(.data)
    Motor_StaticWeight                       0x2000009a   Data           2  user_data.o(.data)
    AllNone_StaticWeight                     0x2000009c   Data           2  user_data.o(.data)
    AllFull_StaticWeight                     0x2000009e   Data           2  user_data.o(.data)
    Left_BrakeSum                            0x200000a0   Data           2  user_data.o(.data)
    Right_BrakeSum                           0x200000a2   Data           2  user_data.o(.data)
    Left_BrakeSub                            0x200000a4   Data           2  user_data.o(.data)
    Right_BrakeSub                           0x200000a6   Data           2  user_data.o(.data)
    Left_BrakeSumJJ                          0x200000a8   Data           2  user_data.o(.data)
    Right_BrakeSumJJ                         0x200000aa   Data           2  user_data.o(.data)
    Left_BrakeSubJJ                          0x200000ac   Data           2  user_data.o(.data)
    Right_BrakeSubJJ                         0x200000ae   Data           2  user_data.o(.data)
    Left_BrakeAve                            0x200000b0   Data           2  user_data.o(.data)
    Right_BrakeAve                           0x200000b2   Data           2  user_data.o(.data)
    u16Left_BrakeZero                        0x200000b4   Data           2  user_data.o(.data)
    u16Right_BrakeZero                       0x200000b6   Data           2  user_data.o(.data)
    Left_StopTime                            0x200000b8   Data           2  user_data.o(.data)
    Right_StopTime                           0x200000ba   Data           2  user_data.o(.data)
    Left_StopFlag                            0x200000bc   Data           1  user_data.o(.data)
    Right_StopFlag                           0x200000bd   Data           1  user_data.o(.data)
    u16Protect_Limit                         0x200000be   Data           2  user_data.o(.data)
    con_TranB                                0x200000c0   Data          19  user_data.o(.data)
    con_TranAACK                             0x200000d3   Data           3  user_data.o(.data)
    con_TranZACK                             0x200000d6   Data           3  user_data.o(.data)
    con_TranXACK                             0x200000d9   Data           3  user_data.o(.data)
    con_TranU                                0x200000dc   Data           3  user_data.o(.data)
    con_TranI                                0x200000df   Data           3  user_data.o(.data)
    con_TranR                                0x200000e2   Data           3  user_data.o(.data)
    con_TranMI                               0x200000e5   Data           8  user_data.o(.data)
    con_TranMW                               0x200000ed   Data           5  user_data.o(.data)
    con_TranMA                               0x200000f2   Data           5  user_data.o(.data)
    con_TranMF1                              0x200000f7   Data           5  user_data.o(.data)
    con_TranMF2                              0x200000fc   Data           5  user_data.o(.data)
    con_TranML                               0x20000101   Data           4  user_data.o(.data)
    con_TranMM                               0x20000105   Data           4  user_data.o(.data)
    con_TranMD                               0x20000109   Data           4  user_data.o(.data)
    con_TranMZ                               0x2000010d   Data           4  user_data.o(.data)
    con_TranMB                               0x20000111   Data           4  user_data.o(.data)
    con_TranMJ                               0x20000115   Data           4  user_data.o(.data)
    con_TranM2                               0x20000119   Data           4  user_data.o(.data)
    con_TranT0                               0x2000011d   Data           4  user_data.o(.data)
    con_TranT1                               0x20000121   Data           4  user_data.o(.data)
    con_TranT2                               0x20000125   Data           4  user_data.o(.data)
    con_TranT3                               0x20000129   Data           4  user_data.o(.data)
    con_TranT4                               0x2000012d   Data           4  user_data.o(.data)
    con_TranT7                               0x20000131   Data           4  user_data.o(.data)
    con_TranT8                               0x20000135   Data           4  user_data.o(.data)
    con_TranT9                               0x20000139   Data           4  user_data.o(.data)
    con_TranTD                               0x2000013d   Data           4  user_data.o(.data)
    con_TranTF                               0x20000141   Data           4  user_data.o(.data)
    con_TranS                                0x20000145   Data           5  user_data.o(.data)
    con_TranKACK                             0x2000014a   Data           6  user_data.o(.data)
    con_TranWG                               0x20000150   Data           4  user_data.o(.data)
    con_TranWE                               0x20000154   Data           6  user_data.o(.data)
    con_TranE1W                              0x2000015a   Data           5  user_data.o(.data)
    con_TranE2W                              0x2000015f   Data           5  user_data.o(.data)
    con_TranEIW                              0x20000164   Data           5  user_data.o(.data)
    con_TranHX0                              0x20000169   Data           5  user_data.o(.data)
    con_TranHX1                              0x2000016e   Data           5  user_data.o(.data)
    con_TranHEF                              0x20000173   Data           5  user_data.o(.data)
    con_TranHET                              0x20000178   Data           5  user_data.o(.data)
    con_TranF                                0x2000017d   Data          29  user_data.o(.data)
    con_TranO                                0x2000019a   Data           3  user_data.o(.data)
    Gateway_IP                               0x2000019d   Data           4  w5500.o(.data)
    Sub_Mask                                 0x200001a1   Data           4  w5500.o(.data)
    Phy_Addr                                 0x200001a5   Data           6  w5500.o(.data)
    IP_Addr                                  0x200001ab   Data           4  w5500.o(.data)
    S0_Port                                  0x200001af   Data           2  w5500.o(.data)
    S0_DIP                                   0x200001b1   Data           4  w5500.o(.data)
    S0_DPort                                 0x200001b5   Data           2  w5500.o(.data)
    S1_Port                                  0x200001b7   Data           2  w5500.o(.data)
    UDP_DIPR                                 0x200001b9   Data           4  w5500.o(.data)
    UDP_DPORT                                0x200001bd   Data           2  w5500.o(.data)
    S2_Port                                  0x200001bf   Data           2  w5500.o(.data)
    S0_Mode                                  0x200001c1   Data           1  w5500.o(.data)
    S0_State                                 0x200001c2   Data           1  w5500.o(.data)
    S0_Data                                  0x200001c3   Data           1  w5500.o(.data)
    S1_Mode                                  0x200001c4   Data           1  w5500.o(.data)
    S1_State                                 0x200001c5   Data           1  w5500.o(.data)
    S1_Data                                  0x200001c6   Data           1  w5500.o(.data)
    S2_Mode                                  0x200001c7   Data           1  w5500.o(.data)
    S2_State                                 0x200001c8   Data           1  w5500.o(.data)
    S2_Data                                  0x200001c9   Data           1  w5500.o(.data)
    S3_Port                                  0x200001ca   Data           2  w5500.o(.data)
    S3_Mode                                  0x200001cc   Data           1  w5500.o(.data)
    S3_State                                 0x200001cd   Data           1  w5500.o(.data)
    S3_Data                                  0x200001ce   Data           1  w5500.o(.data)
    W5500_Interrupt                          0x200001cf   Data           1  w5500.o(.data)
    ucW5500_InitCTR                          0x200001d0   Data           1  w5500_app.o(.data)
    WFLASHStatus                             0x200001d1   Data           1  w5500_app.o(.data)
    cLocal_Set_Data                          0x200001d4   Data          15  hyaes_app.o(.data)
    cUserkey                                 0x200001e3   Data          33  hyaes_app.o(.data)
    iTimingDelay_1                           0x20000204   Data           4  hyaes_app.o(.data)
    iTimingDelay_2                           0x20000208   Data           4  hyaes_app.o(.data)
    cResult                                  0x2000020c   Data           1  hyaes_app.o(.data)
    __stdout                                 0x20000214   Data           4  stdout.o(.data)
    __microlib_freelist                      0x20000218   Data           4  mvars.o(.data)
    __microlib_freelist_initialised          0x2000021c   Data           4  mvars.o(.data)
    lij                                      0x20000220   Data         800  cabrate_computer.o(.bss)
    liy                                      0x20000540   Data          80  cabrate_computer.o(.bss)
    GauAA                                    0x20000590   Data          80  cabrate_computer.o(.bss)
    CabBuf                                   0x200005e0   Data          64  cabrate_computer.o(.bss)
    un11_Err                                 0x20000620   Data          12  systemerr.o(.bss)
    un13_Err                                 0x2000062c   Data           9  systemerr.o(.bss)
    AD_SampBuff                              0x20000638   Data       16000  ad7663_app.o(.bss)
    AD_Ind                                   0x200044b8   Data          16  ad7663_app.o(.bss)
    AD_SumDisplay                            0x200044c8   Data          32  ad7663_app.o(.bss)
    AD_SumAdjust                             0x200044e8   Data          32  ad7663_app.o(.bss)
    AD_SumSamp                               0x20004508   Data          32  ad7663_app.o(.bss)
    cID_Key                                  0x20004528   Data          32  user_data.o(.bss)
    Left_Weight_par                          0x20004548   Data          17  user_data.o(.bss)
    Right_Wight_par                          0x20004559   Data          17  user_data.o(.bss)
    Left_Brake_par                           0x2000456a   Data          17  user_data.o(.bss)
    Right_Brake_par                          0x2000457b   Data          17  user_data.o(.bss)
    All_Weight_par                           0x2000458c   Data          17  user_data.o(.bss)
    FootPlat_par                             0x2000459d   Data          17  user_data.o(.bss)
    Left_Move_par                            0x200045ae   Data          17  user_data.o(.bss)
    Right_Move_par                           0x200045bf   Data          17  user_data.o(.bss)
    SysParameter                             0x200045d0   Data          21  user_data.o(.bss)
    u16Left1_TemporaryWeight                 0x200045e6   Data         600  user_data.o(.bss)
    u16Right1_TemporaryWeight                0x2000483e   Data         600  user_data.o(.bss)
    Left_DynamicWeight1                      0x20004a96   Data          12  user_data.o(.bss)
    Right_DynamicWeight1                     0x20004aa2   Data          12  user_data.o(.bss)
    u16Left_Data                             0x20004aae   Data        1604  user_data.o(.bss)
    u16Right_Data                            0x200050f2   Data        1604  user_data.o(.bss)
    u8Tran_CurrentZ                          0x20005736   Data        3250  user_data.o(.bss)
    u8Tran_CurrentC                          0x200063e8   Data        3250  user_data.o(.bss)
    u8Tran_CurrentJ                          0x2000709a   Data        3250  user_data.o(.bss)
    u8Tran_CurrentN                          0x20007d4c   Data        3250  user_data.o(.bss)
    Rx_Buffer                                0x200089fe   Data         500  user_data.o(.bss)
    Tx_Buffer                                0x20008bf2   Data         500  user_data.o(.bss)
    Parameter_Buffer                         0x20008de6   Data         100  user_data.o(.bss)
    u8Send_Buffer                            0x20008e4a   Data        3300  user_data.o(.bss)
    W5500_Parameter                          0x20009b2e   Data          27  user_data.o(.bss)
    cData_AfterUnAES                         0x20009bb4   Data          64  hyaes_app.o(.bss)
    __heap_base                              0x20009bf8   Data           0  startup_stm32f10x_hd.o(HEAP)
    __heap_limit                             0x20009ff8   Data           0  startup_stm32f10x_hd.o(HEAP)
    __initial_sp                             0x2000a7f8   Data           0  startup_stm32f10x_hd.o(STACK)



==============================================================================

Memory Map of the image

  Image Entry point : 0x08010131

  Load Region LR_IROM1 (Base: 0x08010000, Size: 0x0001e31c, Max: 0x00070000, ABSOLUTE, COMPRESSED[0x0001e1f0])

    Execution Region ER_IROM1 (Exec base: 0x08010000, Load base: 0x08010000, Size: 0x0001e0fc, Max: 0x00070000, ABSOLUTE)

    Exec Addr    Load Addr    Size         Type   Attr      Idx    E Section Name        Object

    0x08010000   0x08010000   0x00000130   Data   RO            3    RESET               startup_stm32f10x_hd.o
    0x08010130   0x08010130   0x00000000   Code   RO          869  * .ARM.Collect$$$$00000000  mc_w.l(entry.o)
    0x08010130   0x08010130   0x00000004   Code   RO         1203    .ARM.Collect$$$$00000001  mc_w.l(entry2.o)
    0x08010134   0x08010134   0x00000004   Code   RO         1206    .ARM.Collect$$$$00000004  mc_w.l(entry5.o)
    0x08010138   0x08010138   0x00000000   Code   RO         1208    .ARM.Collect$$$$00000008  mc_w.l(entry7b.o)
    0x08010138   0x08010138   0x00000000   Code   RO         1210    .ARM.Collect$$$$0000000A  mc_w.l(entry8b.o)
    0x08010138   0x08010138   0x00000008   Code   RO         1211    .ARM.Collect$$$$0000000B  mc_w.l(entry9a.o)
    0x08010140   0x08010140   0x00000000   Code   RO         1213    .ARM.Collect$$$$0000000D  mc_w.l(entry10a.o)
    0x08010140   0x08010140   0x00000000   Code   RO         1215    .ARM.Collect$$$$0000000F  mc_w.l(entry11a.o)
    0x08010140   0x08010140   0x00000004   Code   RO         1204    .ARM.Collect$$$$00002712  mc_w.l(entry2.o)
    0x08010144   0x08010144   0x00000024   Code   RO            4    .text               startup_stm32f10x_hd.o
    0x08010168   0x08010168   0x00000042   Code   RO           10    .text               stm32f10x_it.o
    0x080101aa   0x080101aa   0x00000002   PAD
    0x080101ac   0x080101ac   0x00000194   Code   RO          123    .text               main.o
    0x08010340   0x08010340   0x00008398   Code   RO          212    .text               user_app.o
    0x080186d8   0x080186d8   0x00000768   Code   RO          227    .text               cabrate_computer.o
    0x08018e40   0x08018e40   0x00000324   Code   RO          250    .text               systemerr.o
    0x08019164   0x08019164   0x000001e0   Code   RO          269    .text               system_stm32f10x.o
    0x08019344   0x08019344   0x000000dc   Code   RO          297    .text               misc.o
    0x08019420   0x08019420   0x0000011c   Code   RO          429    .text               stm32f10x_exti.o
    0x0801953c   0x0801953c   0x000005bc   Code   RO          441    .text               stm32f10x_flash.o
    0x08019af8   0x08019af8   0x0000035c   Code   RO          468    .text               stm32f10x_gpio.o
    0x08019e54   0x08019e54   0x00000040   Code   RO          495    .text               stm32f10x_iwdg.o
    0x08019e94   0x08019e94   0x000003a4   Code   RO          522    .text               stm32f10x_rcc.o
    0x0801a238   0x0801a238   0x0000030c   Code   RO          566    .text               stm32f10x_spi.o
    0x0801a544   0x0801a544   0x00000e1a   Code   RO          578    .text               stm32f10x_tim.o
    0x0801b35e   0x0801b35e   0x00000002   PAD
    0x0801b360   0x0801b360   0x00000408   Code   RO          590    .text               stm32f10x_usart.o
    0x0801b768   0x0801b768   0x000006bc   Code   RO          617    .text               ad7663.o
    0x0801be24   0x0801be24   0x00000450   Code   RO          635    .text               ad7663_app.o
    0x0801c274   0x0801c274   0x00000114   Code   RO          653    .text               user_usart.o
    0x0801c388   0x0801c388   0x000006dc   Code   RO          668    .text               flash_spi.o
    0x0801ca64   0x0801ca64   0x000001cc   Code   RO          683    .text               user_io.o
    0x0801cc30   0x0801cc30   0x00000f18   Code   RO          711    .text               w5500.o
    0x0801db48   0x0801db48   0x0000c3d8   Code   RO          729    .text               w5500_app.o
    0x08029f20   0x08029f20   0x000003f8   Code   RO          753    .text               AES.lib(hyaes_app.o)
    0x0802a318   0x0802a318   0x0000016a   Code   RO          792    .text               AES.lib(aes_cbc.o)
    0x0802a482   0x0802a482   0x00000002   PAD
    0x0802a484   0x0802a484   0x00000dfc   Code   RO          823    .text               AES.lib(aes_core.o)
    0x0802b280   0x0802b280   0x00000190   Code   RO          850    .text               AES.lib(base64.o)
    0x0802b410   0x0802b410   0x00000024   Code   RO          872    .text               mc_w.l(memcpya.o)
    0x0802b434   0x0802b434   0x00000024   Code   RO          874    .text               mc_w.l(memseta.o)
    0x0802b458   0x0802b458   0x0000000e   Code   RO          876    .text               mc_w.l(strlen.o)
    0x0802b466   0x0802b466   0x0000001a   Code   RO          878    .text               mc_w.l(memcmp.o)
    0x0802b480   0x0802b480   0x000000b0   Code   RO         1171    .text               mf_w.l(fadd.o)
    0x0802b530   0x0802b530   0x00000064   Code   RO         1173    .text               mf_w.l(fmul.o)
    0x0802b594   0x0802b594   0x0000007c   Code   RO         1175    .text               mf_w.l(fdiv.o)
    0x0802b610   0x0802b610   0x0000014e   Code   RO         1177    .text               mf_w.l(dadd.o)
    0x0802b75e   0x0802b75e   0x000000e4   Code   RO         1179    .text               mf_w.l(dmul.o)
    0x0802b842   0x0802b842   0x000000de   Code   RO         1181    .text               mf_w.l(ddiv.o)
    0x0802b920   0x0802b920   0x00000012   Code   RO         1183    .text               mf_w.l(fflti.o)
    0x0802b932   0x0802b932   0x0000000a   Code   RO         1185    .text               mf_w.l(ffltui.o)
    0x0802b93c   0x0802b93c   0x00000028   Code   RO         1187    .text               mf_w.l(ffixui.o)
    0x0802b964   0x0802b964   0x00000032   Code   RO         1189    .text               mf_w.l(dfixui.o)
    0x0802b996   0x0802b996   0x00000026   Code   RO         1191    .text               mf_w.l(f2d.o)
    0x0802b9bc   0x0802b9bc   0x00000030   Code   RO         1193    .text               mf_w.l(cdcmple.o)
    0x0802b9ec   0x0802b9ec   0x00000030   Code   RO         1195    .text               mf_w.l(cdrcmple.o)
    0x0802ba1c   0x0802ba1c   0x00000038   Code   RO         1197    .text               mf_w.l(d2f.o)
    0x0802ba54   0x0802ba54   0x00000014   Code   RO         1199    .text               mf_w.l(cfcmple.o)
    0x0802ba68   0x0802ba68   0x00000014   Code   RO         1201    .text               mf_w.l(cfrcmple.o)
    0x0802ba7c   0x0802ba7c   0x0000002c   Code   RO         1218    .text               mc_w.l(uidiv.o)
    0x0802baa8   0x0802baa8   0x0000001e   Code   RO         1222    .text               mc_w.l(llshl.o)
    0x0802bac6   0x0802bac6   0x00000020   Code   RO         1224    .text               mc_w.l(llushr.o)
    0x0802bae6   0x0802bae6   0x00000024   Code   RO         1226    .text               mc_w.l(llsshr.o)
    0x0802bb0a   0x0802bb0a   0x00000000   Code   RO         1230    .text               mc_w.l(iusefp.o)
    0x0802bb0a   0x0802bb0a   0x0000006e   Code   RO         1231    .text               mf_w.l(fepilogue.o)
    0x0802bb78   0x0802bb78   0x000000ba   Code   RO         1233    .text               mf_w.l(depilogue.o)
    0x0802bc32   0x0802bc32   0x00000002   PAD
    0x0802bc34   0x0802bc34   0x00000024   Code   RO         1237    .text               mc_w.l(init.o)
    0x0802bc58   0x0802bc58   0x00000056   Code   RO         1247    .text               mc_w.l(__dczerorl2.o)
    0x0802bcae   0x0802bcae   0x00000002   PAD
    0x0802bcb0   0x0802bcb0   0x00000020   Code   RO          927    i.__0printf$1       mc_w.l(printf1.o)
    0x0802bcd0   0x0802bcd0   0x0000000e   Code   RO         1241    i.__scatterload_copy  mc_w.l(handlers.o)
    0x0802bcde   0x0802bcde   0x00000002   Code   RO         1242    i.__scatterload_null  mc_w.l(handlers.o)
    0x0802bce0   0x0802bce0   0x0000000e   Code   RO         1243    i.__scatterload_zeroinit  mc_w.l(handlers.o)
    0x0802bcee   0x0802bcee   0x00000002   PAD
    0x0802bcf0   0x0802bcf0   0x00000154   Code   RO          934    i._printf_core      mc_w.l(printf1.o)
    0x0802be44   0x0802be44   0x00000050   Code   RO         1143    i.free              mc_w.l(malloc.o)
    0x0802be94   0x0802be94   0x0000006c   Code   RO         1144    i.malloc            mc_w.l(malloc.o)
    0x0802bf00   0x0802bf00   0x0000006e   Data   RO          755    .constdata          AES.lib(hyaes_app.o)
    0x0802bf6e   0x0802bf6e   0x00000002   PAD
    0x0802bf70   0x0802bf70   0x00002128   Data   RO          824    .constdata          AES.lib(aes_core.o)
    0x0802e098   0x0802e098   0x00000041   Data   RO          851    .constdata          AES.lib(base64.o)
    0x0802e0d9   0x0802e0d9   0x00000003   PAD
    0x0802e0dc   0x0802e0dc   0x00000020   Data   RO         1239    Region$$Table       anon$$obj.o


    Execution Region RW_IRAM1 (Exec base: 0x20000000, Load base: 0x0802e0fc, Size: 0x0000a7f8, Max: 0x00010000, ABSOLUTE, COMPRESSED[0x000000f4])

    Exec Addr    Load Addr    Size         Type   Attr      Idx    E Section Name        Object

    0x20000000   COMPRESSED   0x00000001   Data   RW          229    .data               cabrate_computer.o
    0x20000001   COMPRESSED   0x0000001f   Data   RW          252    .data               systemerr.o
    0x20000020   COMPRESSED   0x00000014   Data   RW          270    .data               system_stm32f10x.o
    0x20000034   COMPRESSED   0x00000014   Data   RW          523    .data               stm32f10x_rcc.o
    0x20000048   COMPRESSED   0x0000000b   Data   RW          618    .data               ad7663.o
    0x20000053   COMPRESSED   0x00000001   PAD
    0x20000054   COMPRESSED   0x00000149   Data   RW          699    .data               user_data.o
    0x2000019d   COMPRESSED   0x00000033   Data   RW          712    .data               w5500.o
    0x200001d0   COMPRESSED   0x00000002   Data   RW          731    .data               w5500_app.o
    0x200001d2   COMPRESSED   0x00000002   PAD
    0x200001d4   COMPRESSED   0x00000039   Data   RW          756    .data               AES.lib(hyaes_app.o)
    0x2000020d   COMPRESSED   0x00000004   Data   RW          852    .data               AES.lib(base64.o)
    0x20000211   COMPRESSED   0x00000003   PAD
    0x20000214   COMPRESSED   0x00000004   Data   RW         1217    .data               mc_w.l(stdout.o)
    0x20000218   COMPRESSED   0x00000004   Data   RW         1228    .data               mc_w.l(mvars.o)
    0x2000021c   COMPRESSED   0x00000004   Data   RW         1229    .data               mc_w.l(mvars.o)
    0x20000220        -       0x00000400   Zero   RW          228    .bss                cabrate_computer.o
    0x20000620        -       0x00000015   Zero   RW          251    .bss                systemerr.o
    0x20000635   COMPRESSED   0x00000003   PAD
    0x20000638        -       0x00003ef0   Zero   RW          636    .bss                ad7663_app.o
    0x20004528        -       0x00005621   Zero   RW          698    .bss                user_data.o
    0x20009b49   COMPRESSED   0x00000003   PAD
    0x20009b4c        -       0x00000068   Zero   RW          730    .bss                w5500_app.o
    0x20009bb4        -       0x00000040   Zero   RW          754    .bss                AES.lib(hyaes_app.o)
    0x20009bf4   COMPRESSED   0x00000004   PAD
    0x20009bf8        -       0x00000400   Zero   RW            2    HEAP                startup_stm32f10x_hd.o
    0x20009ff8        -       0x00000800   Zero   RW            1    STACK               startup_stm32f10x_hd.o


==============================================================================

Image component sizes


      Code (inc. data)   RO Data    RW Data    ZI Data      Debug   Object Name

      1724        190          0         11          0       3040   ad7663.o
      1104         90          0          0      16112       3301   ad7663_app.o
      1896         34          0          1       1024       5395   cabrate_computer.o
      1756        256          0          0          0       5958   flash_spi.o
       404         52          0          0          0      17592   main.o
       220         22          0          0          0       1845   misc.o
        36          8        304          0       3072        852   startup_stm32f10x_hd.o
       284         10          0          0          0       2303   stm32f10x_exti.o
      1468         34          0          0          0       8254   stm32f10x_flash.o
       860         38          0          0          0       5781   stm32f10x_gpio.o
        66          0          0          0          0     272134   stm32f10x_it.o
        64          6          0          0          0       1309   stm32f10x_iwdg.o
       932         36          0         20          0       9004   stm32f10x_rcc.o
       780         14          0          0          0       6662   stm32f10x_spi.o
      3610         88          0          0          0      22888   stm32f10x_tim.o
      1032         22          0          0          0       8504   stm32f10x_usart.o
       480         38          0         20          0       1991   system_stm32f10x.o
       804         54          0         31         21       4493   systemerr.o
     33688       2220          0          0          0      31673   user_app.o
         0          0          0        329      22049      11043   user_data.o
       460         44          0          0          0        784   user_io.o
       276         12          0          0          0        959   user_usart.o
      3864        166          0         51          0      12712   w5500.o
     50136       4006          0          2        104      46119   w5500_app.o

    ----------------------------------------------------------------------
    105948       7440        336        468      42388     484596   Object Totals
         0          0         32          0          0          0   (incl. Generated)
         4          0          0          3          6          0   (incl. Padding)

    ----------------------------------------------------------------------

      Code (inc. data)   RO Data    RW Data    ZI Data      Debug   Library Member Name

       362          0          0          0          0       2702   aes_cbc.o
      3580         72       8488          0          0       3594   aes_core.o
       400          8         65          4          0       1991   base64.o
      1016         46        110         57         64       4584   hyaes_app.o
        86          0          0          0          0          0   __dczerorl2.o
         0          0          0          0          0          0   entry.o
         0          0          0          0          0          0   entry10a.o
         0          0          0          0          0          0   entry11a.o
         8          4          0          0          0          0   entry2.o
         4          0          0          0          0          0   entry5.o
         0          0          0          0          0          0   entry7b.o
         0          0          0          0          0          0   entry8b.o
         8          4          0          0          0          0   entry9a.o
        30          0          0          0          0          0   handlers.o
        36          8          0          0          0         68   init.o
         0          0          0          0          0          0   iusefp.o
        30          0          0          0          0         68   llshl.o
        36          0          0          0          0         68   llsshr.o
        32          0          0          0          0         68   llushr.o
       188         20          0          0          0        160   malloc.o
        26          0          0          0          0         80   memcmp.o
        36          0          0          0          0         68   memcpya.o
        36          0          0          0          0        108   memseta.o
         0          0          0          8          0          0   mvars.o
       372         14          0          0          0        184   printf1.o
         0          0          0          4          0          0   stdout.o
        14          0          0          0          0         68   strlen.o
        44          0          0          0          0         80   uidiv.o
        48          0          0          0          0         68   cdcmple.o
        48          0          0          0          0         68   cdrcmple.o
        20          0          0          0          0         68   cfcmple.o
        20          0          0          0          0         68   cfrcmple.o
        56          0          0          0          0         88   d2f.o
       334          0          0          0          0        148   dadd.o
       222          0          0          0          0        100   ddiv.o
       186          0          0          0          0        176   depilogue.o
        50          0          0          0          0         76   dfixui.o
       228          0          0          0          0         96   dmul.o
        38          0          0          0          0         68   f2d.o
       176          0          0          0          0        140   fadd.o
       124          0          0          0          0         88   fdiv.o
       110          0          0          0          0        168   fepilogue.o
        40          0          0          0          0         68   ffixui.o
        18          0          0          0          0         68   fflti.o
        10          0          0          0          0         68   ffltui.o
       100          0          0          0          0         76   fmul.o

    ----------------------------------------------------------------------
      8180        176       8668         76         68      15591   Library Totals
         8          0          5          3          4          0   (incl. Padding)

    ----------------------------------------------------------------------

      Code (inc. data)   RO Data    RW Data    ZI Data      Debug   Library Name

      5358        126       8663         61         64      12871   AES.lib
       986         50          0         12          0       1020   mc_w.l
      1828          0          0          0          0       1700   mf_w.l

    ----------------------------------------------------------------------
      8180        176       8668         76         68      15591   Library Totals

    ----------------------------------------------------------------------

==============================================================================


      Code (inc. data)   RO Data    RW Data    ZI Data      Debug   

    114128       7616       9004        544      42456     496623   Grand Totals
    114128       7616       9004        244      42456     496623   ELF Image Totals (compressed)
    114128       7616       9004        244          0          0   ROM Totals

==============================================================================

    Total RO  Size (Code + RO Data)               123132 ( 120.25kB)
    Total RW  Size (RW Data + ZI Data)             43000 (  41.99kB)
    Total ROM Size (Code + RO Data + RW Data)     123376 ( 120.48kB)

==============================================================================

