ARM Linker, 5.03 [Build 24] [MDK-ARM Standard]

==============================================================================

Section Cross References

    system_stm32f10x.o(.text) refers to system_stm32f10x.o(.data) for SystemCoreClock
    startup_stm32f10x_hd.o(RESET) refers to startup_stm32f10x_hd.o(STACK) for __initial_sp
    startup_stm32f10x_hd.o(RESET) refers to startup_stm32f10x_hd.o(.text) for Reset_Handler
    startup_stm32f10x_hd.o(RESET) refers to stm32f10x_it.o(.text) for NMI_Handler
    startup_stm32f10x_hd.o(RESET) refers to w5500.o(.text) for EXTI9_5_IRQHandler
    startup_stm32f10x_hd.o(RESET) refers to sys_delay.o(.text) for TIM3_IRQHandler
    startup_stm32f10x_hd.o(.text) refers to system_stm32f10x.o(.text) for SystemInit
    startup_stm32f10x_hd.o(.text) refers to entry.o(.ARM.Collect$$$$00000000) for __main
    stm32f10x_adc.o(.text) refers to stm32f10x_rcc.o(.text) for RCC_APB2PeriphResetCmd
    stm32f10x_bkp.o(.text) refers to stm32f10x_rcc.o(.text) for RCC_BackupResetCmd
    stm32f10x_can.o(.text) refers to stm32f10x_rcc.o(.text) for RCC_APB1PeriphResetCmd
    stm32f10x_cec.o(.text) refers to stm32f10x_rcc.o(.text) for RCC_APB1PeriphResetCmd
    stm32f10x_dac.o(.text) refers to stm32f10x_rcc.o(.text) for RCC_APB1PeriphResetCmd
    stm32f10x_gpio.o(.text) refers to stm32f10x_rcc.o(.text) for RCC_APB2PeriphResetCmd
    stm32f10x_i2c.o(.text) refers to stm32f10x_rcc.o(.text) for RCC_APB1PeriphResetCmd
    stm32f10x_pwr.o(.text) refers to stm32f10x_rcc.o(.text) for RCC_APB1PeriphResetCmd
    stm32f10x_rcc.o(.text) refers to stm32f10x_rcc.o(.data) for APBAHBPrescTable
    stm32f10x_spi.o(.text) refers to stm32f10x_rcc.o(.text) for RCC_APB2PeriphResetCmd
    stm32f10x_tim.o(.text) refers to stm32f10x_rcc.o(.text) for RCC_APB2PeriphResetCmd
    stm32f10x_usart.o(.text) refers to stm32f10x_rcc.o(.text) for RCC_APB2PeriphResetCmd
    stm32f10x_wwdg.o(.text) refers to stm32f10x_rcc.o(.text) for RCC_APB1PeriphResetCmd
    common.o(.text) refers to stm32f10x_usart.o(.text) for USART_SendData
    common.o(.text) refers to stm32f10x_flash.o(.text) for FLASH_GetWriteProtectionOptionByte
    common.o(.text) refers to common.o(.data) for UserMemoryMask
    main.o(.text) refers to w5500_app.o(.text) for W5500_DataHandling
    main.o(.text) refers to common.o(.text) for Serial_PutString
    main.o(.text) refers to stm32f10x_flash.o(.text) for FLASH_Lock
    main.o(.text) refers to stm32f10x_tim.o(.text) for TIM_Cmd
    main.o(.text) refers to misc.o(.text) for NVIC_Init
    main.o(.text) refers to stm32f10x_exti.o(.text) for EXTI_ClearITPendingBit
    main.o(.text) refers to stm32f10x_usart.o(.text) for USART_Cmd
    main.o(.text) refers to usart.o(.text) for Usart1_Init
    main.o(.text) refers to sys_delay.o(.text) for NVIC_Configuration_TIM3
    main.o(.text) refers to w5500.o(.text) for W5500_NVIC_Configuration
    main.o(.text) refers to flash_spi.o(.text) for SPI_FLASH_Init
    main.o(.text) refers to led.o(.text) for LED_config
    main.o(.text) refers to iwdg.o(.text) for IWDG_QConfiguration
    main.o(.text) refers to stm32f10x_iwdg.o(.text) for IWDG_ReloadCounter
    main.o(.text) refers to w5500_app.o(.data) for wUp_grade
    main.o(.text) refers to main.o(.constdata) for .constdata
    main.o(.text) refers to common.o(.data) for JumpAddress
    sys_delay.o(.text) refers to misc.o(.text) for NVIC_SetVectorTable
    sys_delay.o(.text) refers to stm32f10x_rcc.o(.text) for RCC_APB1PeriphClockCmd
    sys_delay.o(.text) refers to stm32f10x_tim.o(.text) for TIM_TimeBaseInit
    sys_delay.o(.text) refers to sys_delay.o(.data) for uTimer3_Counter
    usart.o(.text) refers to stm32f10x_rcc.o(.text) for RCC_APB2PeriphClockCmd
    usart.o(.text) refers to stm32f10x_gpio.o(.text) for GPIO_Init
    usart.o(.text) refers to stm32f10x_usart.o(.text) for USART_Init
    w5500.o(.text) refers to stm32f10x_gpio.o(.text) for GPIO_Init
    w5500.o(.text) refers to stm32f10x_exti.o(.text) for EXTI_Init
    w5500.o(.text) refers to misc.o(.text) for NVIC_Init
    w5500.o(.text) refers to stm32f10x_rcc.o(.text) for RCC_APB2PeriphClockCmd
    w5500.o(.text) refers to stm32f10x_spi.o(.text) for SPI_Init
    w5500.o(.text) refers to w5500.o(.data) for W5500_Interrupt
    w5500.o(.text) refers to sys_delay.o(.text) for TimeDelay_ms
    w5500_app.o(.text) refers to flash_spi.o(.text) for SPI_FLASH_BufferRead
    w5500_app.o(.text) refers to w5500.o(.text) for W5500_Init
    w5500_app.o(.text) refers to memcpya.o(.text) for __aeabi_memcpy
    w5500_app.o(.text) refers to stm32f10x_flash.o(.text) for FLASH_Lock
    w5500_app.o(.text) refers to sys_delay.o(.text) for TimeDelay_ms
    w5500_app.o(.text) refers to w5500.o(.data) for Phy_Addr
    w5500_app.o(.text) refers to w5500_app.o(.data) for cMaster_Address
    w5500_app.o(.text) refers to w5500.o(.bss) for W5500_Tx_Buffer
    w5500_app.o(.text) refers to w5500_app.o(.bss) for ucFlash_Rx_Buffer
[...]
    printf4.o(i.__0vfprintf$4) refers to fputc.o(i.fputc) for fputc
    printf4.o(i.__0vprintf$4) refers to printf4.o(i._printf_core) for _printf_core
    printf4.o(i.__0vprintf$4) refers to fputc.o(i.fputc) for fputc
    printf4.o(i.__0vprintf$4) refers to stdout.o(.data) for __stdout
    printf4.o(i.__0vsnprintf$4) refers to printf4.o(i._printf_core) for _printf_core
    printf4.o(i.__0vsnprintf$4) refers to printf4.o(i._snputc) for _snputc
    printf4.o(i.__0vsprintf$4) refers to printf4.o(i._printf_core) for _printf_core
    printf4.o(i.__0vsprintf$4) refers to printf4.o(i._sputc) for _sputc
    printf4.o(i._printf_core) refers to uldiv.o(.text) for __aeabi_uldivmod
    printf5.o(i.__0fprintf$5) refers to printf5.o(i._printf_core) for _printf_core
    printf5.o(i.__0fprintf$5) refers to fputc.o(i.fputc) for fputc
    printf5.o(i.__0printf$5) refers to printf5.o(i._printf_core) for _printf_core
    printf5.o(i.__0printf$5) refers to fputc.o(i.fputc) for fputc
    printf5.o(i.__0printf$5) refers to stdout.o(.data) for __stdout
    printf5.o(i.__0snprintf$5) refers to printf5.o(i._printf_core) for _printf_core
    printf5.o(i.__0snprintf$5) refers to printf5.o(i._snputc) for _snputc
    printf5.o(i.__0sprintf$5) refers to printf5.o(i._printf_core) for _printf_core
    printf5.o(i.__0sprintf$5) refers to printf5.o(i._sputc) for _sputc
    printf5.o(i.__0vfprintf$5) refers to printf5.o(i._printf_core) for _printf_core
    printf5.o(i.__0vfprintf$5) refers to fputc.o(i.fputc) for fputc
    printf5.o(i.__0vprintf$5) refers to printf5.o(i._printf_core) for _printf_core
    printf5.o(i.__0vprintf$5) refers to fputc.o(i.fputc) for fputc
    printf5.o(i.__0vprintf$5) refers to stdout.o(.data) for __stdout
    printf5.o(i.__0vsnprintf$5) refers to printf5.o(i._printf_core) for _printf_core
    printf5.o(i.__0vsnprintf$5) refers to printf5.o(i._snputc) for _snputc
    printf5.o(i.__0vsprintf$5) refers to printf5.o(i._printf_core) for _printf_core
    printf5.o(i.__0vsprintf$5) refers to printf5.o(i._sputc) for _sputc
    printf5.o(i._printf_core) refers to uldiv.o(.text) for __aeabi_uldivmod
    printf6.o(i.__0fprintf$6) refers to printf6.o(i._printf_core) for _printf_core
    printf6.o(i.__0fprintf$6) refers to fputc.o(i.fputc) for fputc
    printf6.o(i.__0printf$6) refers to printf6.o(i._printf_core) for _printf_core
    printf6.o(i.__0printf$6) refers to fputc.o(i.fputc) for fputc
    printf6.o(i.__0printf$6) refers to stdout.o(.data) for __stdout
    printf6.o(i.__0snprintf$6) refers to printf6.o(i._printf_core) for _printf_core
    printf6.o(i.__0snprintf$6) refers to printf6.o(i._snputc) for _snputc
    printf6.o(i.__0sprintf$6) refers to printf6.o(i._printf_core) for _printf_core
    printf6.o(i.__0sprintf$6) refers to printf6.o(i._sputc) for _sputc
    printf6.o(i.__0vfprintf$6) refers to printf6.o(i._printf_core) for _printf_core
    printf6.o(i.__0vfprintf$6) refers to fputc.o(i.fputc) for fputc
    printf6.o(i.__0vprintf$6) refers to printf6.o(i._printf_core) for _printf_core
    printf6.o(i.__0vprintf$6) refers to fputc.o(i.fputc) for fputc
    printf6.o(i.__0vprintf$6) refers to stdout.o(.data) for __stdout
    printf6.o(i.__0vsnprintf$6) refers to printf6.o(i._printf_core) for _printf_core
    printf6.o(i.__0vsnprintf$6) refers to printf6.o(i._snputc) for _snputc
    printf6.o(i.__0vsprintf$6) refers to printf6.o(i._printf_core) for _printf_core
    printf6.o(i.__0vsprintf$6) refers to printf6.o(i._sputc) for _sputc
    printf6.o(i._printf_core) refers to printf6.o(i._printf_pre_padding) for _printf_pre_padding
    printf6.o(i._printf_core) refers to uidiv.o(.text) for __aeabi_uidivmod
    printf6.o(i._printf_core) refers to printf6.o(i._printf_post_padding) for _printf_post_padding
    printf7.o(i.__0fprintf$7) refers to printf7.o(i._printf_core) for _printf_core
    printf7.o(i.__0fprintf$7) refers to fputc.o(i.fputc) for fputc
    printf7.o(i.__0printf$7) refers to printf7.o(i._printf_core) for _printf_core
    printf7.o(i.__0printf$7) refers to fputc.o(i.fputc) for fputc
    printf7.o(i.__0printf$7) refers to stdout.o(.data) for __stdout
    printf7.o(i.__0snprintf$7) refers to printf7.o(i._printf_core) for _printf_core
    printf7.o(i.__0snprintf$7) refers to printf7.o(i._snputc) for _snputc
    printf7.o(i.__0sprintf$7) refers to printf7.o(i._printf_core) for _printf_core
    printf7.o(i.__0sprintf$7) refers to printf7.o(i._sputc) for _sputc
    printf7.o(i.__0vfprintf$7) refers to printf7.o(i._printf_core) for _printf_core
    printf7.o(i.__0vfprintf$7) refers to fputc.o(i.fputc) for fputc
    printf7.o(i.__0vprintf$7) refers to printf7.o(i._printf_core) for _printf_core
    printf7.o(i.__0vprintf$7) refers to fputc.o(i.fputc) for fputc
    printf7.o(i.__0vprintf$7) refers to stdout.o(.data) for __stdout
    printf7.o(i.__0vsnprintf$7) refers to printf7.o(i._printf_core) for _printf_core
    printf7.o(i.__0vsnprintf$7) refers to printf7.o(i._snputc) for _snputc
    printf7.o(i.__0vsprintf$7) refers to printf7.o(i._printf_core) for _printf_core
    printf7.o(i.__0vsprintf$7) refers to printf7.o(i._sputc) for _sputc
    printf7.o(i._printf_core) refers to printf7.o(i._printf_pre_padding) for _printf_pre_padding
    printf7.o(i._printf_core) refers to uldiv.o(.text) for __aeabi_uldivmod
    printf7.o(i._printf_core) refers to printf7.o(i._printf_post_padding) for _printf_post_padding
    printf8.o(i.__0fprintf$8) refers to printf8.o(i._printf_core) for _printf_core
    printf8.o(i.__0fprintf$8) refers to fputc.o(i.fputc) for fputc
    printf8.o(i.__0printf$8) refers to printf8.o(i._printf_core) for _printf_core
    printf8.o(i.__0printf$8) refers to fputc.o(i.fputc) for fputc
    printf8.o(i.__0printf$8) refers to stdout.o(.data) for __stdout
    printf8.o(i.__0snprintf$8) refers to printf8.o(i._printf_core) for _printf_core
    printf8.o(i.__0snprintf$8) refers to printf8.o(i._snputc) for _snputc
    printf8.o(i.__0sprintf$8) refers to printf8.o(i._printf_core) for _printf_core
    printf8.o(i.__0sprintf$8) refers to printf8.o(i._sputc) for _sputc
    printf8.o(i.__0vfprintf$8) refers to printf8.o(i._printf_core) for _printf_core
    printf8.o(i.__0vfprintf$8) refers to fputc.o(i.fputc) for fputc
    printf8.o(i.__0vprintf$8) refers to printf8.o(i._printf_core) for _printf_core
    printf8.o(i.__0vprintf$8) refers to fputc.o(i.fputc) for fputc
    printf8.o(i.__0vprintf$8) refers to stdout.o(.data) for __stdout
    printf8.o(i.__0vsnprintf$8) refers to printf8.o(i._printf_core) for _printf_core
    printf8.o(i.__0vsnprintf$8) refers to printf8.o(i._snputc) for _snputc
    printf8.o(i.__0vsprintf$8) refers to printf8.o(i._printf_core) for _printf_core
    printf8.o(i.__0vsprintf$8) refers to printf8.o(i._sputc) for _sputc
    printf8.o(i._printf_core) refers to printf8.o(i._printf_pre_padding) for _printf_pre_padding
    printf8.o(i._printf_core) refers to uldiv.o(.text) for __aeabi_uldivmod
    printf8.o(i._printf_core) refers to printf8.o(i._printf_post_padding) for _printf_post_padding
    printfa.o(i.__0fprintf) refers (Special) to iusefp.o(.text) for __I$use$fp
    printfa.o(i.__0fprintf) refers to printfa.o(i._printf_core) for _printf_core
    printfa.o(i.__0fprintf) refers to fputc.o(i.fputc) for fputc
    printfa.o(i.__0printf) refers (Special) to iusefp.o(.text) for __I$use$fp
    printfa.o(i.__0printf) refers to printfa.o(i._printf_core) for _printf_core
    printfa.o(i.__0printf) refers to fputc.o(i.fputc) for fputc
    printfa.o(i.__0printf) refers to stdout.o(.data) for __stdout
    printfa.o(i.__0snprintf) refers (Special) to iusefp.o(.text) for __I$use$fp
    printfa.o(i.__0snprintf) refers to printfa.o(i._printf_core) for _printf_core
    printfa.o(i.__0snprintf) refers to printfa.o(i._snputc) for _snputc
    printfa.o(i.__0sprintf) refers (Special) to iusefp.o(.text) for __I$use$fp
    printfa.o(i.__0sprintf) refers to printfa.o(i._printf_core) for _printf_core
    printfa.o(i.__0sprintf) refers to printfa.o(i._sputc) for _sputc
    printfa.o(i.__0vfprintf) refers (Special) to iusefp.o(.text) for __I$use$fp
    printfa.o(i.__0vfprintf) refers to printfa.o(i._printf_core) for _printf_core
    printfa.o(i.__0vfprintf) refers to fputc.o(i.fputc) for fputc
    printfa.o(i.__0vprintf) refers (Special) to iusefp.o(.text) for __I$use$fp
    printfa.o(i.__0vprintf) refers to printfa.o(i._printf_core) for _printf_core
    printfa.o(i.__0vprintf) refers to fputc.o(i.fputc) for fputc
    printfa.o(i.__0vprintf) refers to stdout.o(.data) for __stdout
    printfa.o(i.__0vsnprintf) refers (Special) to iusefp.o(.text) for __I$use$fp
    printfa.o(i.__0vsnprintf) refers to printfa.o(i._printf_core) for _printf_core
    printfa.o(i.__0vsnprintf) refers to printfa.o(i._snputc) for _snputc
    printfa.o(i.__0vsprintf) refers (Special) to iusefp.o(.text) for __I$use$fp
    printfa.o(i.__0vsprintf) refers to printfa.o(i._printf_core) for _printf_core
    printfa.o(i.__0vsprintf) refers to printfa.o(i._sputc) for _sputc
    printfa.o(i._fp_digits) refers (Special) to iusefp.o(.text) for __I$use$fp
    printfa.o(i._fp_digits) refers to dmul.o(.text) for __aeabi_dmul
    printfa.o(i._fp_digits) refers to ddiv.o(.text) for __aeabi_ddiv
    printfa.o(i._fp_digits) refers to cdrcmple.o(.text) for __aeabi_cdrcmple
    printfa.o(i._fp_digits) refers to dadd.o(.text) for __aeabi_dadd
    printfa.o(i._fp_digits) refers to dfixul.o(.text) for __aeabi_d2ulz
    printfa.o(i._fp_digits) refers to uldiv.o(.text) for __aeabi_uldivmod
    printfa.o(i._printf_core) refers (Special) to iusefp.o(.text) for __I$use$fp
    printfa.o(i._printf_core) refers to printfa.o(i._printf_pre_padding) for _printf_pre_padding
    printfa.o(i._printf_core) refers to uldiv.o(.text) for __aeabi_uldivmod
    printfa.o(i._printf_core) refers to printfa.o(i._printf_post_padding) for _printf_post_padding
    printfa.o(i._printf_core) refers to printfa.o(i._fp_digits) for _fp_digits
    printfa.o(i._printf_core) refers to uidiv.o(.text) for __aeabi_uidivmod
    printfa.o(i._printf_post_padding) refers (Special) to iusefp.o(.text) for __I$use$fp
    printfa.o(i._printf_pre_padding) refers (Special) to iusefp.o(.text) for __I$use$fp
    printfa.o(i._snputc) refers (Special) to iusefp.o(.text) for __I$use$fp
    printfa.o(i._sputc) refers (Special) to iusefp.o(.text) for __I$use$fp
    entry2.o(.ARM.Collect$$$$00000001) refers to entry2.o(.ARM.Collect$$$$00002712) for __lit__00000000
    entry2.o(.ARM.Collect$$$$00002712) refers to startup_stm32f10x_hd.o(STACK) for __initial_sp
    entry2.o(__vectab_stack_and_reset_area) refers to startup_stm32f10x_hd.o(STACK) for __initial_sp
    entry2.o(__vectab_stack_and_reset_area) refers to entry.o(.ARM.Collect$$$$00000000) for __main
    entry5.o(.ARM.Collect$$$$00000004) refers to init.o(.text) for __scatterload
    entry9a.o(.ARM.Collect$$$$0000000B) refers to main.o(.text) for main
    entry9b.o(.ARM.Collect$$$$0000000C) refers to main.o(.text) for main
    fputc.o(i.fputc) refers (Special) to iusesemip.o(.text) for __I$use$semihosting$fputc
    fputc.o(i.fputc) refers (Special) to semi.o(.text) for __semihosting_library_function
    uldiv.o(.text) refers to llushr.o(.text) for __aeabi_llsr
    uldiv.o(.text) refers to llshl.o(.text) for __aeabi_llsl
    dadd.o(.text) refers to llshl.o(.text) for __aeabi_llsl
    dadd.o(.text) refers to llsshr.o(.text) for __aeabi_lasr
    dadd.o(.text) refers to depilogue.o(.text) for _double_epilogue
    dmul.o(.text) refers to depilogue.o(.text) for _double_epilogue
    ddiv.o(.text) refers to depilogue.o(.text) for _double_round
    dfixul.o(.text) refers to llushr.o(.text) for __aeabi_llsr
    dfixul.o(.text) refers to llshl.o(.text) for __aeabi_llsl
    init.o(.text) refers to entry5.o(.ARM.Collect$$$$00000004) for __main_after_scatterload
    depilogue.o(.text) refers to llshl.o(.text) for __aeabi_llsl
    depilogue.o(.text) refers to llushr.o(.text) for __aeabi_llsr


==============================================================================

Removing Unused input sections from the image.

    Removing core_cm3.o(.emb_text), (32 bytes).
    Removing startup_stm32f10x_hd.o(HEAP), (512 bytes).
    Removing misc.o(.rev16_text), (4 bytes).
    Removing misc.o(.revsh_text), (4 bytes).
    Removing stm32f10x_adc.o(.rev16_text), (4 bytes).
    Removing stm32f10x_adc.o(.revsh_text), (4 bytes).
    Removing stm32f10x_adc.o(.text), (1102 bytes).
    Removing stm32f10x_bkp.o(.rev16_text), (4 bytes).
    Removing stm32f10x_bkp.o(.revsh_text), (4 bytes).
    Removing stm32f10x_bkp.o(.text), (196 bytes).
    Removing stm32f10x_can.o(.rev16_text), (4 bytes).
    Removing stm32f10x_can.o(.revsh_text), (4 bytes).
    Removing stm32f10x_can.o(.text), (2536 bytes).
    Removing stm32f10x_cec.o(.rev16_text), (4 bytes).
    Removing stm32f10x_cec.o(.revsh_text), (4 bytes).
    Removing stm32f10x_cec.o(.text), (288 bytes).
    Removing stm32f10x_crc.o(.rev16_text), (4 bytes).
    Removing stm32f10x_crc.o(.revsh_text), (4 bytes).
    Removing stm32f10x_crc.o(.text), (72 bytes).
    Removing stm32f10x_dac.o(.rev16_text), (4 bytes).
    Removing stm32f10x_dac.o(.revsh_text), (4 bytes).
    Removing stm32f10x_dac.o(.text), (396 bytes).
    Removing stm32f10x_dbgmcu.o(.rev16_text), (4 bytes).
    Removing stm32f10x_dbgmcu.o(.revsh_text), (4 bytes).
    Removing stm32f10x_dbgmcu.o(.text), (48 bytes).
    Removing stm32f10x_dma.o(.rev16_text), (4 bytes).
    Removing stm32f10x_dma.o(.revsh_text), (4 bytes).
    Removing stm32f10x_dma.o(.text), (592 bytes).
    Removing stm32f10x_exti.o(.rev16_text), (4 bytes).
    Removing stm32f10x_exti.o(.revsh_text), (4 bytes).
    Removing stm32f10x_flash.o(.rev16_text), (4 bytes).
    Removing stm32f10x_flash.o(.revsh_text), (4 bytes).
    Removing stm32f10x_fsmc.o(.rev16_text), (4 bytes).
    Removing stm32f10x_fsmc.o(.revsh_text), (4 bytes).
    Removing stm32f10x_fsmc.o(.text), (1560 bytes).
    Removing stm32f10x_gpio.o(.rev16_text), (4 bytes).
    Removing stm32f10x_gpio.o(.revsh_text), (4 bytes).
    Removing stm32f10x_i2c.o(.rev16_text), (4 bytes).
    Removing stm32f10x_i2c.o(.revsh_text), (4 bytes).
    Removing stm32f10x_i2c.o(.text), (1028 bytes).
    Removing stm32f10x_iwdg.o(.rev16_text), (4 bytes).
    Removing stm32f10x_iwdg.o(.revsh_text), (4 bytes).
    Removing stm32f10x_pwr.o(.rev16_text), (4 bytes).
    Removing stm32f10x_pwr.o(.revsh_text), (4 bytes).
    Removing stm32f10x_pwr.o(.text), (204 bytes).
    Removing stm32f10x_rcc.o(.rev16_text), (4 bytes).
    Removing stm32f10x_rcc.o(.revsh_text), (4 bytes).
    Removing stm32f10x_rtc.o(.rev16_text), (4 bytes).
    Removing stm32f10x_rtc.o(.revsh_text), (4 bytes).
    Removing stm32f10x_rtc.o(.text), (324 bytes).
    Removing stm32f10x_sdio.o(.rev16_text), (4 bytes).
    Removing stm32f10x_sdio.o(.revsh_text), (4 bytes).
    Removing stm32f10x_sdio.o(.text), (472 bytes).
    Removing stm32f10x_spi.o(.rev16_text), (4 bytes).
    Removing stm32f10x_spi.o(.revsh_text), (4 bytes).
    Removing stm32f10x_tim.o(.rev16_text), (4 bytes).
    Removing stm32f10x_tim.o(.revsh_text), (4 bytes).
    Removing stm32f10x_usart.o(.rev16_text), (4 bytes).
    Removing stm32f10x_usart.o(.revsh_text), (4 bytes).
    Removing stm32f10x_wwdg.o(.rev16_text), (4 bytes).
    Removing stm32f10x_wwdg.o(.revsh_text), (4 bytes).
    Removing stm32f10x_wwdg.o(.text), (136 bytes).
    Removing common.o(.rev16_text), (4 bytes).
    Removing common.o(.revsh_text), (4 bytes).
    Removing main.o(.rev16_text), (4 bytes).
    Removing main.o(.revsh_text), (4 bytes).
    Removing stm32f10x_it.o(.rev16_text), (4 bytes).
    Removing stm32f10x_it.o(.revsh_text), (4 bytes).
    Removing sys_delay.o(.rev16_text), (4 bytes).
    Removing sys_delay.o(.revsh_text), (4 bytes).
    Removing usart.o(.rev16_text), (4 bytes).
    Removing usart.o(.revsh_text), (4 bytes).
    Removing w5500.o(.rev16_text), (4 bytes).
    Removing w5500.o(.revsh_text), (4 bytes).
    Removing w5500_app.o(.rev16_text), (4 bytes).
    Removing w5500_app.o(.revsh_text), (4 bytes).
    Removing led.o(.rev16_text), (4 bytes).
    Removing led.o(.revsh_text), (4 bytes).
    Removing flash_spi.o(.rev16_text), (4 bytes).
    Removing flash_spi.o(.revsh_text), (4 bytes).
    Removing iwdg.o(.rev16_text), (4 bytes).
    Removing iwdg.o(.revsh_text), (4 bytes).
    Removing dadd.o(.text), (334 bytes).
    Removing dmul.o(.text), (228 bytes).
    Removing ddiv.o(.text), (222 bytes).
    Removing dfixul.o(.text), (48 bytes).
    Removing cdrcmple.o(.text), (40 bytes).
    Removing depilogue.o(.text), (190 bytes).

88 unused section(s) (total 10824 bytes) removed from the image.

==============================================================================

Image Symbol Table

    Local Symbols

    Symbol Name                              Value     Ov Type        Size  Object(Section)

    ../clib/microlib/division.c              0x00000000   Number         0  uidiv.o ABSOLUTE
    ../clib/microlib/division.c              0x00000000   Number         0  uldiv.o ABSOLUTE
    ../clib/microlib/init/entry.s            0x00000000   Number         0  entry.o ABSOLUTE
    ../clib/microlib/init/entry.s            0x00000000   Number         0  entry11a.o ABSOLUTE
    ../clib/microlib/init/entry.s            0x00000000   Number         0  entry2.o ABSOLUTE
    ../clib/microlib/init/entry.s            0x00000000   Number         0  entry11b.o ABSOLUTE
    ../clib/microlib/init/entry.s            0x00000000   Number         0  entry10b.o ABSOLUTE
    ../clib/microlib/init/entry.s            0x00000000   Number         0  entry10a.o ABSOLUTE
    ../clib/microlib/init/entry.s            0x00000000   Number         0  entry9b.o ABSOLUTE
    ../clib/microlib/init/entry.s            0x00000000   Number         0  entry9a.o ABSOLUTE
    ../clib/microlib/init/entry.s            0x00000000   Number         0  entry8b.o ABSOLUTE
    ../clib/microlib/init/entry.s            0x00000000   Number         0  entry8a.o ABSOLUTE
    ../clib/microlib/init/entry.s            0x00000000   Number         0  entry7b.o ABSOLUTE
    ../clib/microlib/init/entry.s            0x00000000   Number         0  entry7a.o ABSOLUTE
    ../clib/microlib/init/entry.s            0x00000000   Number         0  entry5.o ABSOLUTE
    ../clib/microlib/longlong.c              0x00000000   Number         0  llshl.o ABSOLUTE
    ../clib/microlib/longlong.c              0x00000000   Number         0  llushr.o ABSOLUTE
    ../clib/microlib/longlong.c              0x00000000   Number         0  llsshr.o ABSOLUTE
    ../clib/microlib/printf/printf.c         0x00000000   Number         0  printf4.o ABSOLUTE
    ../clib/microlib/printf/printf.c         0x00000000   Number         0  printfa.o ABSOLUTE
    ../clib/microlib/printf/printf.c         0x00000000   Number         0  printf0.o ABSOLUTE
    ../clib/microlib/printf/printf.c         0x00000000   Number         0  printf8.o ABSOLUTE
    ../clib/microlib/printf/printf.c         0x00000000   Number         0  printf1.o ABSOLUTE
    ../clib/microlib/printf/printf.c         0x00000000   Number         0  printfb.o ABSOLUTE
    ../clib/microlib/printf/printf.c         0x00000000   Number         0  printf3.o ABSOLUTE
    ../clib/microlib/printf/printf.c         0x00000000   Number         0  printf6.o ABSOLUTE
    ../clib/microlib/printf/printf.c         0x00000000   Number         0  printf2.o ABSOLUTE
    ../clib/microlib/printf/printf.c         0x00000000   Number         0  printf5.o ABSOLUTE
    ../clib/microlib/printf/printf.c         0x00000000   Number         0  printf7.o ABSOLUTE
    ../clib/microlib/printf/stubs.s          0x00000000   Number         0  stubs.o ABSOLUTE
    ../clib/microlib/stdio/fputc.c           0x00000000   Number         0  fputc.o ABSOLUTE
    ../clib/microlib/stdio/semi.s            0x00000000   Number         0  semi.o ABSOLUTE
    ../clib/microlib/stdio/streams.c         0x00000000   Number         0  stdout.o ABSOLUTE
    ../clib/microlib/string/memcpy.c         0x00000000   Number         0  memcpyb.o ABSOLUTE
    ../clib/microlib/string/memcpy.c         0x00000000   Number         0  memcpya.o ABSOLUTE
    ../clib/microlib/stubs.s                 0x00000000   Number         0  iusesemip.o ABSOLUTE
    ../clib/microlib/stubs.s                 0x00000000   Number         0  iusefp.o ABSOLUTE
    ../fplib/microlib/fpadd.c                0x00000000   Number         0  dadd.o ABSOLUTE
    ../fplib/microlib/fpdiv.c                0x00000000   Number         0  ddiv.o ABSOLUTE
    ../fplib/microlib/fpepilogue.c           0x00000000   Number         0  depilogue.o ABSOLUTE
    ../fplib/microlib/fpfix.c                0x00000000   Number         0  dfixul.o ABSOLUTE
    ../fplib/microlib/fpmul.c                0x00000000   Number         0  dmul.o ABSOLUTE
    ..\CMSIS\core_cm3.c                      0x00000000   Number         0  core_cm3.o ABSOLUTE
    ..\CMSIS\startup\arm\startup_stm32f10x_hd.s 0x00000000   Number         0  startup_stm32f10x_hd.o ABSOLUTE
    ..\CMSIS\system_stm32f10x.c              0x00000000   Number         0  system_stm32f10x.o ABSOLUTE
    ..\FWlib\src\misc.c                      0x00000000   Number         0  misc.o ABSOLUTE
    ..\FWlib\src\stm32f10x_adc.c             0x00000000   Number         0  stm32f10x_adc.o ABSOLUTE
    ..\FWlib\src\stm32f10x_bkp.c             0x00000000   Number         0  stm32f10x_bkp.o ABSOLUTE
    ..\FWlib\src\stm32f10x_can.c             0x00000000   Number         0  stm32f10x_can.o ABSOLUTE
    ..\FWlib\src\stm32f10x_cec.c             0x00000000   Number         0  stm32f10x_cec.o ABSOLUTE
    ..\FWlib\src\stm32f10x_crc.c             0x00000000   Number         0  stm32f10x_crc.o ABSOLUTE
    ..\FWlib\src\stm32f10x_dac.c             0x00000000   Number         0  stm32f10x_dac.o ABSOLUTE
    ..\FWlib\src\stm32f10x_dbgmcu.c          0x00000000   Number         0  stm32f10x_dbgmcu.o ABSOLUTE
    ..\FWlib\src\stm32f10x_dma.c             0x00000000   Number         0  stm32f10x_dma.o ABSOLUTE
    ..\FWlib\src\stm32f10x_exti.c            0x00000000   Number         0  stm32f10x_exti.o ABSOLUTE
    ..\FWlib\src\stm32f10x_flash.c           0x00000000   Number         0  stm32f10x_flash.o ABSOLUTE
    ..\FWlib\src\stm32f10x_fsmc.c            0x00000000   Number         0  stm32f10x_fsmc.o ABSOLUTE
    ..\FWlib\src\stm32f10x_gpio.c            0x00000000   Number         0  stm32f10x_gpio.o ABSOLUTE
    ..\FWlib\src\stm32f10x_i2c.c             0x00000000   Number         0  stm32f10x_i2c.o ABSOLUTE
    ..\FWlib\src\stm32f10x_iwdg.c            0x00000000   Number         0  stm32f10x_iwdg.o ABSOLUTE
    ..\FWlib\src\stm32f10x_pwr.c             0x00000000   Number         0  stm32f10x_pwr.o ABSOLUTE
    ..\FWlib\src\stm32f10x_rcc.c             0x00000000   Number         0  stm32f10x_rcc.o ABSOLUTE
    ..\FWlib\src\stm32f10x_rtc.c             0x00000000   Number         0  stm32f10x_rtc.o ABSOLUTE
    ..\FWlib\src\stm32f10x_sdio.c            0x00000000   Number         0  stm32f10x_sdio.o ABSOLUTE
    ..\FWlib\src\stm32f10x_spi.c             0x00000000   Number         0  stm32f10x_spi.o ABSOLUTE
    ..\FWlib\src\stm32f10x_tim.c             0x00000000   Number         0  stm32f10x_tim.o ABSOLUTE
    ..\FWlib\src\stm32f10x_usart.c           0x00000000   Number         0  stm32f10x_usart.o ABSOLUTE
    ..\FWlib\src\stm32f10x_wwdg.c            0x00000000   Number         0  stm32f10x_wwdg.o ABSOLUTE
    ..\USER\SRC\IWDG.c                       0x00000000   Number         0  iwdg.o ABSOLUTE
    ..\USER\SRC\Led.c                        0x00000000   Number         0  led.o ABSOLUTE
    ..\USER\SRC\common.c                     0x00000000   Number         0  common.o ABSOLUTE
    ..\USER\SRC\flash_spi.c                  0x00000000   Number         0  flash_spi.o ABSOLUTE
    ..\USER\SRC\main.c                       0x00000000   Number         0  main.o ABSOLUTE
    ..\USER\SRC\stm32f10x_it.c               0x00000000   Number         0  stm32f10x_it.o ABSOLUTE
    ..\USER\SRC\sys_delay.c                  0x00000000   Number         0  sys_delay.o ABSOLUTE
    ..\USER\SRC\usart.c                      0x00000000   Number         0  usart.o ABSOLUTE
    ..\USER\SRC\w5500.c                      0x00000000   Number         0  w5500.o ABSOLUTE
    ..\USER\SRC\w5500_app.c                  0x00000000   Number         0  w5500_app.o ABSOLUTE
    ..\\CMSIS\\core_cm3.c                    0x00000000   Number         0  core_cm3.o ABSOLUTE
    ..\\FWlib\\src\\misc.c                   0x00000000   Number         0  misc.o ABSOLUTE
    ..\\FWlib\\src\\stm32f10x_adc.c          0x00000000   Number         0  stm32f10x_adc.o ABSOLUTE
    ..\\FWlib\\src\\stm32f10x_bkp.c          0x00000000   Number         0  stm32f10x_bkp.o ABSOLUTE
    ..\\FWlib\\src\\stm32f10x_can.c          0x00000000   Number         0  stm32f10x_can.o ABSOLUTE
    ..\\FWlib\\src\\stm32f10x_cec.c          0x00000000   Number         0  stm32f10x_cec.o ABSOLUTE
    ..\\FWlib\\src\\stm32f10x_crc.c          0x00000000   Number         0  stm32f10x_crc.o ABSOLUTE
    ..\\FWlib\\src\\stm32f10x_dac.c          0x00000000   Number         0  stm32f10x_dac.o ABSOLUTE
    ..\\FWlib\\src\\stm32f10x_dbgmcu.c       0x00000000   Number         0  stm32f10x_dbgmcu.o ABSOLUTE
    ..\\FWlib\\src\\stm32f10x_dma.c          0x00000000   Number         0  stm32f10x_dma.o ABSOLUTE
    ..\\FWlib\\src\\stm32f10x_exti.c         0x00000000   Number         0  stm32f10x_exti.o ABSOLUTE
    ..\\FWlib\\src\\stm32f10x_flash.c        0x00000000   Number         0  stm32f10x_flash.o ABSOLUTE
    ..\\FWlib\\src\\stm32f10x_fsmc.c         0x00000000   Number         0  stm32f10x_fsmc.o ABSOLUTE
    ..\\FWlib\\src\\stm32f10x_gpio.c         0x00000000   Number         0  stm32f10x_gpio.o ABSOLUTE
    ..\\FWlib\\src\\stm32f10x_i2c.c          0x00000000   Number         0  stm32f10x_i2c.o ABSOLUTE
    ..\\FWlib\\src\\stm32f10x_iwdg.c         0x00000000   Number         0  stm32f10x_iwdg.o ABSOLUTE
    ..\\FWlib\\src\\stm32f10x_pwr.c          0x00000000   Number         0  stm32f10x_pwr.o ABSOLUTE
    ..\\FWlib\\src\\stm32f10x_rcc.c          0x00000000   Number         0  stm32f10x_rcc.o ABSOLUTE
    ..\\FWlib\\src\\stm32f10x_rtc.c          0x00000000   Number         0  stm32f10x_rtc.o ABSOLUTE
    ..\\FWlib\\src\\stm32f10x_sdio.c         0x00000000   Number         0  stm32f10x_sdio.o ABSOLUTE
    ..\\FWlib\\src\\stm32f10x_spi.c          0x00000000   Number         0  stm32f10x_spi.o ABSOLUTE
    ..\\FWlib\\src\\stm32f10x_tim.c          0x00000000   Number         0  stm32f10x_tim.o ABSOLUTE
    ..\\FWlib\\src\\stm32f10x_usart.c        0x00000000   Number         0  stm32f10x_usart.o ABSOLUTE
    ..\\FWlib\\src\\stm32f10x_wwdg.c         0x00000000   Number         0  stm32f10x_wwdg.o ABSOLUTE
    ..\\USER\\SRC\\IWDG.c                    0x00000000   Number         0  iwdg.o ABSOLUTE
    ..\\USER\\SRC\\Led.c                     0x00000000   Number         0  led.o ABSOLUTE
    ..\\USER\\SRC\\common.c                  0x00000000   Number         0  common.o ABSOLUTE
    ..\\USER\\SRC\\flash_spi.c               0x00000000   Number         0  flash_spi.o ABSOLUTE
    ..\\USER\\SRC\\main.c                    0x00000000   Number         0  main.o ABSOLUTE
    ..\\USER\\SRC\\stm32f10x_it.c            0x00000000   Number         0  stm32f10x_it.o ABSOLUTE
    ..\\USER\\SRC\\sys_delay.c               0x00000000   Number         0  sys_delay.o ABSOLUTE
    ..\\USER\\SRC\\usart.c                   0x00000000   Number         0  usart.o ABSOLUTE
    ..\\USER\\SRC\\w5500.c                   0x00000000   Number         0  w5500.o ABSOLUTE
    ..\\USER\\SRC\\w5500_app.c               0x00000000   Number         0  w5500_app.o ABSOLUTE
    cdrcmple.s                               0x00000000   Number         0  cdrcmple.o ABSOLUTE
    dc.s                                     0x00000000   Number         0  dc.o ABSOLUTE
    handlers.s                               0x00000000   Number         0  handlers.o ABSOLUTE
    init.s                                   0x00000000   Number         0  init.o ABSOLUTE
    RESET                                    0x08000000   Section      304  startup_stm32f10x_hd.o(RESET)
    .ARM.Collect$$$$00000000                 0x08000130   Section        0  entry.o(.ARM.Collect$$$$00000000)
    .ARM.Collect$$$$00000001                 0x08000130   Section        4  entry2.o(.ARM.Collect$$$$00000001)
    .ARM.Collect$$$$00000004                 0x08000134   Section        4  entry5.o(.ARM.Collect$$$$00000004)
    .ARM.Collect$$$$00000008                 0x08000138   Section        0  entry7b.o(.ARM.Collect$$$$00000008)
    .ARM.Collect$$$$0000000A                 0x08000138   Section        0  entry8b.o(.ARM.Collect$$$$0000000A)
    .ARM.Collect$$$$0000000B                 0x08000138   Section        8  entry9a.o(.ARM.Collect$$$$0000000B)
    .ARM.Collect$$$$0000000D                 0x08000140   Section        0  entry10a.o(.ARM.Collect$$$$0000000D)
    .ARM.Collect$$$$0000000F                 0x08000140   Section        0  entry11a.o(.ARM.Collect$$$$0000000F)
    .ARM.Collect$$$$00002712                 0x08000140   Section        4  entry2.o(.ARM.Collect$$$$00002712)
    __lit__00000000                          0x08000140   Data           4  entry2.o(.ARM.Collect$$$$00002712)
    .text                                    0x08000144   Section        0  system_stm32f10x.o(.text)
    SetSysClockTo72                          0x08000145   Thumb Code   212  system_stm32f10x.o(.text)
    SetSysClock                              0x08000219   Thumb Code     8  system_stm32f10x.o(.text)
    .text                                    0x08000320   Section       36  startup_stm32f10x_hd.o(.text)
    .text                                    0x08000344   Section        0  misc.o(.text)
    .text                                    0x08000420   Section        0  stm32f10x_exti.o(.text)
    .text                                    0x0800053c   Section        0  stm32f10x_flash.o(.text)
    .text                                    0x08000af8   Section        0  stm32f10x_gpio.o(.text)
    .text                                    0x08000e50   Section        0  stm32f10x_iwdg.o(.text)
    .text                                    0x08000e90   Section        0  stm32f10x_rcc.o(.text)
    .text                                    0x08001234   Section        0  stm32f10x_spi.o(.text)
    .text                                    0x08001540   Section        0  stm32f10x_tim.o(.text)
    TI4_Config                               0x080019e7   Thumb Code   130  stm32f10x_tim.o(.text)
    TI3_Config                               0x08001a7b   Thumb Code   122  stm32f10x_tim.o(.text)
    TI2_Config                               0x08001b0f   Thumb Code   130  stm32f10x_tim.o(.text)
    TI1_Config                               0x08001ba3   Thumb Code   108  stm32f10x_tim.o(.text)
    .text                                    0x0800235c   Section        0  stm32f10x_usart.o(.text)
    .text                                    0x08002764   Section        0  common.o(.text)
    .text                                    0x080028b0   Section        0  main.o(.text)
    .text                                    0x08002a48   Section        0  stm32f10x_it.o(.text)
    .text                                    0x08002a60   Section        0  sys_delay.o(.text)
    .text                                    0x08002b40   Section        0  usart.o(.text)
    .text                                    0x08002bbc   Section        0  w5500.o(.text)
    .text                                    0x080035d4   Section        0  w5500_app.o(.text)
    .text                                    0x08003e38   Section        0  led.o(.text)
    .text                                    0x08003ec0   Section        0  flash_spi.o(.text)
    .text                                    0x08004530   Section        0  iwdg.o(.text)
    .text                                    0x0800454e   Section        0  memcpya.o(.text)
    .text                                    0x08004572   Section        0  uidiv.o(.text)
    .text                                    0x080045a0   Section       36  init.o(.text)
    .text                                    0x080045c4   Section        0  semi.o(.text)
    .text                                    0x080045c4   Section        0  iusesemip.o(.text)
    i.__0printf$1                            0x080045c4   Section        0  printf1.o(i.__0printf$1)
    i.__scatterload_copy                     0x080045e4   Section       14  handlers.o(i.__scatterload_copy)
    i.__scatterload_null                     0x080045f2   Section        2  handlers.o(i.__scatterload_null)
    i.__scatterload_zeroinit                 0x080045f4   Section       14  handlers.o(i.__scatterload_zeroinit)
    i._printf_core                           0x08004604   Section        0  printf1.o(i._printf_core)
    _printf_core                             0x08004605   Thumb Code   334  printf1.o(i._printf_core)
    i.fputc                                  0x08004758   Section        0  fputc.o(i.fputc)
    .constdata                               0x0800476c   Section      380  main.o(.constdata)
    .data                                    0x20000000   Section       20  system_stm32f10x.o(.data)
    .data                                    0x20000014   Section       20  stm32f10x_rcc.o(.data)
    APBAHBPrescTable                         0x20000014   Data          16  stm32f10x_rcc.o(.data)
    ADCPrescTable                            0x20000024   Data           4  stm32f10x_rcc.o(.data)
    .data                                    0x20000028   Section       24  common.o(.data)
    .data                                    0x20000040   Section        4  sys_delay.o(.data)
    .data                                    0x20000044   Section       37  w5500.o(.data)
    .data                                    0x2000006c   Section       52  w5500_app.o(.data)
    .data                                    0x200000a0   Section        4  stdout.o(.data)
    .bss                                     0x200000a4   Section      800  w5500.o(.bss)
    .bss                                     0x200003c4   Section     2048  w5500_app.o(.bss)
    STACK                                    0x20000bc8   Section     1024  startup_stm32f10x_hd.o(STACK)

    Global Symbols

    Symbol Name                              Value     Ov Type        Size  Object(Section)

    BuildAttributes$$THM_ISAv4$P$D$K$B$S$PE$A:L22UL41UL21$X:L11$S22US41US21$IEEE1$IW$USESV6$~STKCKD$USESV7$~SHL$OSPACE$ROPI$EBA8$MICROLIB$REQ8$PRES8$EABIv2 0x00000000   Number         0  anon$$obj.o ABSOLUTE
    __ARM_use_no_argv                        0x00000000   Number         0  main.o ABSOLUTE
    _printf_a                                0x00000000   Number         0  stubs.o ABSOLUTE
    _printf_c                                0x00000000   Number         0  stubs.o ABSOLUTE
    _printf_charcount                        0x00000000   Number         0  stubs.o ABSOLUTE
    _printf_d                                0x00000000   Number         0  stubs.o ABSOLUTE
    _printf_e                                0x00000000   Number         0  stubs.o ABSOLUTE
    _printf_f                                0x00000000   Number         0  stubs.o ABSOLUTE
    _printf_flags                            0x00000000   Number         0  stubs.o ABSOLUTE
    _printf_fp_dec                           0x00000000   Number         0  stubs.o ABSOLUTE
    _printf_fp_hex                           0x00000000   Number         0  stubs.o ABSOLUTE
    _printf_g                                0x00000000   Number         0  stubs.o ABSOLUTE
    _printf_i                                0x00000000   Number         0  stubs.o ABSOLUTE
    _printf_int_dec                          0x00000000   Number         0  stubs.o ABSOLUTE
    _printf_l                                0x00000000   Number         0  stubs.o ABSOLUTE
    _printf_lc                               0x00000000   Number         0  stubs.o ABSOLUTE
    _printf_ll                               0x00000000   Number         0  stubs.o ABSOLUTE
    _printf_lld                              0x00000000   Number         0  stubs.o ABSOLUTE
    _printf_lli                              0x00000000   Number         0  stubs.o ABSOLUTE
    _printf_llo                              0x00000000   Number         0  stubs.o ABSOLUTE
    _printf_llu                              0x00000000   Number         0  stubs.o ABSOLUTE
    _printf_llx                              0x00000000   Number         0  stubs.o ABSOLUTE
    _printf_longlong_dec                     0x00000000   Number         0  stubs.o ABSOLUTE
    _printf_longlong_hex                     0x00000000   Number         0  stubs.o ABSOLUTE
    _printf_longlong_oct                     0x00000000   Number         0  stubs.o ABSOLUTE
    _printf_ls                               0x00000000   Number         0  stubs.o ABSOLUTE
    _printf_mbtowc                           0x00000000   Number         0  stubs.o ABSOLUTE
    _printf_n                                0x00000000   Number         0  stubs.o ABSOLUTE
    _printf_o                                0x00000000   Number         0  stubs.o ABSOLUTE
    _printf_p                                0x00000000   Number         0  stubs.o ABSOLUTE
    _printf_percent                          0x00000000   Number         0  stubs.o ABSOLUTE
    _printf_pre_padding                      0x00000000   Number         0  stubs.o ABSOLUTE
    _printf_return_value                     0x00000000   Number         0  stubs.o ABSOLUTE
    _printf_s                                0x00000000   Number         0  stubs.o ABSOLUTE
    _printf_sizespec                         0x00000000   Number         0  stubs.o ABSOLUTE
    _printf_str                              0x00000000   Number         0  stubs.o ABSOLUTE
    _printf_truncate_signed                  0x00000000   Number         0  stubs.o ABSOLUTE
    _printf_truncate_unsigned                0x00000000   Number         0  stubs.o ABSOLUTE
    _printf_u                                0x00000000   Number         0  stubs.o ABSOLUTE
    _printf_wc                               0x00000000   Number         0  stubs.o ABSOLUTE
    _printf_wctomb                           0x00000000   Number         0  stubs.o ABSOLUTE
    _printf_widthprec                        0x00000000   Number         0  stubs.o ABSOLUTE
    _printf_x                                0x00000000   Number         0  stubs.o ABSOLUTE
    __cpp_initialize__aeabi_                  - Undefined Weak Reference
    __cxa_finalize                            - Undefined Weak Reference
    __decompress                              - Undefined Weak Reference
    _clock_init                               - Undefined Weak Reference
    _microlib_exit                            - Undefined Weak Reference
    __Vectors_Size                           0x00000130   Number         0  startup_stm32f10x_hd.o ABSOLUTE
    __Vectors                                0x08000000   Data           4  startup_stm32f10x_hd.o(RESET)
    __Vectors_End                            0x08000130   Data           0  startup_stm32f10x_hd.o(RESET)
    __main                                   0x08000131   Thumb Code     0  entry.o(.ARM.Collect$$$$00000000)
    _main_stk                                0x08000131   Thumb Code     0  entry2.o(.ARM.Collect$$$$00000001)
    _main_scatterload                        0x08000135   Thumb Code     0  entry5.o(.ARM.Collect$$$$00000004)
    __main_after_scatterload                 0x08000139   Thumb Code     0  entry5.o(.ARM.Collect$$$$00000004)
    _main_clock                              0x08000139   Thumb Code     0  entry7b.o(.ARM.Collect$$$$00000008)
    _main_cpp_init                           0x08000139   Thumb Code     0  entry8b.o(.ARM.Collect$$$$0000000A)
    _main_init                               0x08000139   Thumb Code     0  entry9a.o(.ARM.Collect$$$$0000000B)
    __rt_final_cpp                           0x08000141   Thumb Code     0  entry10a.o(.ARM.Collect$$$$0000000D)
    __rt_final_exit                          0x08000141   Thumb Code     0  entry11a.o(.ARM.Collect$$$$0000000F)
    SystemInit                               0x08000221   Thumb Code    78  system_stm32f10x.o(.text)
    SystemCoreClockUpdate                    0x0800026f   Thumb Code   142  system_stm32f10x.o(.text)
    Reset_Handler                            0x08000321   Thumb Code     8  startup_stm32f10x_hd.o(.text)
    SysTick_Handler                          0x08000339   Thumb Code     2  startup_stm32f10x_hd.o(.text)
    ADC1_2_IRQHandler                        0x0800033b   Thumb Code     0  startup_stm32f10x_hd.o(.text)
    ADC3_IRQHandler                          0x0800033b   Thumb Code     0  startup_stm32f10x_hd.o(.text)
    CAN1_RX1_IRQHandler                      0x0800033b   Thumb Code     0  startup_stm32f10x_hd.o(.text)
    CAN1_SCE_IRQHandler                      0x0800033b   Thumb Code     0  startup_stm32f10x_hd.o(.text)
    DMA1_Channel1_IRQHandler                 0x0800033b   Thumb Code     0  startup_stm32f10x_hd.o(.text)
    DMA1_Channel2_IRQHandler                 0x0800033b   Thumb Code     0  startup_stm32f10x_hd.o(.text)
    DMA1_Channel3_IRQHandler                 0x0800033b   Thumb Code     0  startup_stm32f10x_hd.o(.text)
    DMA1_Channel4_IRQHandler                 0x0800033b   Thumb Code     0  startup_stm32f10x_hd.o(.text)
    DMA1_Channel5_IRQHandler                 0x0800033b   Thumb Code     0  startup_stm32f10x_hd.o(.text)
    DMA1_Channel6_IRQHandler                 0x0800033b   Thumb Code     0  startup_stm32f10x_hd.o(.text)
    DMA1_Channel7_IRQHandler                 0x0800033b   Thumb Code     0  startup_stm32f10x_hd.o(.text)
    DMA2_Channel1_IRQHandler                 0x0800033b   Thumb Code     0  startup_stm32f10x_hd.o(.text)
    DMA2_Channel2_IRQHandler                 0x0800033b   Thumb Code     0  startup_stm32f10x_hd.o(.text)
    DMA2_Channel3_IRQHandler                 0x0800033b   Thumb Code     0  startup_stm32f10x_hd.o(.text)
    DMA2_Channel4_5_IRQHandler               0x0800033b   Thumb Code     0  startup_stm32f10x_hd.o(.text)
    EXTI0_IRQHandler                         0x0800033b   Thumb Code     0  startup_stm32f10x_hd.o(.text)
    EXTI15_10_IRQHandler                     0x0800033b   Thumb Code     0  startup_stm32f10x_hd.o(.text)
    EXTI1_IRQHandler                         0x0800033b   Thumb Code     0  startup_stm32f10x_hd.o(.text)
    EXTI2_IRQHandler                         0x0800033b   Thumb Code     0  startup_stm32f10x_hd.o(.text)
    EXTI3_IRQHandler                         0x0800033b   Thumb Code     0  startup_stm32f10x_hd.o(.text)
    EXTI4_IRQHandler                         0x0800033b   Thumb Code     0  startup_stm32f10x_hd.o(.text)
    FLASH_IRQHandler                         0x0800033b   Thumb Code     0  startup_stm32f10x_hd.o(.text)
    FSMC_IRQHandler                          0x0800033b   Thumb Code     0  startup_stm32f10x_hd.o(.text)
    I2C1_ER_IRQHandler                       0x0800033b   Thumb Code     0  startup_stm32f10x_hd.o(.text)
    I2C1_EV_IRQHandler                       0x0800033b   Thumb Code     0  startup_stm32f10x_hd.o(.text)
    I2C2_ER_IRQHandler                       0x0800033b   Thumb Code     0  startup_stm32f10x_hd.o(.text)
    I2C2_EV_IRQHandler                       0x0800033b   Thumb Code     0  startup_stm32f10x_hd.o(.text)
    PVD_IRQHandler                           0x0800033b   Thumb Code     0  startup_stm32f10x_hd.o(.text)
    RCC_IRQHandler                           0x0800033b   Thumb Code     0  startup_stm32f10x_hd.o(.text)
    RTCAlarm_IRQHandler                      0x0800033b   Thumb Code     0  startup_stm32f10x_hd.o(.text)
    RTC_IRQHandler                           0x0800033b   Thumb Code     0  startup_stm32f10x_hd.o(.text)
    SDIO_IRQHandler                          0x0800033b   Thumb Code     0  startup_stm32f10x_hd.o(.text)
    SPI1_IRQHandler                          0x0800033b   Thumb Code     0  startup_stm32f10x_hd.o(.text)
    SPI2_IRQHandler                          0x0800033b   Thumb Code     0  startup_stm32f10x_hd.o(.text)
    SPI3_IRQHandler                          0x0800033b   Thumb Code     0  startup_stm32f10x_hd.o(.text)
    TAMPER_IRQHandler                        0x0800033b   Thumb Code     0  startup_stm32f10x_hd.o(.text)
    TIM1_BRK_IRQHandler                      0x0800033b   Thumb Code     0  startup_stm32f10x_hd.o(.text)
    TIM1_CC_IRQHandler                       0x0800033b   Thumb Code     0  startup_stm32f10x_hd.o(.text)
    TIM1_TRG_COM_IRQHandler                  0x0800033b   Thumb Code     0  startup_stm32f10x_hd.o(.text)
    TIM1_UP_IRQHandler                       0x0800033b   Thumb Code     0  startup_stm32f10x_hd.o(.text)
    TIM2_IRQHandler                          0x0800033b   Thumb Code     0  startup_stm32f10x_hd.o(.text)
    TIM4_IRQHandler                          0x0800033b   Thumb Code     0  startup_stm32f10x_hd.o(.text)
    TIM5_IRQHandler                          0x0800033b   Thumb Code     0  startup_stm32f10x_hd.o(.text)
    TIM6_IRQHandler                          0x0800033b   Thumb Code     0  startup_stm32f10x_hd.o(.text)
    TIM7_IRQHandler                          0x0800033b   Thumb Code     0  startup_stm32f10x_hd.o(.text)
    TIM8_BRK_IRQHandler                      0x0800033b   Thumb Code     0  startup_stm32f10x_hd.o(.text)
    TIM8_CC_IRQHandler                       0x0800033b   Thumb Code     0  startup_stm32f10x_hd.o(.text)
    TIM8_TRG_COM_IRQHandler                  0x0800033b   Thumb Code     0  startup_stm32f10x_hd.o(.text)
    TIM8_UP_IRQHandler                       0x0800033b   Thumb Code     0  startup_stm32f10x_hd.o(.text)
    UART4_IRQHandler                         0x0800033b   Thumb Code     0  startup_stm32f10x_hd.o(.text)
    UART5_IRQHandler                         0x0800033b   Thumb Code     0  startup_stm32f10x_hd.o(.text)
    USART1_IRQHandler                        0x0800033b   Thumb Code     0  startup_stm32f10x_hd.o(.text)
    USART2_IRQHandler                        0x0800033b   Thumb Code     0  startup_stm32f10x_hd.o(.text)
    USART3_IRQHandler                        0x0800033b   Thumb Code     0  startup_stm32f10x_hd.o(.text)
    USBWakeUp_IRQHandler                     0x0800033b   Thumb Code     0  startup_stm32f10x_hd.o(.text)
    USB_HP_CAN1_TX_IRQHandler                0x0800033b   Thumb Code     0  startup_stm32f10x_hd.o(.text)
    USB_LP_CAN1_RX0_IRQHandler               0x0800033b   Thumb Code     0  startup_stm32f10x_hd.o(.text)
    WWDG_IRQHandler                          0x0800033b   Thumb Code     0  startup_stm32f10x_hd.o(.text)
    NVIC_PriorityGroupConfig                 0x08000345   Thumb Code    10  misc.o(.text)
    NVIC_Init                                0x0800034f   Thumb Code   102  misc.o(.text)
    NVIC_SetVectorTable                      0x080003b5   Thumb Code    14  misc.o(.text)
    NVIC_SystemLPConfig                      0x080003c3   Thumb Code    34  misc.o(.text)
    SysTick_CLKSourceConfig                  0x080003e5   Thumb Code    40  misc.o(.text)
    EXTI_DeInit                              0x08000421   Thumb Code    28  stm32f10x_exti.o(.text)
    EXTI_Init                                0x0800043d   Thumb Code   142  stm32f10x_exti.o(.text)
    EXTI_StructInit                          0x080004cb   Thumb Code    16  stm32f10x_exti.o(.text)
    EXTI_GenerateSWInterrupt                 0x080004db   Thumb Code    16  stm32f10x_exti.o(.text)
    EXTI_GetFlagStatus                       0x080004eb   Thumb Code    22  stm32f10x_exti.o(.text)
    EXTI_ClearFlag                           0x08000501   Thumb Code     8  stm32f10x_exti.o(.text)
    EXTI_GetITStatus                         0x08000509   Thumb Code    34  stm32f10x_exti.o(.text)
    EXTI_ClearITPendingBit                   0x0800052b   Thumb Code     8  stm32f10x_exti.o(.text)
    FLASH_SetLatency                         0x0800053d   Thumb Code    18  stm32f10x_flash.o(.text)
    FLASH_HalfCycleAccessCmd                 0x0800054f   Thumb Code    22  stm32f10x_flash.o(.text)
    FLASH_PrefetchBufferCmd                  0x08000565   Thumb Code    22  stm32f10x_flash.o(.text)
    FLASH_Unlock                             0x0800057b   Thumb Code    12  stm32f10x_flash.o(.text)
    FLASH_UnlockBank1                        0x08000587   Thumb Code    12  stm32f10x_flash.o(.text)
    FLASH_Lock                               0x08000593   Thumb Code    14  stm32f10x_flash.o(.text)
    FLASH_LockBank1                          0x080005a1   Thumb Code    14  stm32f10x_flash.o(.text)
    FLASH_GetBank1Status                     0x080005af   Thumb Code    48  stm32f10x_flash.o(.text)
    FLASH_WaitForLastOperation               0x080005df   Thumb Code    38  stm32f10x_flash.o(.text)
    FLASH_ErasePage                          0x08000605   Thumb Code    72  stm32f10x_flash.o(.text)
    FLASH_EraseAllPages                      0x0800064d   Thumb Code    68  stm32f10x_flash.o(.text)
    FLASH_WaitForLastBank1Operation          0x08000691   Thumb Code    38  stm32f10x_flash.o(.text)
    FLASH_EraseAllBank1Pages                 0x080006b7   Thumb Code    68  stm32f10x_flash.o(.text)
    FLASH_GetReadOutProtectionStatus         0x080006fb   Thumb Code    20  stm32f10x_flash.o(.text)
    FLASH_EraseOptionBytes                   0x0800070f   Thumb Code   150  stm32f10x_flash.o(.text)
    FLASH_ProgramWord                        0x080007a5   Thumb Code   102  stm32f10x_flash.o(.text)
    FLASH_ProgramHalfWord                    0x0800080b   Thumb Code    60  stm32f10x_flash.o(.text)
    FLASH_ProgramOptionByteData              0x08000847   Thumb Code    72  stm32f10x_flash.o(.text)
    FLASH_EnableWriteProtection              0x0800088f   Thumb Code   200  stm32f10x_flash.o(.text)
    FLASH_ReadOutProtection                  0x08000957   Thumb Code   156  stm32f10x_flash.o(.text)
    FLASH_UserOptionByteConfig               0x080009f3   Thumb Code    88  stm32f10x_flash.o(.text)
    FLASH_GetUserOptionByte                  0x08000a4b   Thumb Code     8  stm32f10x_flash.o(.text)
    FLASH_GetWriteProtectionOptionByte       0x08000a53   Thumb Code     6  stm32f10x_flash.o(.text)
    FLASH_GetPrefetchBufferStatus            0x08000a59   Thumb Code    20  stm32f10x_flash.o(.text)
    FLASH_ITConfig                           0x08000a6d   Thumb Code    26  stm32f10x_flash.o(.text)
    FLASH_GetFlagStatus                      0x08000a87   Thumb Code    42  stm32f10x_flash.o(.text)
    FLASH_ClearFlag                          0x08000ab1   Thumb Code     6  stm32f10x_flash.o(.text)
    FLASH_GetStatus                          0x08000ab7   Thumb Code    48  stm32f10x_flash.o(.text)
    GPIO_DeInit                              0x08000af9   Thumb Code   172  stm32f10x_gpio.o(.text)
    GPIO_AFIODeInit                          0x08000ba5   Thumb Code    20  stm32f10x_gpio.o(.text)
    GPIO_Init                                0x08000bb9   Thumb Code   274  stm32f10x_gpio.o(.text)
    GPIO_StructInit                          0x08000ccb   Thumb Code    16  stm32f10x_gpio.o(.text)
    GPIO_ReadInputDataBit                    0x08000cdb   Thumb Code    18  stm32f10x_gpio.o(.text)
    GPIO_ReadInputData                       0x08000ced   Thumb Code     8  stm32f10x_gpio.o(.text)
    GPIO_ReadOutputDataBit                   0x08000cf5   Thumb Code    18  stm32f10x_gpio.o(.text)
    GPIO_ReadOutputData                      0x08000d07   Thumb Code     8  stm32f10x_gpio.o(.text)
    GPIO_SetBits                             0x08000d0f   Thumb Code     4  stm32f10x_gpio.o(.text)
    GPIO_ResetBits                           0x08000d13   Thumb Code     4  stm32f10x_gpio.o(.text)
    GPIO_WriteBit                            0x08000d17   Thumb Code    10  stm32f10x_gpio.o(.text)
    GPIO_Write                               0x08000d21   Thumb Code     4  stm32f10x_gpio.o(.text)
    GPIO_PinLockConfig                       0x08000d25   Thumb Code    18  stm32f10x_gpio.o(.text)
    GPIO_EventOutputConfig                   0x08000d37   Thumb Code    26  stm32f10x_gpio.o(.text)
    GPIO_EventOutputCmd                      0x08000d51   Thumb Code     6  stm32f10x_gpio.o(.text)
    GPIO_PinRemapConfig                      0x08000d57   Thumb Code   138  stm32f10x_gpio.o(.text)
    GPIO_EXTILineConfig                      0x08000de1   Thumb Code    66  stm32f10x_gpio.o(.text)
    GPIO_ETH_MediaInterfaceConfig            0x08000e23   Thumb Code     6  stm32f10x_gpio.o(.text)
    IWDG_WriteAccessCmd                      0x08000e51   Thumb Code     6  stm32f10x_iwdg.o(.text)
    IWDG_SetPrescaler                        0x08000e57   Thumb Code     6  stm32f10x_iwdg.o(.text)
    IWDG_SetReload                           0x08000e5d   Thumb Code     6  stm32f10x_iwdg.o(.text)
    IWDG_ReloadCounter                       0x08000e63   Thumb Code    10  stm32f10x_iwdg.o(.text)
    IWDG_Enable                              0x08000e6d   Thumb Code    10  stm32f10x_iwdg.o(.text)
    IWDG_GetFlagStatus                       0x08000e77   Thumb Code    20  stm32f10x_iwdg.o(.text)
    RCC_DeInit                               0x08000e91   Thumb Code    64  stm32f10x_rcc.o(.text)
    RCC_HSEConfig                            0x08000ed1   Thumb Code    70  stm32f10x_rcc.o(.text)
    RCC_GetFlagStatus                        0x08000f17   Thumb Code    56  stm32f10x_rcc.o(.text)
    RCC_WaitForHSEStartUp                    0x08000f4f   Thumb Code    56  stm32f10x_rcc.o(.text)
    RCC_AdjustHSICalibrationValue            0x08000f87   Thumb Code    20  stm32f10x_rcc.o(.text)
    RCC_HSICmd                               0x08000f9b   Thumb Code     6  stm32f10x_rcc.o(.text)
    RCC_PLLConfig                            0x08000fa1   Thumb Code    24  stm32f10x_rcc.o(.text)
    RCC_PLLCmd                               0x08000fb9   Thumb Code     6  stm32f10x_rcc.o(.text)
    RCC_SYSCLKConfig                         0x08000fbf   Thumb Code    18  stm32f10x_rcc.o(.text)
    RCC_GetSYSCLKSource                      0x08000fd1   Thumb Code    10  stm32f10x_rcc.o(.text)
    RCC_HCLKConfig                           0x08000fdb   Thumb Code    18  stm32f10x_rcc.o(.text)
    RCC_PCLK1Config                          0x08000fed   Thumb Code    18  stm32f10x_rcc.o(.text)
    RCC_PCLK2Config                          0x08000fff   Thumb Code    20  stm32f10x_rcc.o(.text)
    RCC_ITConfig                             0x08001013   Thumb Code    26  stm32f10x_rcc.o(.text)
    RCC_USBCLKConfig                         0x0800102d   Thumb Code     6  stm32f10x_rcc.o(.text)
    RCC_ADCCLKConfig                         0x08001033   Thumb Code    18  stm32f10x_rcc.o(.text)
    RCC_LSEConfig                            0x08001045   Thumb Code    44  stm32f10x_rcc.o(.text)
    RCC_LSICmd                               0x08001071   Thumb Code     6  stm32f10x_rcc.o(.text)
    RCC_RTCCLKConfig                         0x08001077   Thumb Code    12  stm32f10x_rcc.o(.text)
    RCC_RTCCLKCmd                            0x08001083   Thumb Code     8  stm32f10x_rcc.o(.text)
    RCC_GetClocksFreq                        0x0800108b   Thumb Code   192  stm32f10x_rcc.o(.text)
    RCC_AHBPeriphClockCmd                    0x0800114b   Thumb Code    26  stm32f10x_rcc.o(.text)
    RCC_APB2PeriphClockCmd                   0x08001165   Thumb Code    26  stm32f10x_rcc.o(.text)
    RCC_APB1PeriphClockCmd                   0x0800117f   Thumb Code    26  stm32f10x_rcc.o(.text)
    RCC_APB2PeriphResetCmd                   0x08001199   Thumb Code    26  stm32f10x_rcc.o(.text)
    RCC_APB1PeriphResetCmd                   0x080011b3   Thumb Code    26  stm32f10x_rcc.o(.text)
    RCC_BackupResetCmd                       0x080011cd   Thumb Code     8  stm32f10x_rcc.o(.text)
    RCC_ClockSecuritySystemCmd               0x080011d5   Thumb Code     6  stm32f10x_rcc.o(.text)
    RCC_MCOConfig                            0x080011db   Thumb Code     6  stm32f10x_rcc.o(.text)
    RCC_ClearFlag                            0x080011e1   Thumb Code    14  stm32f10x_rcc.o(.text)
    RCC_GetITStatus                          0x080011ef   Thumb Code    20  stm32f10x_rcc.o(.text)
    RCC_ClearITPendingBit                    0x08001203   Thumb Code     6  stm32f10x_rcc.o(.text)
    SPI_I2S_DeInit                           0x08001235   Thumb Code    76  stm32f10x_spi.o(.text)
    SPI_Init                                 0x08001281   Thumb Code    60  stm32f10x_spi.o(.text)
    I2S_Init                                 0x080012bd   Thumb Code   226  stm32f10x_spi.o(.text)
    SPI_StructInit                           0x0800139f   Thumb Code    24  stm32f10x_spi.o(.text)
    I2S_StructInit                           0x080013b7   Thumb Code    20  stm32f10x_spi.o(.text)
    SPI_Cmd                                  0x080013cb   Thumb Code    24  stm32f10x_spi.o(.text)
    I2S_Cmd                                  0x080013e3   Thumb Code    24  stm32f10x_spi.o(.text)
    SPI_I2S_ITConfig                         0x080013fb   Thumb Code    32  stm32f10x_spi.o(.text)
    SPI_I2S_DMACmd                           0x0800141b   Thumb Code    18  stm32f10x_spi.o(.text)
    SPI_I2S_SendData                         0x0800142d   Thumb Code     4  stm32f10x_spi.o(.text)
    SPI_I2S_ReceiveData                      0x08001431   Thumb Code     6  stm32f10x_spi.o(.text)
    SPI_NSSInternalSoftwareConfig            0x08001437   Thumb Code    30  stm32f10x_spi.o(.text)
    SPI_SSOutputCmd                          0x08001455   Thumb Code    24  stm32f10x_spi.o(.text)
    SPI_DataSizeConfig                       0x0800146d   Thumb Code    18  stm32f10x_spi.o(.text)
    SPI_TransmitCRC                          0x0800147f   Thumb Code    10  stm32f10x_spi.o(.text)
    SPI_CalculateCRC                         0x08001489   Thumb Code    24  stm32f10x_spi.o(.text)
    SPI_GetCRC                               0x080014a1   Thumb Code    16  stm32f10x_spi.o(.text)
    SPI_GetCRCPolynomial                     0x080014b1   Thumb Code     6  stm32f10x_spi.o(.text)
    SPI_BiDirectionalLineConfig              0x080014b7   Thumb Code    28  stm32f10x_spi.o(.text)
    SPI_I2S_GetFlagStatus                    0x080014d3   Thumb Code    18  stm32f10x_spi.o(.text)
    SPI_I2S_ClearFlag                        0x080014e5   Thumb Code     6  stm32f10x_spi.o(.text)
    SPI_I2S_GetITStatus                      0x080014eb   Thumb Code    52  stm32f10x_spi.o(.text)
    SPI_I2S_ClearITPendingBit                0x0800151f   Thumb Code    20  stm32f10x_spi.o(.text)
    TIM_DeInit                               0x08001541   Thumb Code   424  stm32f10x_tim.o(.text)
    TIM_TimeBaseInit                         0x080016e9   Thumb Code   122  stm32f10x_tim.o(.text)
    TIM_OC1Init                              0x08001763   Thumb Code   132  stm32f10x_tim.o(.text)
    TIM_OC2Init                              0x080017e7   Thumb Code   154  stm32f10x_tim.o(.text)
    TIM_OC3Init                              0x08001881   Thumb Code   150  stm32f10x_tim.o(.text)
    TIM_OC4Init                              0x08001917   Thumb Code   182  stm32f10x_tim.o(.text)
    TIM_SetIC4Prescaler                      0x080019cd   Thumb Code    26  stm32f10x_tim.o(.text)
    TIM_SetIC3Prescaler                      0x08001a69   Thumb Code    18  stm32f10x_tim.o(.text)
    TIM_SetIC2Prescaler                      0x08001af5   Thumb Code    26  stm32f10x_tim.o(.text)
    TIM_SetIC1Prescaler                      0x08001b91   Thumb Code    18  stm32f10x_tim.o(.text)
    TIM_ICInit                               0x08001c0f   Thumb Code   150  stm32f10x_tim.o(.text)
    TIM_PWMIConfig                           0x08001ca5   Thumb Code   124  stm32f10x_tim.o(.text)
    TIM_BDTRConfig                           0x08001d21   Thumb Code    32  stm32f10x_tim.o(.text)
    TIM_TimeBaseStructInit                   0x08001d41   Thumb Code    18  stm32f10x_tim.o(.text)
    TIM_OCStructInit                         0x08001d53   Thumb Code    20  stm32f10x_tim.o(.text)
    TIM_ICStructInit                         0x08001d67   Thumb Code    18  stm32f10x_tim.o(.text)
    TIM_BDTRStructInit                       0x08001d79   Thumb Code    40  stm32f10x_tim.o(.text)
    TIM_Cmd                                  0x08001da1   Thumb Code    24  stm32f10x_tim.o(.text)
    TIM_CtrlPWMOutputs                       0x08001db9   Thumb Code    30  stm32f10x_tim.o(.text)
    TIM_ITConfig                             0x08001dd7   Thumb Code    18  stm32f10x_tim.o(.text)
    TIM_GenerateEvent                        0x08001de9   Thumb Code     4  stm32f10x_tim.o(.text)
    TIM_DMAConfig                            0x08001ded   Thumb Code    10  stm32f10x_tim.o(.text)
    TIM_DMACmd                               0x08001df7   Thumb Code    18  stm32f10x_tim.o(.text)
    TIM_InternalClockConfig                  0x08001e09   Thumb Code    12  stm32f10x_tim.o(.text)
    TIM_SelectInputTrigger                   0x08001e15   Thumb Code    18  stm32f10x_tim.o(.text)
    TIM_ITRxExternalClockConfig              0x08001e27   Thumb Code    24  stm32f10x_tim.o(.text)
    TIM_TIxExternalClockConfig               0x08001e3f   Thumb Code    62  stm32f10x_tim.o(.text)
    TIM_ETRConfig                            0x08001e7d   Thumb Code    28  stm32f10x_tim.o(.text)
    TIM_ETRClockMode1Config                  0x08001e99   Thumb Code    54  stm32f10x_tim.o(.text)
    TIM_ETRClockMode2Config                  0x08001ecf   Thumb Code    32  stm32f10x_tim.o(.text)
    TIM_PrescalerConfig                      0x08001eef   Thumb Code     6  stm32f10x_tim.o(.text)
    TIM_CounterModeConfig                    0x08001ef5   Thumb Code    18  stm32f10x_tim.o(.text)
    TIM_EncoderInterfaceConfig               0x08001f07   Thumb Code    66  stm32f10x_tim.o(.text)
    TIM_ForcedOC1Config                      0x08001f49   Thumb Code    18  stm32f10x_tim.o(.text)
    TIM_ForcedOC2Config                      0x08001f5b   Thumb Code    26  stm32f10x_tim.o(.text)
    TIM_ForcedOC3Config                      0x08001f75   Thumb Code    18  stm32f10x_tim.o(.text)
    TIM_ForcedOC4Config                      0x08001f87   Thumb Code    26  stm32f10x_tim.o(.text)
    TIM_ARRPreloadConfig                     0x08001fa1   Thumb Code    24  stm32f10x_tim.o(.text)
    TIM_SelectCOM                            0x08001fb9   Thumb Code    24  stm32f10x_tim.o(.text)
    TIM_SelectCCDMA                          0x08001fd1   Thumb Code    24  stm32f10x_tim.o(.text)
    TIM_CCPreloadControl                     0x08001fe9   Thumb Code    24  stm32f10x_tim.o(.text)
    TIM_OC1PreloadConfig                     0x08002001   Thumb Code    18  stm32f10x_tim.o(.text)
    TIM_OC2PreloadConfig                     0x08002013   Thumb Code    26  stm32f10x_tim.o(.text)
    TIM_OC3PreloadConfig                     0x0800202d   Thumb Code    18  stm32f10x_tim.o(.text)
    TIM_OC4PreloadConfig                     0x0800203f   Thumb Code    26  stm32f10x_tim.o(.text)
    TIM_OC1FastConfig                        0x08002059   Thumb Code    18  stm32f10x_tim.o(.text)
    TIM_OC2FastConfig                        0x0800206b   Thumb Code    26  stm32f10x_tim.o(.text)
    TIM_OC3FastConfig                        0x08002085   Thumb Code    18  stm32f10x_tim.o(.text)
    TIM_OC4FastConfig                        0x08002097   Thumb Code    26  stm32f10x_tim.o(.text)
    TIM_ClearOC1Ref                          0x080020b1   Thumb Code    18  stm32f10x_tim.o(.text)
    TIM_ClearOC2Ref                          0x080020c3   Thumb Code    24  stm32f10x_tim.o(.text)
    TIM_ClearOC3Ref                          0x080020db   Thumb Code    18  stm32f10x_tim.o(.text)
    TIM_ClearOC4Ref                          0x080020ed   Thumb Code    24  stm32f10x_tim.o(.text)
    TIM_OC1PolarityConfig                    0x08002105   Thumb Code    18  stm32f10x_tim.o(.text)
    TIM_OC1NPolarityConfig                   0x08002117   Thumb Code    18  stm32f10x_tim.o(.text)
    TIM_OC2PolarityConfig                    0x08002129   Thumb Code    26  stm32f10x_tim.o(.text)
    TIM_OC2NPolarityConfig                   0x08002143   Thumb Code    26  stm32f10x_tim.o(.text)
    TIM_OC3PolarityConfig                    0x0800215d   Thumb Code    26  stm32f10x_tim.o(.text)
    TIM_OC3NPolarityConfig                   0x08002177   Thumb Code    26  stm32f10x_tim.o(.text)
    TIM_OC4PolarityConfig                    0x08002191   Thumb Code    26  stm32f10x_tim.o(.text)
    TIM_CCxCmd                               0x080021ab   Thumb Code    30  stm32f10x_tim.o(.text)
    TIM_CCxNCmd                              0x080021c9   Thumb Code    30  stm32f10x_tim.o(.text)
    TIM_SelectOCxM                           0x080021e7   Thumb Code    82  stm32f10x_tim.o(.text)
    TIM_UpdateDisableConfig                  0x08002239   Thumb Code    24  stm32f10x_tim.o(.text)
    TIM_UpdateRequestConfig                  0x08002251   Thumb Code    24  stm32f10x_tim.o(.text)
    TIM_SelectHallSensor                     0x08002269   Thumb Code    24  stm32f10x_tim.o(.text)
    TIM_SelectOnePulseMode                   0x08002281   Thumb Code    18  stm32f10x_tim.o(.text)
    TIM_SelectOutputTrigger                  0x08002293   Thumb Code    18  stm32f10x_tim.o(.text)
    TIM_SelectSlaveMode                      0x080022a5   Thumb Code    18  stm32f10x_tim.o(.text)
    TIM_SelectMasterSlaveMode                0x080022b7   Thumb Code    18  stm32f10x_tim.o(.text)
    TIM_SetCounter                           0x080022c9   Thumb Code     4  stm32f10x_tim.o(.text)
    TIM_SetAutoreload                        0x080022cd   Thumb Code     4  stm32f10x_tim.o(.text)
    TIM_SetCompare1                          0x080022d1   Thumb Code     4  stm32f10x_tim.o(.text)
    TIM_SetCompare2                          0x080022d5   Thumb Code     4  stm32f10x_tim.o(.text)
    TIM_SetCompare3                          0x080022d9   Thumb Code     4  stm32f10x_tim.o(.text)
    TIM_SetCompare4                          0x080022dd   Thumb Code     6  stm32f10x_tim.o(.text)
    TIM_SetClockDivision                     0x080022e3   Thumb Code    18  stm32f10x_tim.o(.text)
    TIM_GetCapture1                          0x080022f5   Thumb Code     6  stm32f10x_tim.o(.text)
    TIM_GetCapture2                          0x080022fb   Thumb Code     6  stm32f10x_tim.o(.text)
    TIM_GetCapture3                          0x08002301   Thumb Code     6  stm32f10x_tim.o(.text)
    TIM_GetCapture4                          0x08002307   Thumb Code     8  stm32f10x_tim.o(.text)
    TIM_GetCounter                           0x0800230f   Thumb Code     6  stm32f10x_tim.o(.text)
    TIM_GetPrescaler                         0x08002315   Thumb Code     6  stm32f10x_tim.o(.text)
    TIM_GetFlagStatus                        0x0800231b   Thumb Code    18  stm32f10x_tim.o(.text)
    TIM_ClearFlag                            0x0800232d   Thumb Code     6  stm32f10x_tim.o(.text)
    TIM_GetITStatus                          0x08002333   Thumb Code    34  stm32f10x_tim.o(.text)
    TIM_ClearITPendingBit                    0x08002355   Thumb Code     6  stm32f10x_tim.o(.text)
    USART_DeInit                             0x0800235d   Thumb Code   134  stm32f10x_usart.o(.text)
    USART_Init                               0x080023e3   Thumb Code   210  stm32f10x_usart.o(.text)
    USART_StructInit                         0x080024b5   Thumb Code    24  stm32f10x_usart.o(.text)
    USART_ClockInit                          0x080024cd   Thumb Code    34  stm32f10x_usart.o(.text)
    USART_ClockStructInit                    0x080024ef   Thumb Code    12  stm32f10x_usart.o(.text)
    USART_Cmd                                0x080024fb   Thumb Code    24  stm32f10x_usart.o(.text)
    USART_ITConfig                           0x08002513   Thumb Code    74  stm32f10x_usart.o(.text)
    USART_DMACmd                             0x0800255d   Thumb Code    18  stm32f10x_usart.o(.text)
    USART_SetAddress                         0x0800256f   Thumb Code    18  stm32f10x_usart.o(.text)
    USART_WakeUpConfig                       0x08002581   Thumb Code    18  stm32f10x_usart.o(.text)
    USART_ReceiverWakeUpCmd                  0x08002593   Thumb Code    24  stm32f10x_usart.o(.text)
    USART_LINBreakDetectLengthConfig         0x080025ab   Thumb Code    18  stm32f10x_usart.o(.text)
    USART_LINCmd                             0x080025bd   Thumb Code    24  stm32f10x_usart.o(.text)
    USART_SendData                           0x080025d5   Thumb Code     8  stm32f10x_usart.o(.text)
    USART_ReceiveData                        0x080025dd   Thumb Code    10  stm32f10x_usart.o(.text)
    USART_SendBreak                          0x080025e7   Thumb Code    10  stm32f10x_usart.o(.text)
    USART_SetGuardTime                       0x080025f1   Thumb Code    16  stm32f10x_usart.o(.text)
    USART_SetPrescaler                       0x08002601   Thumb Code    16  stm32f10x_usart.o(.text)
    USART_SmartCardCmd                       0x08002611   Thumb Code    24  stm32f10x_usart.o(.text)
    USART_SmartCardNACKCmd                   0x08002629   Thumb Code    24  stm32f10x_usart.o(.text)
    USART_HalfDuplexCmd                      0x08002641   Thumb Code    24  stm32f10x_usart.o(.text)
    USART_OverSampling8Cmd                   0x08002659   Thumb Code    22  stm32f10x_usart.o(.text)
    USART_OneBitMethodCmd                    0x0800266f   Thumb Code    24  stm32f10x_usart.o(.text)
    USART_IrDAConfig                         0x08002687   Thumb Code    18  stm32f10x_usart.o(.text)
    USART_IrDACmd                            0x08002699   Thumb Code    24  stm32f10x_usart.o(.text)
    USART_GetFlagStatus                      0x080026b1   Thumb Code    26  stm32f10x_usart.o(.text)
    USART_ClearFlag                          0x080026cb   Thumb Code    18  stm32f10x_usart.o(.text)
    USART_GetITStatus                        0x080026dd   Thumb Code    84  stm32f10x_usart.o(.text)
    USART_ClearITPendingBit                  0x08002731   Thumb Code    52  stm32f10x_usart.o(.text)
    SerialPutChar                            0x08002765   Thumb Code    28  common.o(.text)
    Serial_PutString                         0x08002781   Thumb Code    22  common.o(.text)
    FLASH_DisableWriteProtectionPages        0x08002797   Thumb Code   184  common.o(.text)
    Upgrate                                  0x080028b1   Thumb Code   234  main.o(.text)
    Usart_Init                               0x0800299b   Thumb Code     8  main.o(.text)
    NVIC_Configuration                       0x080029a3   Thumb Code    20  main.o(.text)
    main                                     0x080029b7   Thumb Code    56  main.o(.text)
    NMI_Handler                              0x08002a49   Thumb Code     2  stm32f10x_it.o(.text)
    HardFault_Handler                        0x08002a4b   Thumb Code     4  stm32f10x_it.o(.text)
    MemManage_Handler                        0x08002a4f   Thumb Code     4  stm32f10x_it.o(.text)
    BusFault_Handler                         0x08002a53   Thumb Code     4  stm32f10x_it.o(.text)
    UsageFault_Handler                       0x08002a57   Thumb Code     4  stm32f10x_it.o(.text)
    DebugMon_Handler                         0x08002a5b   Thumb Code     2  stm32f10x_it.o(.text)
    SVC_Handler                              0x08002a5d   Thumb Code     2  stm32f10x_it.o(.text)
    PendSV_Handler                           0x08002a5f   Thumb Code     2  stm32f10x_it.o(.text)
    NVIC_Configuration_TIM3                  0x08002a61   Thumb Code    52  sys_delay.o(.text)
    Timer3_Init_Config                       0x08002a95   Thumb Code    62  sys_delay.o(.text)
    DelayTimerInit_Config                    0x08002ad3   Thumb Code     8  sys_delay.o(.text)
    TIM3_IRQHandler                          0x08002adb   Thumb Code    50  sys_delay.o(.text)
    TimeDelay_ms                             0x08002b0d   Thumb Code    24  sys_delay.o(.text)
    Get_uTimer3_Counter                      0x08002b25   Thumb Code     6  sys_delay.o(.text)
    uTimer3_Counter_Reset                    0x08002b2b   Thumb Code     8  sys_delay.o(.text)
    Usart1_Init                              0x08002b41   Thumb Code   114  usart.o(.text)
    W5500_GPIO_Configuration                 0x08002bbd   Thumb Code   100  w5500.o(.text)
    W5500_NVIC_Configuration                 0x08002c21   Thumb Code    32  w5500.o(.text)
    EXTI9_5_IRQHandler                       0x08002c41   Thumb Code    24  w5500.o(.text)
    W5500_SPI_Configuration                  0x08002c59   Thumb Code   154  w5500.o(.text)
    SPI1_Send_Byte                           0x08002cf3   Thumb Code    28  w5500.o(.text)
    SPI1_Send_Short                          0x08002d0f   Thumb Code    28  w5500.o(.text)
    Write_W5500_1Byte                        0x08002d2b   Thumb Code    42  w5500.o(.text)
    Write_W5500_2Byte                        0x08002d55   Thumb Code    42  w5500.o(.text)
    Write_W5500_nByte                        0x08002d7f   Thumb Code    62  w5500.o(.text)
    Write_W5500_SOCK_1Byte                   0x08002dbd   Thumb Code    54  w5500.o(.text)
    Write_W5500_SOCK_2Byte                   0x08002df3   Thumb Code    54  w5500.o(.text)
    Write_W5500_SOCK_4Byte                   0x08002e29   Thumb Code    80  w5500.o(.text)
    Read_W5500_1Byte                         0x08002e79   Thumb Code    58  w5500.o(.text)
    Read_W5500_SOCK_1Byte                    0x08002eb3   Thumb Code    70  w5500.o(.text)
    Read_W5500_SOCK_2Byte                    0x08002ef9   Thumb Code    94  w5500.o(.text)
    Read_SOCK_Data_Buffer                    0x08002f57   Thumb Code   304  w5500.o(.text)
    Write_SOCK_Data_Buffer                   0x08003087   Thumb Code   254  w5500.o(.text)
    W5500_Hardware_Reset                     0x08003185   Thumb Code    80  w5500.o(.text)
    W5500_Init                               0x080031d5   Thumb Code   146  w5500.o(.text)
    Detect_Gateway                           0x08003267   Thumb Code   194  w5500.o(.text)
    Socket_Init                              0x08003329   Thumb Code   104  w5500.o(.text)
    Socket_Connect                           0x08003391   Thumb Code   122  w5500.o(.text)
    Socket_Listen                            0x0800340b   Thumb Code   102  w5500.o(.text)
    Socket_UDP                               0x08003471   Thumb Code    60  w5500.o(.text)
    W5500_Interrupt_Process                  0x080034ad   Thumb Code   178  w5500.o(.text)
    W5500_Socket_Set                         0x0800355f   Thumb Code   100  w5500.o(.text)
    FLASH_Read_Word                          0x080035d5   Thumb Code     6  w5500_app.o(.text)
    Load_Net_Parameters                      0x080035db   Thumb Code   252  w5500_app.o(.text)
    W5500_Initialization                     0x080036d7   Thumb Code    18  w5500_app.o(.text)
    W5500_LRC                                0x080036e9   Thumb Code    26  w5500_app.o(.text)
    W5500_Return_Data                        0x08003703   Thumb Code   152  w5500_app.o(.text)
    Process_Socket_Data                      0x0800379b   Thumb Code  1506  w5500_app.o(.text)
    W5500_DataHandling                       0x08003d7d   Thumb Code   126  w5500_app.o(.text)
    LED_config                               0x08003e39   Thumb Code    66  led.o(.text)
    LED1_on                                  0x08003e7b   Thumb Code    14  led.o(.text)
    LED1_off                                 0x08003e89   Thumb Code    14  led.o(.text)
    LED_Control                              0x08003e97   Thumb Code    32  led.o(.text)
    SPI_FLASH_SendByte                       0x08003ec1   Thumb Code    50  flash_spi.o(.text)
    SPI_FLASH_ReadID                         0x08003ef3   Thumb Code    78  flash_spi.o(.text)
    SPI_Flash_Check                          0x08003f41   Thumb Code    24  flash_spi.o(.text)
    SPI_FLASH_Init                           0x08003f59   Thumb Code   260  flash_spi.o(.text)
    SPI_FLASH_WaitForWriteEnd                0x0800405d   Thumb Code    48  flash_spi.o(.text)
    SPI_FLASH_WriteEnable                    0x0800408d   Thumb Code    30  flash_spi.o(.text)
    SPI_FLASH_SectorErase                    0x080040ab   Thumb Code    68  flash_spi.o(.text)
    SPI_FLASH_SectorErase_A                  0x080040ef   Thumb Code    72  flash_spi.o(.text)
    SPI_FLASH_BulkErase                      0x08004137   Thumb Code    38  flash_spi.o(.text)
    SPI_FLASH_PageWrite                      0x0800415d   Thumb Code   102  flash_spi.o(.text)
    SPI_FLASH_BufferWrite                    0x080041c3   Thumb Code   452  flash_spi.o(.text)
    SPI_FLASH_SectorWrite                    0x08004387   Thumb Code    26  flash_spi.o(.text)
    SPI_FLASH_BufferRead                     0x080043a1   Thumb Code    82  flash_spi.o(.text)
    SPI_FLASH_ReadDeviceID                   0x080043f3   Thumb Code    60  flash_spi.o(.text)
    SPI_FLASH_StartReadSequence              0x0800442f   Thumb Code    44  flash_spi.o(.text)
    SPI_FLASH_ReadByte                       0x0800445b   Thumb Code    10  flash_spi.o(.text)
    SPI_FLASH_SendHalfWord                   0x08004465   Thumb Code    48  flash_spi.o(.text)
    SPI_FLASH_WriteDisable                   0x08004495   Thumb Code    30  flash_spi.o(.text)
    SPI_Flash_ReadSR                         0x080044b3   Thumb Code    42  flash_spi.o(.text)
    SPI_Flash_Wait_Busy                      0x080044dd   Thumb Code    16  flash_spi.o(.text)
    SPI_Flash_PowerDown                      0x080044ed   Thumb Code    30  flash_spi.o(.text)
    SPI_Flash_WAKEUP                         0x0800450b   Thumb Code    30  flash_spi.o(.text)
    IWDG_QConfiguration                      0x08004531   Thumb Code    30  iwdg.o(.text)
    __aeabi_memcpy                           0x0800454f   Thumb Code    36  memcpya.o(.text)
    __aeabi_memcpy4                          0x0800454f   Thumb Code     0  memcpya.o(.text)
    __aeabi_memcpy8                          0x0800454f   Thumb Code     0  memcpya.o(.text)
    __aeabi_uidiv                            0x08004573   Thumb Code     0  uidiv.o(.text)
    __aeabi_uidivmod                         0x08004573   Thumb Code    44  uidiv.o(.text)
    __scatterload                            0x080045a1   Thumb Code    28  init.o(.text)
    __scatterload_rt2                        0x080045a1   Thumb Code     0  init.o(.text)
    __0printf$1                              0x080045c5   Thumb Code    22  printf1.o(i.__0printf$1)
    __1printf$1                              0x080045c5   Thumb Code     0  printf1.o(i.__0printf$1)
    __2printf                                0x080045c5   Thumb Code     0  printf1.o(i.__0printf$1)
    __I$use$semihosting$fputc                0x080045c5   Thumb Code     0  iusesemip.o(.text)
    __semihosting_library_function           0x080045c5   Thumb Code     0  semi.o(.text)
    __scatterload_copy                       0x080045e5   Thumb Code    14  handlers.o(i.__scatterload_copy)
    __scatterload_null                       0x080045f3   Thumb Code     2  handlers.o(i.__scatterload_null)
    __scatterload_zeroinit                   0x080045f5   Thumb Code    14  handlers.o(i.__scatterload_zeroinit)
    fputc                                    0x08004759   Thumb Code    18  fputc.o(i.fputc)
    Region$$Table$$Base                      0x080048e8   Number         0  anon$$obj.o(Region$$Table)
    Region$$Table$$Limit                     0x08004908   Number         0  anon$$obj.o(Region$$Table)
    SystemCoreClock                          0x20000000   Data           4  system_stm32f10x.o(.data)
    AHBPrescTable                            0x20000004   Data          16  system_stm32f10x.o(.data)
    FlashDestination                         0x20000028   Data           4  common.o(.data)
    BlockNbr                                 0x2000002c   Data           4  common.o(.data)
    UserMemoryMask                           0x20000030   Data           4  common.o(.data)
    FlashProtection                          0x20000034   Data           4  common.o(.data)
    Jump_To_Application                      0x20000038   Data           4  common.o(.data)
    JumpAddress                              0x2000003c   Data           4  common.o(.data)
    uTimer3_Counter                          0x20000040   Data           4  sys_delay.o(.data)
    ucW5500_InitCTR                          0x20000044   Data           1  w5500.o(.data)
    S0_Mode                                  0x20000045   Data           1  w5500.o(.data)
    S0_State                                 0x20000046   Data           1  w5500.o(.data)
    Gateway_IP                               0x20000047   Data           4  w5500.o(.data)
    Sub_Mask                                 0x2000004b   Data           4  w5500.o(.data)
    Phy_Addr                                 0x2000004f   Data           6  w5500.o(.data)
    IP_Addr                                  0x20000055   Data           4  w5500.o(.data)
    S0_Port                                  0x20000059   Data           2  w5500.o(.data)
    S0_DIP                                   0x2000005b   Data           4  w5500.o(.data)
    S0_DPort                                 0x2000005f   Data           2  w5500.o(.data)
    UDP_DIPR                                 0x20000061   Data           4  w5500.o(.data)
    UDP_DPORT                                0x20000065   Data           2  w5500.o(.data)
    S0_Data                                  0x20000067   Data           1  w5500.o(.data)
    W5500_Interrupt                          0x20000068   Data           1  w5500.o(.data)
    cMaster_Address                          0x2000006c   Data           1  w5500_app.o(.data)
    ucZB_Version                             0x2000006d   Data          13  w5500_app.o(.data)
    wUp_grade                                0x2000007a   Data           2  w5500_app.o(.data)
    uFlashDestination                        0x2000007c   Data           4  w5500_app.o(.data)
    wPageSize                                0x20000080   Data           2  w5500_app.o(.data)
    wLED_Time_Mark                           0x20000082   Data           2  w5500_app.o(.data)
    FflashDestination                        0x20000084   Data           4  w5500_app.o(.data)
    WFLASHStatus                             0x20000088   Data           1  w5500_app.o(.data)
    ucW5500_Test_LRC                         0x20000089   Data           2  w5500_app.o(.data)
    ucWip                                    0x2000008c   Data           4  w5500_app.o(.data)
    ucFip                                    0x20000090   Data           4  w5500_app.o(.data)
    wNumber_Data                             0x20000094   Data           2  w5500_app.o(.data)
    wFlash_Page                              0x20000096   Data           2  w5500_app.o(.data)
    wSunPackage                              0x20000098   Data           2  w5500_app.o(.data)
    unACK_Answer                             0x2000009a   Data           6  w5500_app.o(.data)
    __stdout                                 0x200000a0   Data           4  stdout.o(.data)
    W5500_Rx_Buffer                          0x200000a4   Data         600  w5500.o(.bss)
    W5500_Tx_Buffer                          0x200002fc   Data         200  w5500.o(.bss)
    ucFlash_Rx_Buffer                        0x200003c4   Data        2048  w5500_app.o(.bss)
    __initial_sp                             0x20000fc8   Data           0  startup_stm32f10x_hd.o(STACK)



==============================================================================

Memory Map of the image

  Image Entry point : 0x08000131

  Load Region LR_IROM1 (Base: 0x08000000, Size: 0x000049ac, Max: 0x00010000, ABSOLUTE)

    Execution Region ER_IROM1 (Base: 0x08000000, Size: 0x00004908, Max: 0x00010000, ABSOLUTE)

    Base Addr    Size         Type   Attr      Idx    E Section Name        Object

    0x08000000   0x00000130   Data   RO          119    RESET               startup_stm32f10x_hd.o
    0x08000130   0x00000000   Code   RO          875  * .ARM.Collect$$$$00000000  mc_w.l(entry.o)
    0x08000130   0x00000004   Code   RO         1143    .ARM.Collect$$$$00000001  mc_w.l(entry2.o)
    0x08000134   0x00000004   Code   RO         1146    .ARM.Collect$$$$00000004  mc_w.l(entry5.o)
    0x08000138   0x00000000   Code   RO         1148    .ARM.Collect$$$$00000008  mc_w.l(entry7b.o)
    0x08000138   0x00000000   Code   RO         1150    .ARM.Collect$$$$0000000A  mc_w.l(entry8b.o)
    0x08000138   0x00000008   Code   RO         1151    .ARM.Collect$$$$0000000B  mc_w.l(entry9a.o)
    0x08000140   0x00000000   Code   RO         1153    .ARM.Collect$$$$0000000D  mc_w.l(entry10a.o)
    0x08000140   0x00000000   Code   RO         1155    .ARM.Collect$$$$0000000F  mc_w.l(entry11a.o)
    0x08000140   0x00000004   Code   RO         1144    .ARM.Collect$$$$00002712  mc_w.l(entry2.o)
    0x08000144   0x000001dc   Code   RO           17    .text               system_stm32f10x.o
    0x08000320   0x00000024   Code   RO          120    .text               startup_stm32f10x_hd.o
    0x08000344   0x000000dc   Code   RO          126    .text               misc.o
    0x08000420   0x0000011c   Code   RO          335    .text               stm32f10x_exti.o
    0x0800053c   0x000005bc   Code   RO          355    .text               stm32f10x_flash.o
    0x08000af8   0x00000358   Code   RO          395    .text               stm32f10x_gpio.o
    0x08000e50   0x00000040   Code   RO          435    .text               stm32f10x_iwdg.o
    0x08000e90   0x000003a4   Code   RO          475    .text               stm32f10x_rcc.o
    0x08001234   0x0000030c   Code   RO          537    .text               stm32f10x_spi.o
    0x08001540   0x00000e1a   Code   RO          557    .text               stm32f10x_tim.o
    0x0800235a   0x00000002   PAD
    0x0800235c   0x00000408   Code   RO          577    .text               stm32f10x_usart.o
    0x08002764   0x0000014c   Code   RO          617    .text               common.o
    0x080028b0   0x00000198   Code   RO          654    .text               main.o
    0x08002a48   0x00000018   Code   RO          700    .text               stm32f10x_it.o
    0x08002a60   0x000000e0   Code   RO          723    .text               sys_delay.o
    0x08002b40   0x0000007c   Code   RO          746    .text               usart.o
    0x08002bbc   0x00000a18   Code   RO          766    .text               w5500.o
    0x080035d4   0x00000864   Code   RO          793    .text               w5500_app.o
    0x08003e38   0x00000088   Code   RO          817    .text               led.o
    0x08003ec0   0x00000670   Code   RO          837    .text               flash_spi.o
    0x08004530   0x0000001e   Code   RO          857    .text               iwdg.o
    0x0800454e   0x00000024   Code   RO          878    .text               mc_w.l(memcpya.o)
    0x08004572   0x0000002c   Code   RO         1160    .text               mc_w.l(uidiv.o)
    0x0800459e   0x00000002   PAD
    0x080045a0   0x00000024   Code   RO         1175    .text               mc_w.l(init.o)
    0x080045c4   0x00000000   Code   RO         1177    .text               mc_w.l(semi.o)
    0x080045c4   0x00000000   Code   RO         1184    .text               mc_w.l(iusesemip.o)
    0x080045c4   0x00000020   Code   RO          927    i.__0printf$1       mc_w.l(printf1.o)
    0x080045e4   0x0000000e   Code   RO         1189    i.__scatterload_copy  mc_w.l(handlers.o)
    0x080045f2   0x00000002   Code   RO         1190    i.__scatterload_null  mc_w.l(handlers.o)
    0x080045f4   0x0000000e   Code   RO         1191    i.__scatterload_zeroinit  mc_w.l(handlers.o)
    0x08004602   0x00000002   PAD
    0x08004604   0x00000154   Code   RO          934    i._printf_core      mc_w.l(printf1.o)
    0x08004758   0x00000012   Code   RO         1157    i.fputc             mc_w.l(fputc.o)
    0x0800476a   0x00000002   PAD
    0x0800476c   0x0000017c   Data   RO          655    .constdata          main.o
    0x080048e8   0x00000020   Data   RO         1187    Region$$Table       anon$$obj.o


    Execution Region RW_IRAM1 (Base: 0x20000000, Size: 0x00000fc8, Max: 0x00010000, ABSOLUTE)

    Base Addr    Size         Type   Attr      Idx    E Section Name        Object

    0x20000000   0x00000014   Data   RW           18    .data               system_stm32f10x.o
    0x20000014   0x00000014   Data   RW          476    .data               stm32f10x_rcc.o
    0x20000028   0x00000018   Data   RW          618    .data               common.o
    0x20000040   0x00000004   Data   RW          724    .data               sys_delay.o
    0x20000044   0x00000025   Data   RW          768    .data               w5500.o
    0x20000069   0x00000003   PAD
    0x2000006c   0x00000034   Data   RW          795    .data               w5500_app.o
    0x200000a0   0x00000004   Data   RW         1159    .data               mc_w.l(stdout.o)
    0x200000a4   0x00000320   Zero   RW          767    .bss                w5500.o
    0x200003c4   0x00000800   Zero   RW          794    .bss                w5500_app.o
    0x20000bc4   0x00000004   PAD
    0x20000bc8   0x00000400   Zero   RW          117    STACK               startup_stm32f10x_hd.o


==============================================================================

Image component sizes


      Code (inc. data)   RO Data    RW Data    ZI Data      Debug   Object Name

       332         98          0         24          0      24445   common.o
         0          0          0          0          0       4248   core_cm3.o
      1648        170          0          0          0       5626   flash_spi.o
        30          0          0          0          0        434   iwdg.o
       136         10          0          0          0        818   led.o
       408         90        380          0          0       5920   main.o
       220         20          0          0          0     208573   misc.o
        36          8        304          0       1024        756   startup_stm32f10x_hd.o
       284         10          0          0          0       2131   stm32f10x_exti.o
      1468         34          0          0          0       7930   stm32f10x_flash.o
       856         40          0          0          0       5541   stm32f10x_gpio.o
        24          0          0          0          0       1090   stm32f10x_it.o
        64          6          0          0          0       1221   stm32f10x_iwdg.o
       932         44          0         20          0       8676   stm32f10x_rcc.o
       780         14          0          0          0       6422   stm32f10x_spi.o
      3610         88          0          0          0      22028   stm32f10x_tim.o
      1032         22          0          0          0       8264   stm32f10x_usart.o
       224         14          0          4          0       1748   sys_delay.o
       476         36          0         20          0      58335   system_stm32f10x.o
       124         10          0          0          0        558   usart.o
      2584         96          0         37        800      11382   w5500.o
      2148        154          0         52       2048       5050   w5500_app.o

    ----------------------------------------------------------------------
     17418        964        716        160       3876     391196   Object Totals
         0          0         32          0          0          0   (incl. Generated)
         2          0          0          3          4          0   (incl. Padding)

    ----------------------------------------------------------------------

      Code (inc. data)   RO Data    RW Data    ZI Data      Debug   Library Member Name

         0          0          0          0          0          0   entry.o
         0          0          0          0          0          0   entry10a.o
         0          0          0          0          0          0   entry11a.o
         8          4          0          0          0          0   entry2.o
         4          0          0          0          0          0   entry5.o
         0          0          0          0          0          0   entry7b.o
         0          0          0          0          0          0   entry8b.o
         8          4          0          0          0          0   entry9a.o
        18          0          0          0          0         80   fputc.o
        30          0          0          0          0          0   handlers.o
        36          8          0          0          0         68   init.o
         0          0          0          0          0          0   iusesemip.o
        36          0          0          0          0         68   memcpya.o
       372         16          0          0          0        180   printf1.o
         0          0          0          0          0          0   semi.o
         0          0          0          4          0          0   stdout.o
        44          0          0          0          0         80   uidiv.o

    ----------------------------------------------------------------------
       562         32          0          4          0        476   Library Totals
         6          0          0          0          0          0   (incl. Padding)

    ----------------------------------------------------------------------

      Code (inc. data)   RO Data    RW Data    ZI Data      Debug   Library Name

       556         32          0          4          0        476   mc_w.l

    ----------------------------------------------------------------------
       562         32          0          4          0        476   Library Totals

    ----------------------------------------------------------------------

==============================================================================


      Code (inc. data)   RO Data    RW Data    ZI Data      Debug   

     17980        996        716        164       3876     389488   Grand Totals
     17980        996        716        164       3876     389488   ELF Image Totals
     17980        996        716        164          0          0   ROM Totals

==============================================================================

    Total RO  Size (Code + RO Data)                18696 (  18.26kB)
    Total RW  Size (RW Data + ZI Data)              4040 (   3.95kB)
    Total ROM Size (Code + RO Data + RW Data)      18860 (  18.42kB)

==============================================================================

