<html>
<body>
<pre>
<h1>礦ision Build Log</h1>
<h2>Tool Versions:</h2>
IDE-Version: μVision V5.24.2.0
Copyright (C) 2017 ARM Ltd and ARM Germany GmbH. All rights reserved.
License Information: xx xx, xx, LIC=LSNGK-ZRQCK-BQB0K-Z117B-Z9PMX-7MGUA
 
Tool Versions:
Toolchain:       MDK-ARM Plus  Version: 5.24.1
Toolchain Path:  C:\Keil_v5\ARM\ARMCC\Bin
C Compiler:      Armcc.exe V5.06 update 5 (build 528)
Assembler:       Armasm.exe V5.06 update 5 (build 528)
Linker/Locator:  ArmLink.exe V5.06 update 5 (build 528)
Library Manager: ArmAr.exe V5.06 update 5 (build 528)
Hex Converter:   FromElf.exe V5.06 update 5 (build 528)
CPU DLL:         SARMCM3.DLL V5.24.1
Dialog DLL:      DARMSTM.DLL V1.68.0.0
Target DLL:      UL2CM3.DLL V1.160.3.0
Dialog DLL:      TARMSTM.DLL V1.66.0.0
 
<h2>Project:</h2>
D:\相旭\新仪表\20171120\单机添加握手加密和心跳指令\添加看门狗\HFZ_4Y_Test_制动20171013_V1.2\HFZ_4Y_Test.uvprojx
Project File Date:  06/12/2018

<h2>Output:</h2>
*** Using Compiler 'V5.06 update 5 (build 528)', folder: 'C:\Keil_v5\ARM\ARMCC\Bin'
Build target 'HFZ_4Y_Test'
compiling user_app.c...
user\user_app.c(1632): warning:  #177-D: variable "fl32ADSum_Channen1"  was declared but never referenced
  		float	fl32ADSum_Channen1 = 0.0,
user\user_app.c(1633): warning:  #177-D: variable "fl32ADSum_Channen2"  was declared but never referenced
  						fl32ADSum_Channen2 = 0.0,
user\user_app.c(2201): warning:  #177-D: variable "u16Brake_LeftBefor"  was declared but never referenced
  									u16Brake_LeftBefor=0,
user\user_app.c(2202): warning:  #177-D: variable "u16Brake_RightBefor"  was declared but never referenced
  									u16Brake_RightBefor=0,															//前一次制动力数据
user\user_app.c(2700): warning:  #177-D: variable "u16Brake_LeftBefor"  was declared but never referenced
  									u16Brake_LeftBefor=0,
user\user_app.c(2701): warning:  #177-D: variable "u16Brake_RightBefor"  was declared but never referenced
  									u16Brake_RightBefor=0,															//前一次制动力数据
user\user_app.c(3771): warning:  #177-D: variable "u16Brake_LeftBefor"  was declared but never referenced
  									u16Brake_LeftBefor=0,
user\user_app.c(3772): warning:  #177-D: variable "u16Brake_RightBefor"  was declared but never referenced
  									u16Brake_RightBefor=0,															//前一次制动力数据
user\user_app.c: 8 warnings, 0 errors
linking...
Program Size: Code=114128 RO-data=9004 RW-data=544 ZI-data=42456  
FromELF: creating hex file...
After Build - User command #1: C:\Keil_v5\ARM\ARMCC\bin\fromelf.exe --bin -o D:\相旭\新仪表\20171120\单机添加握手加密和心跳指令\添加看门狗\HFZ_4Y_Test_制动20171013_V1.2\OUTPUT\HFZ_4Y_Test.bin D:\相旭\新仪表\20171120\单机添加握手加密和心跳指令\添加看门狗\HFZ_4Y_Test_制动20171013_V1.2\OUTPUT\HFZ_4Y_Test.axf
".\OUTPUT\HFZ_4Y_Test.axf" - 0 Error(s), 8 Warning(s).

<h2>Software Packages used:</h2>

Package Vendor: ARM
                http://www.keil.com/pack/ARM.CMSIS.5.0.1.pack
                ARM.CMSIS.5.0.1
                CMSIS (Cortex Microcontroller Software Interface Standard)
   * Component: CORE Version: 5.0.1

Package Vendor: Keil
                http://www.keil.com/pack/Keil.STM32F1xx_DFP.2.2.0.pack
                Keil.STM32F1xx_DFP.2.2.0
                STMicroelectronics STM32F1 Series Device Support, Drivers and Examples

<h2>Collection of Component include folders:</h2>
  .\RTE\_HFZ_4Y_Test
  C:\Keil_v5\ARM\PACK\ARM\CMSIS\5.0.1\CMSIS\Include
  C:\Keil_v5\ARM\PACK\Keil\STM32F1xx_DFP\2.2.0\Device\Include

<h2>Collection of Component Files used:</h2>

   * Component: ARM::CMSIS:CORE:5.0.1
Build Time Elapsed:  00:00:03
</pre>
</body>
</html>
